Component: ARM Compiler 5.06 update 6 (build 750) Tool: armlink [4d35ed]

==============================================================================

Section Cross References

    main.o(i.GPIO_ConfigAN) refers to stm32l4xx_hal_gpio.o(i.HAL_GPIO_Init) for HAL_GPIO_Init
    main.o(i.HAL_TIM_PeriodElapsedCallback) refers to stm32l4xx_hal.o(i.HAL_IncTick) for HAL_IncTick
    main.o(i.PostSleepProcessing) refers to main.o(i.SystemClock_Config) for SystemClock_Config
    main.o(i.PostSleepProcessing) refers to stm32l4xx_hal_timebase_tim.o(i.HAL_ResumeTick) for HAL_ResumeTick
    main.o(i.PreSleepProcessing) refers to main.o(i.GPIO_ConfigAN) for GPIO_ConfigAN
    main.o(i.PreSleepProcessing) refers to stm32l4xx_hal_rtc_ex.o(i.HAL_RTCEx_DeactivateWakeUpTimer) for HAL_RTCEx_DeactivateWakeUpTimer
    main.o(i.PreSleepProcessing) refers to stm32l4xx_hal_rtc_ex.o(i.HAL_RTCEx_SetWakeUpTimer_IT) for HAL_RTCEx_SetWakeUpTimer_IT
    main.o(i.PreSleepProcessing) refers to stm32l4xx_hal_timebase_tim.o(i.HAL_SuspendTick) for HAL_SuspendTick
    main.o(i.PreSleepProcessing) refers to stm32l4xx_hal_pwr.o(i.HAL_PWR_EnterSTANDBYMode) for HAL_PWR_EnterSTANDBYMode
    main.o(i.PreSleepProcessing) refers to bsp_cpu_rtc.o(.bss) for RtcHandle
    main.o(i.PreSleepProcessing) refers to main.o(.bss) for .bss
    main.o(i.PreSleepProcessing) refers to main.o(.data) for .data
    main.o(i.StartDefaultTask) refers to bsp_lmt01.o(i.LMT01_GET_VALUE) for LMT01_GET_VALUE
    main.o(i.StartDefaultTask) refers to cmsis_os2.o(i.osDelay) for osDelay
    main.o(i.StartDefaultTask) refers to bsp_led.o(i.bsp_LedToggle) for bsp_LedToggle
    main.o(i.StartDefaultTask) refers to bsp_spi_ad7682.o(i.StopSample) for StopSample
    main.o(i.StartDefaultTask) refers to stm32l4xx_hal_cortex.o(i.HAL_NVIC_DisableIRQ) for HAL_NVIC_DisableIRQ
    main.o(i.StartDefaultTask) refers to cmsis_os2.o(i.osThreadSuspend) for osThreadSuspend
    main.o(i.StartDefaultTask) refers to main.o(.bss) for .bss
    main.o(i.StartDefaultTask) refers to main.o(.data) for .data
    main.o(i.SystemClock_Config) refers to memseta.o(.text) for __aeabi_memclr4
    main.o(i.SystemClock_Config) refers to stm32l4xx_hal_pwr_ex.o(i.HAL_PWREx_ControlVoltageScaling) for HAL_PWREx_ControlVoltageScaling
    main.o(i.SystemClock_Config) refers to main.o(i.Error_Handler) for Error_Handler
    main.o(i.SystemClock_Config) refers to stm32l4xx_hal_rcc.o(i.HAL_RCC_OscConfig) for HAL_RCC_OscConfig
    main.o(i.SystemClock_Config) refers to stm32l4xx_hal_rcc.o(i.HAL_RCC_ClockConfig) for HAL_RCC_ClockConfig
    main.o(i.SystemClock_Config) refers to stm32l4xx_hal_rcc_ex.o(i.HAL_RCCEx_PeriphCLKConfig) for HAL_RCCEx_PeriphCLKConfig
    main.o(i.SystemClock_Config_copy) refers to memseta.o(.text) for __aeabi_memclr4
    main.o(i.SystemClock_Config_copy) refers to stm32l4xx_hal_pwr_ex.o(i.HAL_PWREx_ControlVoltageScaling) for HAL_PWREx_ControlVoltageScaling
    main.o(i.SystemClock_Config_copy) refers to main.o(i.Error_Handler) for Error_Handler
    main.o(i.SystemClock_Config_copy) refers to stm32l4xx_hal_rcc.o(i.HAL_RCC_OscConfig) for HAL_RCC_OscConfig
    main.o(i.SystemClock_Config_copy) refers to stm32l4xx_hal_rcc.o(i.HAL_RCC_ClockConfig) for HAL_RCC_ClockConfig
    main.o(i.SystemClock_Config_copy) refers to stm32l4xx_hal_rcc_ex.o(i.HAL_RCCEx_PeriphCLKConfig) for HAL_RCCEx_PeriphCLKConfig
    main.o(i.main) refers to stm32l4xx_hal.o(i.HAL_Init) for HAL_Init
    main.o(i.main) refers to main.o(i.SystemClock_Config) for SystemClock_Config
    main.o(i.main) refers to bsp.o(i.bsp_Init) for bsp_Init
    main.o(i.main) refers to cmsis_os2.o(i.osKernelInitialize) for osKernelInitialize
    main.o(i.main) refers to cmsis_os2.o(i.osSemaphoreNew) for osSemaphoreNew
    main.o(i.main) refers to cmsis_os2.o(i.osThreadNew) for osThreadNew
    main.o(i.main) refers to cmsis_os2.o(i.osKernelStart) for osKernelStart
    main.o(i.main) refers to main.o(.bss) for .bss
    main.o(i.main) refers to main.o(.constdata) for .constdata
    main.o(i.main) refers to main.o(.data) for .data
    main.o(i.main) refers to main.o(i.StartDefaultTask) for StartDefaultTask
    main.o(i.main) refers to dateprocesstask.o(i.DataProcessFunction) for DataProcessFunction
    main.o(i.main) refers to rxdbufprocesstask.o(i.RxdBufProcessFunction) for RxdBufProcessFunction
    main.o(i.main) refers to dataemutask.o(i.DataEmuFunction) for DataEmuFunction
    main.o(i.main) refers to esp32processtask.o(i.Esp32ProcessFunction) for Esp32ProcessFunction
    main.o(.constdata) refers to main.o(.conststring) for .conststring
    main.o(.constdata) refers to main.o(.bss) for myBinarySem01ControlBlock
    dateprocesstask.o(i.DataProcessFunction) refers to cmsis_os2.o(i.osDelay) for osDelay
    dateprocesstask.o(i.DataProcessFunction) refers to bsp_spi_ad7682.o(i.StartSample) for StartSample
    dateprocesstask.o(i.DataProcessFunction) refers to stm32l4xx_hal.o(i.HAL_Delay) for HAL_Delay
[...]
    integ_init                               0x0802b389   Thumb Code   788  double_integral.o(i.integ_init)
    isTelComplete                            0x0802b6dd   Thumb Code    74  rxdbufprocesstask.o(i.isTelComplete)
    isVaildTel                               0x0802b731   Thumb Code    46  rxdbufprocesstask.o(i.isVaildTel)
    leftRxdTel                               0x0802b7ad   Thumb Code    50  rxdbufprocesstask.o(i.leftRxdTel)
    loadConfig                               0x0802b7e9   Thumb Code    64  bsp_flash.o(i.loadConfig)
    main                                     0x0802b831   Thumb Code   432  main.o(i.main)
    osDelay                                  0x0802ba11   Thumb Code    50  cmsis_os2.o(i.osDelay)
    osKernelInitialize                       0x0802ba49   Thumb Code    50  cmsis_os2.o(i.osKernelInitialize)
    osKernelStart                            0x0802ba81   Thumb Code    58  cmsis_os2.o(i.osKernelStart)
    osSemaphoreAcquire                       0x0802bac1   Thumb Code   120  cmsis_os2.o(i.osSemaphoreAcquire)
    osSemaphoreNew                           0x0802bb41   Thumb Code   206  cmsis_os2.o(i.osSemaphoreNew)
    osSemaphoreRelease                       0x0802bc15   Thumb Code   106  cmsis_os2.o(i.osSemaphoreRelease)
    osThreadNew                              0x0802bc89   Thumb Code   218  cmsis_os2.o(i.osThreadNew)
    osThreadSuspend                          0x0802bd69   Thumb Code    54  cmsis_os2.o(i.osThreadSuspend)
    pvPortMalloc                             0x0802c61d   Thumb Code   218  heap_4.o(i.pvPortMalloc)
    pvTaskIncrementMutexHeldCount            0x0802c701   Thumb Code    20  tasks.o(i.pvTaskIncrementMutexHeldCount)
    pxPortInitialiseStack                    0x0802c719   Thumb Code    38  port.o(i.pxPortInitialiseStack)
    reply_complete_iap                       0x0802c745   Thumb Code    54  rxdbufprocesstask.o(i.reply_complete_iap)
    reply_requie_contioue_iap                0x0802c785   Thumb Code    54  rxdbufprocesstask.o(i.reply_requie_contioue_iap)
    reply_requie_contioue_iap_data           0x0802c7c5   Thumb Code    44  rxdbufprocesstask.o(i.reply_requie_contioue_iap_data)
    reply_shut_iap                           0x0802c7f9   Thumb Code    54  rxdbufprocesstask.o(i.reply_shut_iap)
    reply_stop_iap_data                      0x0802c839   Thumb Code    44  rxdbufprocesstask.o(i.reply_stop_iap_data)
    rule_check                               0x0802c86d   Thumb Code   424  dataemutask.o(i.rule_check)
    saveConfig                               0x0802ca29   Thumb Code    34  bsp_flash.o(i.saveConfig)
    software_reset                           0x0802ca59   Thumb Code    28  main.o(i.software_reset)
    sqrt                                     0x0802ca7d   Thumb Code   110  sqrt.o(i.sqrt)
    sumofRxdBuf                              0x0802caed   Thumb Code    38  rxdbufprocesstask.o(i.sumofRxdBuf)
    test_rtc                                 0x0802cb19   Thumb Code   100  rxdbufprocesstask.o(i.test_rtc)
    uxListRemove                             0x0802cb8d   Thumb Code    38  list.o(i.uxListRemove)
    vApplicationGetIdleTaskMemory            0x0802cbb5   Thumb Code    16  cmsis_os2.o(i.vApplicationGetIdleTaskMemory)
    vApplicationGetTimerTaskMemory           0x0802cbc9   Thumb Code    18  cmsis_os2.o(i.vApplicationGetTimerTaskMemory)
    vListInitialise                          0x0802cbe1   Thumb Code    22  list.o(i.vListInitialise)
    vListInitialiseItem                      0x0802cbf7   Thumb Code     6  list.o(i.vListInitialiseItem)
    vListInsert                              0x0802cbfd   Thumb Code    54  list.o(i.vListInsert)
    vListInsertEnd                           0x0802cc33   Thumb Code    24  list.o(i.vListInsertEnd)
    vPortEnterCritical                       0x0802cc4d   Thumb Code    54  port.o(i.vPortEnterCritical)
    vPortExitCritical                        0x0802cc8d   Thumb Code    38  port.o(i.vPortExitCritical)
    vPortFree                                0x0802ccb9   Thumb Code    88  heap_4.o(i.vPortFree)
    vPortSetupTimerInterrupt                 0x0802cd15   Thumb Code    64  port.o(i.vPortSetupTimerInterrupt)
    vPortSuppressTicksAndSleep               0x0802cd5d   Thumb Code   244  port.o(i.vPortSuppressTicksAndSleep)
    vPortValidateInterruptPriority           0x0802ce55   Thumb Code    74  port.o(i.vPortValidateInterruptPriority)
    vQueueAddToRegistry                      0x0802cea9   Thumb Code    34  queue.o(i.vQueueAddToRegistry)
    vQueueDelete                             0x0802ced1   Thumb Code    50  queue.o(i.vQueueDelete)
    vQueueUnregisterQueue                    0x0802cf05   Thumb Code    36  queue.o(i.vQueueUnregisterQueue)
    vQueueWaitForMessageRestricted           0x0802cf2d   Thumb Code    74  queue.o(i.vQueueWaitForMessageRestricted)
    vTaskDelay                               0x0802cf79   Thumb Code    70  tasks.o(i.vTaskDelay)
    vTaskInternalSetTimeOutState             0x0802cfc9   Thumb Code    12  tasks.o(i.vTaskInternalSetTimeOutState)
    vTaskMissedYield                         0x0802cfd9   Thumb Code     8  tasks.o(i.vTaskMissedYield)
    vTaskPlaceOnEventList                    0x0802cfe5   Thumb Code    48  tasks.o(i.vTaskPlaceOnEventList)
    vTaskPlaceOnEventListRestricted          0x0802d019   Thumb Code    54  tasks.o(i.vTaskPlaceOnEventListRestricted)
    vTaskPriorityDisinheritAfterTimeout      0x0802d055   Thumb Code   138  tasks.o(i.vTaskPriorityDisinheritAfterTimeout)
    vTaskStartScheduler                      0x0802d0e9   Thumb Code   128  tasks.o(i.vTaskStartScheduler)
    vTaskStepTick                            0x0802d179   Thumb Code    36  tasks.o(i.vTaskStepTick)
    vTaskSuspend                             0x0802d1a1   Thumb Code   144  tasks.o(i.vTaskSuspend)
    vTaskSuspendAll                          0x0802d23d   Thumb Code    10  tasks.o(i.vTaskSuspendAll)
    vTaskSwitchContext                       0x0802d24d   Thumb Code   100  tasks.o(i.vTaskSwitchContext)
    xPortStartScheduler                      0x0802d2b9   Thumb Code   232  port.o(i.xPortStartScheduler)
    xQueueCreateCountingSemaphore            0x0802d3bd   Thumb Code    60  queue.o(i.xQueueCreateCountingSemaphore)
    xQueueCreateCountingSemaphoreStatic      0x0802d3f9   Thumb Code    66  queue.o(i.xQueueCreateCountingSemaphoreStatic)
    xQueueGenericCreate                      0x0802d43b   Thumb Code    74  queue.o(i.xQueueGenericCreate)
    xQueueGenericCreateStatic                0x0802d485   Thumb Code   112  queue.o(i.xQueueGenericCreateStatic)
    xQueueGenericReset                       0x0802d4f5   Thumb Code   138  queue.o(i.xQueueGenericReset)
    xQueueGenericSend                        0x0802d585   Thumb Code   362  queue.o(i.xQueueGenericSend)
    xQueueGenericSendFromISR                 0x0802d6f5   Thumb Code   188  queue.o(i.xQueueGenericSendFromISR)
    xQueueGiveFromISR                        0x0802d7b1   Thumb Code   160  queue.o(i.xQueueGiveFromISR)
    xQueueReceive                            0x0802d851   Thumb Code   322  queue.o(i.xQueueReceive)
    xQueueReceiveFromISR                     0x0802d999   Thumb Code   154  queue.o(i.xQueueReceiveFromISR)
    xQueueSemaphoreTake                      0x0802da35   Thumb Code   382  queue.o(i.xQueueSemaphoreTake)
    xTaskCheckForTimeOut                     0x0802dbb9   Thumb Code   122  tasks.o(i.xTaskCheckForTimeOut)
    xTaskCreate                              0x0802dc39   Thumb Code   108  tasks.o(i.xTaskCreate)
    xTaskCreateStatic                        0x0802dcab   Thumb Code    96  tasks.o(i.xTaskCreateStatic)
    xTaskGetSchedulerState                   0x0802dd0d   Thumb Code    24  tasks.o(i.xTaskGetSchedulerState)
    xTaskGetTickCount                        0x0802dd29   Thumb Code     6  tasks.o(i.xTaskGetTickCount)
    xTaskIncrementTick                       0x0802dd35   Thumb Code   194  tasks.o(i.xTaskIncrementTick)
    xTaskPriorityDisinherit                  0x0802de01   Thumb Code   118  tasks.o(i.xTaskPriorityDisinherit)
    xTaskPriorityInherit                     0x0802de81   Thumb Code   118  tasks.o(i.xTaskPriorityInherit)
    xTaskRemoveFromEventList                 0x0802df01   Thumb Code   112  tasks.o(i.xTaskRemoveFromEventList)
    xTaskResumeAll                           0x0802df7d   Thumb Code   190  tasks.o(i.xTaskResumeAll)
    xTimerCreateTimerTask                    0x0802e049   Thumb Code    86  timers.o(i.xTimerCreateTimerTask)
    xTimerGenericCommand                     0x0802e0b1   Thumb Code   112  timers.o(i.xTimerGenericCommand)
    ADfrequence                              0x0802e208   Data          16  dateprocesstask.o(.constdata)
    IIRCoeffs16384_1600HP                    0x0802e228   Data          40  dataemutask.o(.constdata)
    IIRCoeffs8192_1600HP                     0x0802e250   Data          40  dataemutask.o(.constdata)
    IIRCoeffs4096_1600HP                     0x0802e278   Data          40  dataemutask.o(.constdata)
    IIRCoeffs16384_1000_6000BP               0x0802e2a0   Data          40  dataemutask.o(.constdata)
    IIRCoeffs16384_1000LP                    0x0802e2c8   Data          40  dataemutask.o(.constdata)
    ad7682_ch_queue                          0x0802e2f0   Data          24  bsp_spi_ad7682.o(.constdata)
    ad7682_ch_data_queue                     0x0802e308   Data          24  bsp_spi_ad7682.o(.constdata)
    AHBPrescTable                            0x0802e33c   Data          16  system_stm32l4xx.o(.constdata)
    MSIRangeTable                            0x0802e34c   Data          48  system_stm32l4xx.o(.constdata)
    APBPrescTable                            0x0802e37c   Data           8  system_stm32l4xx.o(.constdata)
    __mathlib_zero                           0x0802e410   Data           8  qnan.o(.constdata)
    armBitRevIndexTable1024                  0x0802e46a   Data        3600  arm_common_tables.o(.rodata.armBitRevIndexTable1024)
    armBitRevIndexTable128                   0x0802f27a   Data         416  arm_common_tables.o(.rodata.armBitRevIndexTable128)
    armBitRevIndexTable16                    0x0802f41a   Data          40  arm_common_tables.o(.rodata.armBitRevIndexTable16)
    armBitRevIndexTable2048                  0x0802f442   Data        7616  arm_common_tables.o(.rodata.armBitRevIndexTable2048)
    armBitRevIndexTable256                   0x08031202   Data         880  arm_common_tables.o(.rodata.armBitRevIndexTable256)
    armBitRevIndexTable32                    0x08031572   Data          96  arm_common_tables.o(.rodata.armBitRevIndexTable32)
    armBitRevIndexTable4096                  0x080315d2   Data        8064  arm_common_tables.o(.rodata.armBitRevIndexTable4096)
    armBitRevIndexTable512                   0x08033552   Data         896  arm_common_tables.o(.rodata.armBitRevIndexTable512)
    armBitRevIndexTable64                    0x080338d2   Data         112  arm_common_tables.o(.rodata.armBitRevIndexTable64)
    arm_cfft_sR_f32_len1024                  0x08033944   Data          16  arm_const_structs.o(.rodata.arm_cfft_sR_f32_len1024)
    arm_cfft_sR_f32_len128                   0x08033954   Data          16  arm_const_structs.o(.rodata.arm_cfft_sR_f32_len128)
    arm_cfft_sR_f32_len16                    0x08033964   Data          16  arm_const_structs.o(.rodata.arm_cfft_sR_f32_len16)
    arm_cfft_sR_f32_len2048                  0x08033974   Data          16  arm_const_structs.o(.rodata.arm_cfft_sR_f32_len2048)
    arm_cfft_sR_f32_len256                   0x08033984   Data          16  arm_const_structs.o(.rodata.arm_cfft_sR_f32_len256)
    arm_cfft_sR_f32_len32                    0x08033994   Data          16  arm_const_structs.o(.rodata.arm_cfft_sR_f32_len32)
    arm_cfft_sR_f32_len4096                  0x080339a4   Data          16  arm_const_structs.o(.rodata.arm_cfft_sR_f32_len4096)
    arm_cfft_sR_f32_len512                   0x080339b4   Data          16  arm_const_structs.o(.rodata.arm_cfft_sR_f32_len512)
    arm_cfft_sR_f32_len64                    0x080339c4   Data          16  arm_const_structs.o(.rodata.arm_cfft_sR_f32_len64)
    twiddleCoef_1024                         0x080339d4   Data        8192  arm_common_tables.o(.rodata.twiddleCoef_1024)
    twiddleCoef_128                          0x080359d4   Data        1024  arm_common_tables.o(.rodata.twiddleCoef_128)
    twiddleCoef_16                           0x08035dd4   Data         128  arm_common_tables.o(.rodata.twiddleCoef_16)
    twiddleCoef_2048                         0x08035e54   Data       16384  arm_common_tables.o(.rodata.twiddleCoef_2048)
    twiddleCoef_256                          0x08039e54   Data        2048  arm_common_tables.o(.rodata.twiddleCoef_256)
    twiddleCoef_32                           0x0803a654   Data         256  arm_common_tables.o(.rodata.twiddleCoef_32)
    twiddleCoef_4096                         0x0803a754   Data       32768  arm_common_tables.o(.rodata.twiddleCoef_4096)
    twiddleCoef_512                          0x08042754   Data        4096  arm_common_tables.o(.rodata.twiddleCoef_512)
    twiddleCoef_64                           0x08043754   Data         512  arm_common_tables.o(.rodata.twiddleCoef_64)
    Region$$Table$$Base                      0x08043954   Number         0  anon$$obj.o(Region$$Table)
    Region$$Table$$Limit                     0x08043974   Number         0  anon$$obj.o(Region$$Table)
    sleepcounter                             0x20000000   Data           4  main.o(.data)
    defaultTaskHandle                        0x20000004   Data           4  main.o(.data)
    DateProcessHandle                        0x20000008   Data           4  main.o(.data)
    DateEmuHandle                            0x2000000c   Data           4  main.o(.data)
    RxdBufProcessHandle                      0x20000010   Data           4  main.o(.data)
    Esp32ProcessHandle                       0x20000014   Data           4  main.o(.data)
    ad7682_readyHandle                       0x20000018   Data           4  main.o(.data)
    seconds_sample_data_readyHandle          0x2000001c   Data           4  main.o(.data)
    write_data_readyHandle                   0x20000020   Data           4  main.o(.data)
    config                                   0x20000028   Data        3080  main.o(.data)
    FirstBlood                               0x20000c30   Data           1  dateprocesstask.o(.data)
    currentSAMPLEblock                       0x20000c34   Data           4  dateprocesstask.o(.data)
    halfref                                  0x20000c38   Data           4  dateprocesstask.o(.data)
    ActualIndex                              0x20000c3c   Data           4  dateprocesstask.o(.data)
    ActualSampleCH                           0x20000c40   Data           4  dateprocesstask.o(.data)
    WaritSignalCounter                       0x20000c48   Data           4  dataemutask.o(.data)
    timetest                                 0x20000c4c   Data           4  dataemutask.o(.data)
    WaitTransmissionModeCounter              0x20000c50   Data           4  dataemutask.o(.data)
    fftSize                                  0x20000c58   Data           4  dataemutask.o(.data)
    ifftFlag                                 0x20000c5c   Data           4  dataemutask.o(.data)
    Requirdperiodwave_tRTC                   0x20000c60   Data           8  dataemutask.o(.data)
    PT_Temp                                  0x20000c68   Data           8  dataemutask.o(.data)
    receive_iap_pack_index                   0x20000c70   Data           1  rxdbufprocesstask.o(.data)
    RxdBytes                                 0x20000c72   Data           2  rxdbufprocesstask.o(.data)
    esp32_ready                              0x20000c74   Data           2  rxdbufprocesstask.o(.data)
    WifiConnectedFlag                        0x20000c76   Data           2  rxdbufprocesstask.o(.data)
    WifiDisconnectedFlag                     0x20000c78   Data           2  rxdbufprocesstask.o(.data)
    CmdBufLength                             0x20000c7c   Data           2  rxdbufprocesstask.o(.data)
    interscale                               0x20000c80   Data           4  rxdbufprocesstask.o(.data)
    receive_iap_data_length                  0x20000c84   Data           4  rxdbufprocesstask.o(.data)
    erase_data_length                        0x20000c88   Data           4  rxdbufprocesstask.o(.data)
    lastcounter                              0x20000c8c   Data           4  rxdbufprocesstask.o(.data)
    errorcounter                             0x20000c90   Data           4  rxdbufprocesstask.o(.data)
    rightcounter                             0x20000c94   Data           4  rxdbufprocesstask.o(.data)
    datareadyprocess                         0x20000ca0   Data           1  bsp_spi_ad7682.o(.data)
    next_ch                                  0x20000ca2   Data           2  bsp_spi_ad7682.o(.data)
    ad7682_cfg                               0x20000ca4   Data           2  bsp_spi_ad7682.o(.data)
    cur_ad_ch                                0x20000ca6   Data           2  bsp_spi_ad7682.o(.data)
    cur_ad_index                             0x20000ca8   Data           4  bsp_spi_ad7682.o(.data)
    CurrentAD7682DataCounter                 0x20000cac   Data           4  bsp_spi_ad7682.o(.data)
    g_tRTC                                   0x20000cb0   Data           8  bsp_cpu_rtc.o(.data)
    HeadIndex                                0x20000cb8   Data           1  bsp_esp32.o(.data)
    TailIndex                                0x20000cb9   Data           1  bsp_esp32.o(.data)
    RxdBufHeadIndex                          0x20000cba   Data           2  bsp_esp32.o(.data)
    RxdBufTailIndex                          0x20000cbc   Data           2  bsp_esp32.o(.data)
    FirstPage                                0x20000cc0   Data           4  bsp_flash.o(.data)
    NbOfPages                                0x20000cc4   Data           4  bsp_flash.o(.data)
    BankNumber                               0x20000cc8   Data           4  bsp_flash.o(.data)
    Address                                  0x20000ccc   Data           4  bsp_flash.o(.data)
    PAGEError                                0x20000cd0   Data           4  bsp_flash.o(.data)
    llength                                  0x20000cd4   Data           4  bsp_flash.o(.data)
    LMT01_RUN_COUNTER                        0x20000cd8   Data           4  bsp_lmt01.o(.data)
    LMT01_TEMP_CNT                           0x20000cdc   Data           4  bsp_lmt01.o(.data)
    LMT01_TEMP_VALUE                         0x20000ce0   Data           4  bsp_lmt01.o(.data)
    LMT01_PULSE_WIDTH                        0x20000ce4   Data           4  bsp_lmt01.o(.data)
    uwTickPrio                               0x20000ce8   Data           4  stm32l4xx_hal.o(.data)
    uwTickFreq                               0x20000cec   Data           4  stm32l4xx_hal.o(.data)
    uwTick                                   0x20000cf0   Data           4  stm32l4xx_hal.o(.data)
    pFlash                                   0x20000cf4   Data          32  stm32l4xx_hal_flash.o(.data)
    SystemCoreClock                          0x20000d14   Data           4  system_stm32l4xx.o(.data)
    pxCurrentTCB                             0x20000d18   Data           4  tasks.o(.data)
    Parameter                                0x20000da0   Data        3496  main.o(.bss)
    myBinarySem01ControlBlock                0x20001b48   Data          80  main.o(.bss)
    wp                                       0x20001b98   Data          64  dateprocesstask.o(.bss)
    piz_emu_data                             0x20001bd8   Data       131072  dateprocesstask.o(.bss)
    mems_emu_data                            0x20021bd8   Data       98304  dateprocesstask.o(.bss)
    jiaoyansum                               0x20039bd8   Data          16  dateprocesstask.o(.bss)
    AD_ZERO                                  0x20039be8   Data          16  dateprocesstask.o(.bss)
    AD_ZEROlowpass                           0x20039bf8   Data          16  dateprocesstask.o(.bss)
    AD_INTER                                 0x20039c08   Data          16  dateprocesstask.o(.bss)
    lastdata                                 0x20039c18   Data          16  dateprocesstask.o(.bss)
    filtercounter                            0x20039c28   Data          16  dateprocesstask.o(.bss)
    sprase_counter                           0x20039c38   Data          48  dateprocesstask.o(.bss)
    StoreDateIndex                           0x20039c68   Data          48  dateprocesstask.o(.bss)
    wave_jscope                              0x20039c98   Data          16  dateprocesstask.o(.bss)
    emu_inter_data                           0x20039ca8   Data       65536  dataemutask.o(.bss)
    fft_data                                 0x20049ca8   Data       16384  dataemutask.o(.bss)
    fft_inter_data                           0x2004dca8   Data       16384  dataemutask.o(.bss)
    testOutput                               0x20051ca8   Data       65536  dataemutask.o(.bss)
    IIRStateF32                              0x20061ca8   Data          32  dataemutask.o(.bss)
    S_test                                   0x20061cc8   Data          12  dataemutask.o(.bss)
    sendbuf                                  0x20061cd4   Data         812  dataemutask.o(.bss)
    value_statue                             0x20062000   Data          20  dataemutask.o(.bss)
    PeriodWaveToSend                         0x20062014   Data        1600  dataemutask.o(.bss)
    RxdTelBuf                                0x20062654   Data        1600  rxdbufprocesstask.o(.bss)
    RXDCmdBuf                                0x20062c94   Data        1600  rxdbufprocesstask.o(.bss)
    CmdBuf                                   0x200632d4   Data        1600  rxdbufprocesstask.o(.bss)
    rece_iap_data                            0x20063914   Data        4096  rxdbufprocesstask.o(.bss)
    htim7                                    0x20064914   Data          64  stm32l4xx_hal_timebase_tim.o(.bss)
    SpiHandle                                0x20064954   Data         100  bsp_spi_ad7682.o(.bss)
    htim8                                    0x200649b8   Data          64  bsp_spi_ad7682.o(.bss)
    htim3                                    0x200649f8   Data          64  bsp_spi_ad7682.o(.bss)
    ad7682_rec                               0x20064a38   Data          16  bsp_spi_ad7682.o(.bss)
    ad7682_date                              0x20064a48   Data        4096  bsp_spi_ad7682.o(.bss)
    RtcHandle                                0x20065a48   Data          36  bsp_cpu_rtc.o(.bss)
    aRxBuffer                                0x20065a6c   Data          20  bsp_esp32.o(.bss)
    TXDBUFLength                             0x20065a80   Data         128  bsp_esp32.o(.bss)
    huart1                                   0x20065b00   Data         140  bsp_esp32.o(.bss)
    hdma_usart1_tx                           0x20065b8c   Data          96  bsp_esp32.o(.bss)
    hdma_usart1_rx                           0x20065bec   Data          96  bsp_esp32.o(.bss)
    RxdBuf                                   0x20065c4c   Data        1024  bsp_esp32.o(.bss)
    TXDBUF                                   0x2006604c   Data       66816  bsp_esp32.o(.bss)
    htim4                                    0x2007655c   Data          64  bsp_lmt01.o(.bss)
    integ                                    0x2007659c   Data       49196  double_integral.o(.bss)
    bsp_uniqueID_space                       0x200825c8   Data          12  bsp_uniqueid.o(.bss)
    xQueueRegistry                           0x200825d4   Data          64  queue.o(.bss)
    __initial_sp                             0x20085608   Data           0  startup_stm32l4r9xx.o(STACK)



==============================================================================

Memory Map of the image

  Image Entry point : 0x080201bd

  Load Region LR_IROM1 (Base: 0x08020000, Size: 0x00024714, Max: 0x00200000, ABSOLUTE, COMPRESSED[0x00023a94])

    Execution Region ER_IROM1 (Exec base: 0x08020000, Load base: 0x08020000, Size: 0x00023974, Max: 0x00200000, ABSOLUTE)

    Exec Addr    Load Addr    Size         Type   Attr      Idx    E Section Name        Object

    0x08020000   0x08020000   0x000001bc   Data   RO         6456    RESET               startup_stm32l4r9xx.o
    0x080201bc   0x080201bc   0x00000000   Code   RO         8685  * .ARM.Collect$$$$00000000  mc_w.l(entry.o)
    0x080201bc   0x080201bc   0x00000004   Code   RO         9008    .ARM.Collect$$$$00000001  mc_w.l(entry2.o)
    0x080201c0   0x080201c0   0x00000004   Code   RO         9011    .ARM.Collect$$$$00000004  mc_w.l(entry5.o)
    0x080201c4   0x080201c4   0x00000000   Code   RO         9013    .ARM.Collect$$$$00000008  mc_w.l(entry7b.o)
    0x080201c4   0x080201c4   0x00000000   Code   RO         9015    .ARM.Collect$$$$0000000A  mc_w.l(entry8b.o)
    0x080201c4   0x080201c4   0x00000008   Code   RO         9016    .ARM.Collect$$$$0000000B  mc_w.l(entry9a.o)
    0x080201cc   0x080201cc   0x00000000   Code   RO         9018    .ARM.Collect$$$$0000000D  mc_w.l(entry10a.o)
    0x080201cc   0x080201cc   0x00000000   Code   RO         9020    .ARM.Collect$$$$0000000F  mc_w.l(entry11a.o)
    0x080201cc   0x080201cc   0x00000004   Code   RO         9009    .ARM.Collect$$$$00002712  mc_w.l(entry2.o)
    0x080201d0   0x080201d0   0x000000de   Code   RO         8036    .emb_text           port.o
    0x080202ae   0x080202ae   0x00000002   PAD
    0x080202b0   0x080202b0   0x00000024   Code   RO         6457    .text               startup_stm32l4r9xx.o
    0x080202d4   0x080202d4   0x00000068   Code   RO         8688    .text               mc_w.l(uldiv.o)
    0x0802033c   0x0802033c   0x00000024   Code   RO         8690    .text               mc_w.l(memcpya.o)
    0x08020360   0x08020360   0x00000024   Code   RO         8694    .text               mc_w.l(memseta.o)
    0x08020384   0x08020384   0x0000000e   Code   RO         8696    .text               mc_w.l(strlen.o)
    0x08020392   0x08020392   0x0000001a   Code   RO         8961    .text               mf_w.l(dfltui.o)
    0x080203ac   0x080203ac   0x00000032   Code   RO         8963    .text               mf_w.l(dfixui.o)
    0x080203de   0x080203de   0x00000026   Code   RO         8965    .text               mf_w.l(f2d.o)
    0x08020404   0x08020404   0x00000030   Code   RO         8967    .text               mf_w.l(cdrcmple.o)
    0x08020434   0x08020434   0x00000038   Code   RO         8969    .text               mf_w.l(d2f.o)
    0x0802046c   0x0802046c   0x0000002c   Code   RO         9025    .text               mc_w.l(uidiv.o)
    0x08020498   0x08020498   0x0000001e   Code   RO         9027    .text               mc_w.l(llshl.o)
    0x080204b6   0x080204b6   0x00000020   Code   RO         9029    .text               mc_w.l(llushr.o)
    0x080204d6   0x080204d6   0x00000000   Code   RO         9038    .text               mc_w.l(iusefp.o)
    0x080204d6   0x080204d6   0x0000006e   Code   RO         9039    .text               mf_w.l(fepilogue.o)
    0x08020544   0x08020544   0x000000ba   Code   RO         9041    .text               mf_w.l(depilogue.o)
    0x080205fe   0x080205fe   0x0000015e   Code   RO         9043    .text               mf_w.l(dadd.o)
    0x0802075c   0x0802075c   0x000000ea   Code   RO         9045    .text               mf_w.l(dmul.o)
    0x08020846   0x08020846   0x000000de   Code   RO         9047    .text               mf_w.l(ddiv.o)
    0x08020924   0x08020924   0x0000002e   Code   RO         9051    .text               mf_w.l(dscalb.o)
    0x08020952   0x08020952   0x00000002   PAD
    0x08020954   0x08020954   0x00000088   Code   RO         9053    .text               mf_w.l(drnd.o)
    0x080209dc   0x080209dc   0x00000022   Code   RO         9055    .text               mf_w.l(dflti.o)
    0x080209fe   0x080209fe   0x00000002   PAD
    0x08020a00   0x08020a00   0x00000030   Code   RO         9059    .text               mf_w.l(cdcmple.o)
    0x08020a30   0x08020a30   0x00000024   Code   RO         9061    .text               mc_w.l(init.o)
    0x08020a54   0x08020a54   0x00000024   Code   RO         9064    .text               mc_w.l(llsshr.o)
    0x08020a78   0x08020a78   0x000000a2   Code   RO         9067    .text               mf_w.l(dsqrt.o)
    0x08020b1a   0x08020b1a   0x00000056   Code   RO         9077    .text               mc_w.l(__dczerorl2.o)
    0x08020b70   0x08020b70   0x0000006e   Code   RO         8410    .text.arm_abs_f32   arm_cortexM4lf_math.lib(arm_abs_f32.o)
    0x08020bde   0x08020bde   0x00000002   PAD
    0x08020be0   0x08020be0   0x00000188   Code   RO         8420    .text.arm_biquad_cascade_df1_f32  arm_cortexM4lf_math.lib(arm_biquad_cascade_df1_f32.o)
    0x08020d68   0x08020d68   0x00000016   Code   RO         8430    .text.arm_biquad_cascade_df1_init_f32  arm_cortexM4lf_math.lib(arm_biquad_cascade_df1_init_f32.o)
    0x08020d7e   0x08020d7e   0x00000002   PAD
    0x08020d80   0x08020d80   0x00000040   Code   RO         8544    .text.arm_bitreversal_32  arm_cortexM4lf_math.lib(arm_bitreversal2.o)
    0x08020dc0   0x08020dc0   0x000000e0   Code   RO         8444    .text.arm_cfft_f32  arm_cortexM4lf_math.lib(arm_cfft_f32.o)
    0x08020ea0   0x08020ea0   0x0000019c   Code   RO         8440    .text.arm_cfft_radix8by2_f32  arm_cortexM4lf_math.lib(arm_cfft_f32.o)
    0x0802103c   0x0802103c   0x00000430   Code   RO         8442    .text.arm_cfft_radix8by4_f32  arm_cortexM4lf_math.lib(arm_cfft_f32.o)
    0x0802146c   0x0802146c   0x000000ce   Code   RO         8455    .text.arm_max_f32   arm_cortexM4lf_math.lib(arm_max_f32.o)
    0x0802153a   0x0802153a   0x00000002   PAD
    0x0802153c   0x0802153c   0x00000084   Code   RO         8465    .text.arm_mean_f32  arm_cortexM4lf_math.lib(arm_mean_f32.o)
    0x080215c0   0x080215c0   0x000005ba   Code   RO         8581    .text.arm_radix8_butterfly_f32  arm_cortexM4lf_math.lib(arm_cfft_radix8_f32.o)
    0x08021b7a   0x08021b7a   0x00000002   PAD
    0x08021b7c   0x08021b7c   0x000000c0   Code   RO         8475    .text.arm_rms_f32   arm_cortexM4lf_math.lib(arm_rms_f32.o)
    0x08021c3c   0x08021c3c   0x000001cc   Code   RO          502    i.AnalyCmd          rxdbufprocesstask.o
    0x08021e08   0x08021e08   0x000000ec   Code   RO         1745    i.BSP_GetUniqueID   bsp_uniqueid.o
    0x08021ef4   0x08021ef4   0x0000017a   Code   RO          357    i.BoardAutoPeroidWave  dataemutask.o
    0x0802206e   0x0802206e   0x00000002   PAD
    0x08022070   0x08022070   0x00000198   Code   RO          360    i.BoardParameter_withtime_forJUNYUE  dataemutask.o
    0x08022208   0x08022208   0x00000002   Code   RO          978    i.BusFault_Handler  stm32l4xx_it.o
    0x0802220a   0x0802220a   0x0000003a   Code   RO         8142    i.CRC16_Modbus      crc.o
    0x08022244   0x08022244   0x0000000c   Code   RO         1395    i.DMA1_Channel1_IRQHandler  bsp_esp32.o
    0x08022250   0x08022250   0x0000000c   Code   RO         1396    i.DMA1_Channel2_IRQHandler  bsp_esp32.o
    0x0802225c   0x0802225c   0x00000050   Code   RO         4486    i.DMA_CalcDMAMUXChannelBaseAndMask  stm32l4xx_hal_dma.o
    0x080222ac   0x080222ac   0x00000028   Code   RO         4487    i.DMA_CalcDMAMUXRequestGenBaseAndMask  stm32l4xx_hal_dma.o
    0x080222d4   0x080222d4   0x0000005a   Code   RO         4488    i.DMA_SetConfig     stm32l4xx_hal_dma.o
    0x0802232e   0x0802232e   0x00000002   PAD
    0x08022330   0x08022330   0x0000018c   Code   RO          362    i.DataEmuFunction   dataemutask.o
    0x080224bc   0x080224bc   0x000003e8   Code   RO          299    i.DataProcessFunction  dateprocesstask.o
    0x080228a4   0x080228a4   0x00000002   Code   RO          979    i.DebugMon_Handler  stm32l4xx_it.o
    0x080228a6   0x080228a6   0x00000002   PAD
    0x080228a8   0x080228a8   0x00000018   Code   RO         1617    i.EXTI9_5_IRQHandler  bsp_lmt01.o
    0x080228c0   0x080228c0   0x00000058   Code   RO         1508    i.EarseFlash        bsp_flash.o
    0x08022918   0x08022918   0x00000002   Code   RO         1509    i.EarsePage         bsp_flash.o
    0x0802291a   0x0802291a   0x00000002   PAD
    0x0802291c   0x0802291c   0x000003fa   Code   RO          364    i.EmuData           dataemutask.o
    0x08022d16   0x08022d16   0x00000002   Code   RO            4    i.Error_Handler     main.o
    0x08022d18   0x08022d18   0x00000218   Code   RO          901    i.Esp32ProcessFunction  esp32processtask.o
    0x08022f30   0x08022f30   0x0000000c   Code   RO          902    i.Esp32_ClearSendDeviceInfo_Flag  esp32processtask.o
    0x08022f3c   0x08022f3c   0x0000000c   Code   RO          903    i.Esp32_GetSendDeivceInfo_Flag  esp32processtask.o
    0x08022f48   0x08022f48   0x000000c2   Code   RO         1397    i.Esp32_SetAP_1     bsp_esp32.o
    0x0802300a   0x0802300a   0x00000002   PAD
    0x0802300c   0x0802300c   0x00000116   Code   RO         1398    i.Esp32_SetIP_1     bsp_esp32.o
    0x08023122   0x08023122   0x00000002   PAD
    0x08023124   0x08023124   0x0000000c   Code   RO          904    i.Esp32_SetSendDeviceInfo_Flag  esp32processtask.o
    0x08023130   0x08023130   0x000000b8   Code   RO         1399    i.Esp32_SetTCPSERVER_1  bsp_esp32.o
    0x080231e8   0x080231e8   0x00000030   Code   RO         1400    i.Esp32_applynetset  bsp_esp32.o
    0x08023218   0x08023218   0x00000054   Code   RO         4279    i.FLASH_FlushCaches  stm32l4xx_hal_flash_ex.o
    0x0802326c   0x0802326c   0x00000040   Code   RO         4280    i.FLASH_MassErase   stm32l4xx_hal_flash_ex.o
    0x080232ac   0x080232ac   0x0000004c   Code   RO         4289    i.FLASH_PageErase   stm32l4xx_hal_flash_ex.o
    0x080232f8   0x080232f8   0x0000001c   Code   RO         4170    i.FLASH_Program_DoubleWord  stm32l4xx_hal_flash.o
    0x08023314   0x08023314   0x00000030   Code   RO         4171    i.FLASH_Program_Fast  stm32l4xx_hal_flash.o
    0x08023344   0x08023344   0x00000084   Code   RO         4172    i.FLASH_WaitForLastOperation  stm32l4xx_hal_flash.o
    0x080233c8   0x080233c8   0x00000160   Code   RO            5    i.GPIO_ConfigAN     main.o
    0x08023528   0x08023528   0x00000060   Code   RO         1510    i.GetBank           bsp_flash.o
    0x08023588   0x08023588   0x0000004c   Code   RO         1511    i.GetPage           bsp_flash.o
    0x080235d4   0x080235d4   0x00000070   Code   RO         4490    i.HAL_DMA_Abort_IT  stm32l4xx_hal_dma.o
    0x08023644   0x08023644   0x000000d8   Code   RO         4494    i.HAL_DMA_IRQHandler  stm32l4xx_hal_dma.o
    0x0802371c   0x0802371c   0x000000d0   Code   RO         4495    i.HAL_DMA_Init      stm32l4xx_hal_dma.o
    0x080237ec   0x080237ec   0x0000009a   Code   RO         4499    i.HAL_DMA_Start_IT  stm32l4xx_hal_dma.o
    0x08023886   0x08023886   0x00000002   PAD
    0x08023888   0x08023888   0x00000028   Code   RO         3131    i.HAL_Delay         stm32l4xx_hal.o
    0x080238b0   0x080238b0   0x00000104   Code   RO         4291    i.HAL_FLASHEx_Erase  stm32l4xx_hal_flash_ex.o
    0x080239b4   0x080239b4   0x00000014   Code   RO         4176    i.HAL_FLASH_Lock    stm32l4xx_hal_flash.o
    0x080239c8   0x080239c8   0x000000c2   Code   RO         4181    i.HAL_FLASH_Program  stm32l4xx_hal_flash.o
    0x08023a8a   0x08023a8a   0x00000002   PAD
    0x08023a8c   0x08023a8c   0x0000002c   Code   RO         4183    i.HAL_FLASH_Unlock  stm32l4xx_hal_flash.o
    0x08023ab8   0x08023ab8   0x00000002   Code   RO         4421    i.HAL_GPIO_EXTI_Callback  stm32l4xx_hal_gpio.o
    0x08023aba   0x08023aba   0x00000002   PAD
    0x08023abc   0x08023abc   0x00000018   Code   RO         4422    i.HAL_GPIO_EXTI_IRQHandler  stm32l4xx_hal_gpio.o
    0x08023ad4   0x08023ad4   0x00000226   Code   RO         4423    i.HAL_GPIO_Init     stm32l4xx_hal_gpio.o
    0x08023cfa   0x08023cfa   0x0000000e   Code   RO         4426    i.HAL_GPIO_TogglePin  stm32l4xx_hal_gpio.o
    0x08023d08   0x08023d08   0x0000000c   Code   RO         4427    i.HAL_GPIO_WritePin  stm32l4xx_hal_gpio.o
    0x08023d14   0x08023d14   0x0000000c   Code   RO         3135    i.HAL_GetTick       stm32l4xx_hal.o
    0x08023d20   0x08023d20   0x00000010   Code   RO         3141    i.HAL_IncTick       stm32l4xx_hal.o
    0x08023d30   0x08023d30   0x0000001e   Code   RO         3142    i.HAL_Init          stm32l4xx_hal.o
    0x08023d4e   0x08023d4e   0x00000002   PAD
    0x08023d50   0x08023d50   0x00000074   Code   RO         1090    i.HAL_InitTick      stm32l4xx_hal_timebase_tim.o
    0x08023dc4   0x08023dc4   0x00000034   Code   RO         1042    i.HAL_MspInit       stm32l4xx_hal_msp.o
    0x08023df8   0x08023df8   0x00000024   Code   RO         5027    i.HAL_NVIC_DisableIRQ  stm32l4xx_hal_cortex.o
    0x08023e1c   0x08023e1c   0x0000001c   Code   RO         5028    i.HAL_NVIC_EnableIRQ  stm32l4xx_hal_cortex.o
    0x08023e38   0x08023e38   0x00000068   Code   RO         5034    i.HAL_NVIC_SetPriority  stm32l4xx_hal_cortex.o
    0x08023ea0   0x08023ea0   0x00000024   Code   RO         5035    i.HAL_NVIC_SetPriorityGrouping  stm32l4xx_hal_cortex.o
    0x08023ec4   0x08023ec4   0x000000dc   Code   RO         4754    i.HAL_PWREx_ControlVoltageScaling  stm32l4xx_hal_pwr_ex.o
    0x08023fa0   0x08023fa0   0x0000002c   Code   RO         4789    i.HAL_PWREx_GetVoltageRange  stm32l4xx_hal_pwr_ex.o
    0x08023fcc   0x08023fcc   0x00000010   Code   RO         4646    i.HAL_PWR_EnableBkUpAccess  stm32l4xx_hal_pwr.o
    0x08023fdc   0x08023fdc   0x00000024   Code   RO         4652    i.HAL_PWR_EnterSTANDBYMode  stm32l4xx_hal_pwr.o
    0x08024000   0x08024000   0x00000518   Code   RO         3999    i.HAL_RCCEx_PeriphCLKConfig  stm32l4xx_hal_rcc_ex.o
    0x08024518   0x08024518   0x000001e8   Code   RO         3870    i.HAL_RCC_ClockConfig  stm32l4xx_hal_rcc.o
    0x08024700   0x08024700   0x0000003c   Code   RO         3873    i.HAL_RCC_GetClockConfig  stm32l4xx_hal_rcc.o
    0x0802473c   0x0802473c   0x0000000c   Code   RO         3874    i.HAL_RCC_GetHCLKFreq  stm32l4xx_hal_rcc.o
    0x08024748   0x08024748   0x00000024   Code   RO         3876    i.HAL_RCC_GetPCLK1Freq  stm32l4xx_hal_rcc.o
    0x0802476c   0x0802476c   0x00000024   Code   RO         3877    i.HAL_RCC_GetPCLK2Freq  stm32l4xx_hal_rcc.o
    0x08024790   0x08024790   0x000000bc   Code   RO         3878    i.HAL_RCC_GetSysClockFreq  stm32l4xx_hal_rcc.o
    0x0802484c   0x0802484c   0x0000067c   Code   RO         3881    i.HAL_RCC_OscConfig  stm32l4xx_hal_rcc.o
    0x08024ec8   0x08024ec8   0x0000000c   Code   RO         1918    i.HAL_RTCEx_BKUPRead  stm32l4xx_hal_rtc_ex.o
    0x08024ed4   0x08024ed4   0x00000018   Code   RO         1919    i.HAL_RTCEx_BKUPWrite  stm32l4xx_hal_rtc_ex.o
    0x08024eec   0x08024eec   0x00000098   Code   RO         1925    i.HAL_RTCEx_DeactivateWakeUpTimer  stm32l4xx_hal_rtc_ex.o
    0x08024f84   0x08024f84   0x000000f0   Code   RO         1946    i.HAL_RTCEx_SetWakeUpTimer_IT  stm32l4xx_hal_rtc_ex.o
    0x08025074   0x08025074   0x00000002   Code   RO         1952    i.HAL_RTCEx_WakeUpTimerEventCallback  stm32l4xx_hal_rtc_ex.o
    0x08025076   0x08025076   0x00000002   PAD
    0x08025078   0x08025078   0x00000034   Code   RO         1953    i.HAL_RTCEx_WakeUpTimerIRQHandler  stm32l4xx_hal_rtc_ex.o
    0x080250ac   0x080250ac   0x00000048   Code   RO         1778    i.HAL_RTC_GetDate   stm32l4xx_hal_rtc.o
    0x080250f4   0x080250f4   0x00000058   Code   RO         1780    i.HAL_RTC_GetTime   stm32l4xx_hal_rtc.o
    0x0802514c   0x0802514c   0x0000009a   Code   RO         1781    i.HAL_RTC_Init      stm32l4xx_hal_rtc.o
    0x080251e6   0x080251e6   0x00000002   PAD
    0x080251e8   0x080251e8   0x0000001c   Code   RO         1044    i.HAL_RTC_MspInit   stm32l4xx_hal_msp.o
    0x08025204   0x08025204   0x000000a8   Code   RO         1787    i.HAL_RTC_SetDate   stm32l4xx_hal_rtc.o
    0x080252ac   0x080252ac   0x000000d0   Code   RO         1788    i.HAL_RTC_SetTime   stm32l4xx_hal_rtc.o
    0x0802537c   0x0802537c   0x0000003c   Code   RO         1789    i.HAL_RTC_WaitForSynchro  stm32l4xx_hal_rtc.o
    0x080253b8   0x080253b8   0x00000014   Code   RO         1091    i.HAL_ResumeTick    stm32l4xx_hal_timebase_tim.o
    0x080253cc   0x080253cc   0x00000002   Code   RO         5232    i.HAL_SPI_ErrorCallback  stm32l4xx_hal_spi.o
    0x080253ce   0x080253ce   0x00000006   Code   RO         5234    i.HAL_SPI_GetState  stm32l4xx_hal_spi.o
    0x080253d4   0x080253d4   0x00000118   Code   RO         5235    i.HAL_SPI_IRQHandler  stm32l4xx_hal_spi.o
    0x080254ec   0x080254ec   0x000000ba   Code   RO         5236    i.HAL_SPI_Init      stm32l4xx_hal_spi.o
    0x080255a6   0x080255a6   0x00000002   PAD
    0x080255a8   0x080255a8   0x000000a8   Code   RO         1202    i.HAL_SPI_MspInit   bsp_spi_ad7682.o
    0x08025650   0x08025650   0x00000002   Code   RO         5242    i.HAL_SPI_RxCpltCallback  stm32l4xx_hal_spi.o
    0x08025652   0x08025652   0x00000002   PAD
    0x08025654   0x08025654   0x000000d4   Code   RO         5247    i.HAL_SPI_TransmitReceive_IT  stm32l4xx_hal_spi.o
    0x08025728   0x08025728   0x00000002   Code   RO         5252    i.HAL_SPI_TxRxCpltCallback  stm32l4xx_hal_spi.o
    0x0802572a   0x0802572a   0x00000002   PAD
    0x0802572c   0x0802572c   0x00000014   Code   RO         1092    i.HAL_SuspendTick   stm32l4xx_hal_timebase_tim.o
    0x08025740   0x08025740   0x00000002   Code   RO         2855    i.HAL_TIMEx_Break2Callback  stm32l4xx_hal_tim_ex.o
    0x08025742   0x08025742   0x00000002   Code   RO         2856    i.HAL_TIMEx_BreakCallback  stm32l4xx_hal_tim_ex.o
    0x08025744   0x08025744   0x00000002   Code   RO         2857    i.HAL_TIMEx_CommutCallback  stm32l4xx_hal_tim_ex.o
    0x08025746   0x08025746   0x00000068   Code   RO         2876    i.HAL_TIMEx_MasterConfigSynchronization  stm32l4xx_hal_tim_ex.o
    0x080257ae   0x080257ae   0x00000038   Code   RO         2159    i.HAL_TIM_Base_Init  stm32l4xx_hal_tim.o
    0x080257e6   0x080257e6   0x00000002   PAD
    0x080257e8   0x080257e8   0x00000068   Code   RO         1046    i.HAL_TIM_Base_MspInit  stm32l4xx_hal_msp.o
    0x08025850   0x08025850   0x0000002c   Code   RO         2164    i.HAL_TIM_Base_Start_IT  stm32l4xx_hal_tim.o
    0x0802587c   0x0802587c   0x0000002a   Code   RO         2167    i.HAL_TIM_Base_Stop_IT  stm32l4xx_hal_tim.o
    0x080258a6   0x080258a6   0x000000e8   Code   RO         2168    i.HAL_TIM_ConfigClockSource  stm32l4xx_hal_tim.o
    0x0802598e   0x0802598e   0x00000002   Code   RO         2188    i.HAL_TIM_IC_CaptureCallback  stm32l4xx_hal_tim.o
    0x08025990   0x08025990   0x00000192   Code   RO         2202    i.HAL_TIM_IRQHandler  stm32l4xx_hal_tim.o
    0x08025b22   0x08025b22   0x00000002   Code   RO         2205    i.HAL_TIM_OC_DelayElapsedCallback  stm32l4xx_hal_tim.o
    0x08025b24   0x08025b24   0x00000002   Code   RO         2232    i.HAL_TIM_PWM_PulseFinishedCallback  stm32l4xx_hal_tim.o
    0x08025b26   0x08025b26   0x00000012   Code   RO            6    i.HAL_TIM_PeriodElapsedCallback  main.o
    0x08025b38   0x08025b38   0x00000002   Code   RO         2245    i.HAL_TIM_TriggerCallback  stm32l4xx_hal_tim.o
    0x08025b3a   0x08025b3a   0x0000003e   Code   RO         5935    i.HAL_UARTEx_DisableFifoMode  stm32l4xx_hal_uart_ex.o
    0x08025b78   0x08025b78   0x00000002   Code   RO         5939    i.HAL_UARTEx_RxFifoFullCallback  stm32l4xx_hal_uart_ex.o
    0x08025b7a   0x08025b7a   0x0000004c   Code   RO         5940    i.HAL_UARTEx_SetRxFifoThreshold  stm32l4xx_hal_uart_ex.o
    0x08025bc6   0x08025bc6   0x0000004c   Code   RO         5941    i.HAL_UARTEx_SetTxFifoThreshold  stm32l4xx_hal_uart_ex.o
    0x08025c12   0x08025c12   0x00000002   Code   RO         5943    i.HAL_UARTEx_TxFifoEmptyCallback  stm32l4xx_hal_uart_ex.o
    0x08025c14   0x08025c14   0x00000002   Code   RO         5944    i.HAL_UARTEx_WakeupCallback  stm32l4xx_hal_uart_ex.o
    0x08025c16   0x08025c16   0x00000002   Code   RO         5574    i.HAL_UART_ErrorCallback  stm32l4xx_hal_uart.o
    0x08025c18   0x08025c18   0x000001e0   Code   RO         5577    i.HAL_UART_IRQHandler  stm32l4xx_hal_uart.o
    0x08025df8   0x08025df8   0x00000070   Code   RO         5578    i.HAL_UART_Init     stm32l4xx_hal_uart.o
    0x08025e68   0x08025e68   0x000000dc   Code   RO         1402    i.HAL_UART_MspInit  bsp_esp32.o
    0x08025f44   0x08025f44   0x00000120   Code   RO         5583    i.HAL_UART_Receive_IT  stm32l4xx_hal_uart.o
    0x08026064   0x08026064   0x0000003c   Code   RO         1403    i.HAL_UART_RxCpltCallback  bsp_esp32.o
    0x080260a0   0x080260a0   0x000000a8   Code   RO         5587    i.HAL_UART_Transmit_DMA  stm32l4xx_hal_uart.o
    0x08026148   0x08026148   0x00000044   Code   RO         1404    i.HAL_UART_TxCpltCallback  bsp_esp32.o
    0x0802618c   0x0802618c   0x00000002   Code   RO         5590    i.HAL_UART_TxHalfCpltCallback  stm32l4xx_hal_uart.o
    0x0802618e   0x0802618e   0x00000002   Code   RO          980    i.HardFault_Handler  stm32l4xx_it.o
    0x08026190   0x08026190   0x00000010   Code   RO         1618    i.Init_temp_parameter  bsp_lmt01.o
    0x080261a0   0x080261a0   0x00000044   Code   RO         1291    i.KX220_config_gpio  bsp_kx220.o
    0x080261e4   0x080261e4   0x00000024   Code   RO         1619    i.LMT01_GET_VALUE   bsp_lmt01.o
    0x08026208   0x08026208   0x00000070   Code   RO         1620    i.LMT01_GPIO_Init   bsp_lmt01.o
    0x08026278   0x08026278   0x00000090   Code   RO         1621    i.LMT01_TIM15_Init  bsp_lmt01.o
    0x08026308   0x08026308   0x0000006c   Code   RO         1203    i.MX_TIM3_Init      bsp_spi_ad7682.o
    0x08026374   0x08026374   0x0000006c   Code   RO         1204    i.MX_TIM8_Init      bsp_spi_ad7682.o
    0x080263e0   0x080263e0   0x00000002   Code   RO          981    i.MemManage_Handler  stm32l4xx_it.o
    0x080263e2   0x080263e2   0x00000002   Code   RO          982    i.NMI_Handler       stm32l4xx_it.o
    0x080263e4   0x080263e4   0x00000018   Code   RO            7    i.PostSleepProcessing  main.o
    0x080263fc   0x080263fc   0x0000005c   Code   RO            8    i.PreSleepProcessing  main.o
    0x08026458   0x08026458   0x00000160   Code   RO         4003    i.RCCEx_PLLSAI1_Config  stm32l4xx_hal_rcc_ex.o
    0x080265b8   0x080265b8   0x00000160   Code   RO         4004    i.RCCEx_PLLSAI2_Config  stm32l4xx_hal_rcc_ex.o
    0x08026718   0x08026718   0x00000078   Code   RO         3882    i.RCC_GetSysClockFreqFromPLLSource  stm32l4xx_hal_rcc.o
    0x08026790   0x08026790   0x0000007c   Code   RO         3883    i.RCC_SetFlashLatencyFromMSIRange  stm32l4xx_hal_rcc.o
    0x0802680c   0x0802680c   0x0000001a   Code   RO         1512    i.RDBYTES           bsp_flash.o
    0x08026826   0x08026826   0x00000012   Code   RO         1790    i.RTC_Bcd2ToByte    stm32l4xx_hal_rtc.o
    0x08026838   0x08026838   0x00000018   Code   RO         1791    i.RTC_ByteToBcd2    stm32l4xx_hal_rtc.o
    0x08026850   0x08026850   0x000000d0   Code   RO         1320    i.RTC_CalcWeek      bsp_cpu_rtc.o
    0x08026920   0x08026920   0x0000008c   Code   RO         1321    i.RTC_Config        bsp_cpu_rtc.o
    0x080269ac   0x080269ac   0x00000084   Code   RO         1322    i.RTC_ConvertDatetimeToSeconds  bsp_cpu_rtc.o
    0x08026a30   0x08026a30   0x00000046   Code   RO         1792    i.RTC_EnterInitMode  stm32l4xx_hal_rtc.o
    0x08026a76   0x08026a76   0x00000002   PAD
    0x08026a78   0x08026a78   0x0000005c   Code   RO         1793    i.RTC_ExitInitMode  stm32l4xx_hal_rtc.o
    0x08026ad4   0x08026ad4   0x0000006c   Code   RO         1324    i.RTC_ReadClock     bsp_cpu_rtc.o
    0x08026b40   0x08026b40   0x0000000c   Code   RO         1325    i.RTC_WKUP_IRQHandler  bsp_cpu_rtc.o
    0x08026b4c   0x08026b4c   0x00000070   Code   RO         1326    i.RTC_WriteClock    bsp_cpu_rtc.o
    0x08026bbc   0x08026bbc   0x0000001c   Code   RO          503    i.ReadRxdBuf        rxdbufprocesstask.o
    0x08026bd8   0x08026bd8   0x00000028   Code   RO          504    i.RxdBufProcessFunction  rxdbufprocesstask.o
    0x08026c00   0x08026c00   0x00000098   Code   RO          505    i.RxdByte           rxdbufprocesstask.o
    0x08026c98   0x08026c98   0x0000003c   Code   RO         1129    i.SENSOR_Peripheral_Power_config_gpio  bsp.o
    0x08026cd4   0x08026cd4   0x00000088   Code   RO         1205    i.SPI1_IRQHandler   bsp_spi_ad7682.o
    0x08026d5c   0x08026d5c   0x00000036   Code   RO         5254    i.SPI_2linesRxISR_16BIT  stm32l4xx_hal_spi.o
    0x08026d92   0x08026d92   0x00000066   Code   RO         5255    i.SPI_2linesRxISR_8BIT  stm32l4xx_hal_spi.o
    0x08026df8   0x08026df8   0x00000032   Code   RO         5256    i.SPI_2linesTxISR_16BIT  stm32l4xx_hal_spi.o
    0x08026e2a   0x08026e2a   0x0000004a   Code   RO         5257    i.SPI_2linesTxISR_8BIT  stm32l4xx_hal_spi.o
    0x08026e74   0x08026e74   0x00000058   Code   RO         5260    i.SPI_CloseRxTx_ISR  stm32l4xx_hal_spi.o
    0x08026ecc   0x08026ecc   0x00000012   Code   RO         5263    i.SPI_DMAAbortOnError  stm32l4xx_hal_spi.o
    0x08026ede   0x08026ede   0x00000064   Code   RO         5274    i.SPI_EndRxTxTransaction  stm32l4xx_hal_spi.o
    0x08026f42   0x08026f42   0x000000a2   Code   RO         5279    i.SPI_WaitFifoStateUntilTimeout  stm32l4xx_hal_spi.o
    0x08026fe4   0x08026fe4   0x000000a6   Code   RO         5280    i.SPI_WaitFlagStateUntilTimeout  stm32l4xx_hal_spi.o
    0x0802708a   0x0802708a   0x00000002   PAD
    0x0802708c   0x0802708c   0x00000080   Code   RO         1515    i.STMFLASH_Write    bsp_flash.o
    0x0802710c   0x0802710c   0x000000b0   Code   RO            9    i.StartDefaultTask  main.o
    0x080271bc   0x080271bc   0x0000000c   Code   RO         1206    i.StartSample       bsp_spi_ad7682.o
    0x080271c8   0x080271c8   0x0000000c   Code   RO         1207    i.StopSample        bsp_spi_ad7682.o
    0x080271d4   0x080271d4   0x0000002c   Code   RO         8037    i.SysTick_Handler   port.o
    0x08027200   0x08027200   0x0000008c   Code   RO           10    i.SystemClock_Config  main.o
    0x0802728c   0x0802728c   0x00000048   Code   RO         6420    i.SystemInit        system_stm32l4xx.o
    0x080272d4   0x080272d4   0x00000038   Code   RO         1208    i.TIM3_IRQHandler   bsp_spi_ad7682.o
    0x0802730c   0x0802730c   0x00000084   Code   RO         1622    i.TIM4_IRQHandler   bsp_lmt01.o
    0x08027390   0x08027390   0x0000000c   Code   RO          983    i.TIM7_IRQHandler   stm32l4xx_it.o
    0x0802739c   0x0802739c   0x00000068   Code   RO         1209    i.TIM8_UP_IRQHandler  bsp_spi_ad7682.o
    0x08027404   0x08027404   0x000000c8   Code   RO         2247    i.TIM_Base_SetConfig  stm32l4xx_hal_tim.o
    0x080274cc   0x080274cc   0x00000016   Code   RO         2258    i.TIM_ETR_SetConfig  stm32l4xx_hal_tim.o
    0x080274e2   0x080274e2   0x00000010   Code   RO         2259    i.TIM_ITRx_SetConfig  stm32l4xx_hal_tim.o
    0x080274f2   0x080274f2   0x00000026   Code   RO         2267    i.TIM_TI1_ConfigInputStage  stm32l4xx_hal_tim.o
    0x08027518   0x08027518   0x00000024   Code   RO         2269    i.TIM_TI2_ConfigInputStage  stm32l4xx_hal_tim.o
    0x0802753c   0x0802753c   0x00000020   Code   RO          506    i.TransmitOverInLowPower  rxdbufprocesstask.o
    0x0802755c   0x0802755c   0x00000078   Code   RO         5945    i.UARTEx_SetNbDataToProcess  stm32l4xx_hal_uart_ex.o
    0x080275d4   0x080275d4   0x000000d8   Code   RO         5591    i.UART_AdvFeatureConfig  stm32l4xx_hal_uart.o
    0x080276ac   0x080276ac   0x00000066   Code   RO         5592    i.UART_CheckIdleState  stm32l4xx_hal_uart.o
    0x08027712   0x08027712   0x00000014   Code   RO         5593    i.UART_DMAAbortOnError  stm32l4xx_hal_uart.o
    0x08027726   0x08027726   0x00000054   Code   RO         5594    i.UART_DMAError     stm32l4xx_hal_uart.o
    0x0802777a   0x0802777a   0x00000032   Code   RO         5599    i.UART_DMATransmitCplt  stm32l4xx_hal_uart.o
    0x080277ac   0x080277ac   0x0000000a   Code   RO         5601    i.UART_DMATxHalfCplt  stm32l4xx_hal_uart.o
    0x080277b6   0x080277b6   0x00000024   Code   RO         5603    i.UART_EndRxTransfer  stm32l4xx_hal_uart.o
    0x080277da   0x080277da   0x0000001c   Code   RO         5604    i.UART_EndTransmit_IT  stm32l4xx_hal_uart.o
    0x080277f6   0x080277f6   0x0000001c   Code   RO         5605    i.UART_EndTxTransfer  stm32l4xx_hal_uart.o
    0x08027812   0x08027812   0x0000005e   Code   RO         5606    i.UART_RxISR_16BIT  stm32l4xx_hal_uart.o
    0x08027870   0x08027870   0x000000a8   Code   RO         5607    i.UART_RxISR_16BIT_FIFOEN  stm32l4xx_hal_uart.o
    0x08027918   0x08027918   0x0000005e   Code   RO         5608    i.UART_RxISR_8BIT   stm32l4xx_hal_uart.o
    0x08027976   0x08027976   0x00000002   PAD
    0x08027978   0x08027978   0x000000a8   Code   RO         5609    i.UART_RxISR_8BIT_FIFOEN  stm32l4xx_hal_uart.o
    0x08027a20   0x08027a20   0x00000ba0   Code   RO         5610    i.UART_SetConfig    stm32l4xx_hal_uart.o
    0x080285c0   0x080285c0   0x00000078   Code   RO         5615    i.UART_WaitOnFlagUntilTimeout  stm32l4xx_hal_uart.o
    0x08028638   0x08028638   0x0000000c   Code   RO         1405    i.USART1_IRQHandler  bsp_esp32.o
    0x08028644   0x08028644   0x0000006c   Code   RO          300    i.UpdateAccelerationData  dateprocesstask.o
    0x080286b0   0x080286b0   0x00000002   Code   RO          984    i.UsageFault_Handler  stm32l4xx_it.o
    0x080286b2   0x080286b2   0x00000002   PAD
    0x080286b4   0x080286b4   0x00000030   Code   RO         8120    i.Version_Get_Str   version.o
    0x080286e4   0x080286e4   0x0000000e   Code   RO         1516    i.WRBYTES           bsp_flash.o
    0x080286f2   0x080286f2   0x00000004   Code   RO          507    i.WRBYTES_iap_data  rxdbufprocesstask.o
    0x080286f6   0x080286f6   0x00000002   PAD
    0x080286f8   0x080286f8   0x000000e4   Code   RO         1406    i.WriteDataToTXDBUF  bsp_esp32.o
    0x080287dc   0x080287dc   0x00000030   Code   RO         8746    i.__0snprintf$1     mc_w.l(printf1.o)
    0x0802880c   0x0802880c   0x00000030   Code   RO         8991    i.__ARM_fpclassify  m_wm.l(fpclassify.o)
    0x0802883c   0x0802883c   0x00000004   PAD
    0x08028840   0x08028840   0x00000c80   Code   RO         8655    i.__hardfp_pow      m_wm.l(pow.o)
    0x080294c0   0x080294c0   0x000000e0   Code   RO         8669    i.__hardfp_round    m_wm.l(round.o)
    0x080295a0   0x080295a0   0x0000003a   Code   RO         8673    i.__hardfp_sqrtf    m_wm.l(sqrtf.o)
    0x080295da   0x080295da   0x000000f8   Code   RO         8993    i.__kernel_poly     m_wm.l(poly.o)
    0x080296d2   0x080296d2   0x00000006   PAD
    0x080296d8   0x080296d8   0x00000030   Code   RO         8971    i.__mathlib_dbl_divzero  m_wm.l(dunder.o)
    0x08029708   0x08029708   0x00000014   Code   RO         8973    i.__mathlib_dbl_infnan2  m_wm.l(dunder.o)
    0x0802971c   0x0802971c   0x00000004   PAD
    0x08029720   0x08029720   0x00000020   Code   RO         8974    i.__mathlib_dbl_invalid  m_wm.l(dunder.o)
    0x08029740   0x08029740   0x00000020   Code   RO         8975    i.__mathlib_dbl_overflow  m_wm.l(dunder.o)
    0x08029760   0x08029760   0x00000020   Code   RO         8977    i.__mathlib_dbl_underflow  m_wm.l(dunder.o)
    0x08029780   0x08029780   0x0000000e   Code   RO         9071    i.__scatterload_copy  mc_w.l(handlers.o)
    0x0802978e   0x0802978e   0x00000002   Code   RO         9072    i.__scatterload_null  mc_w.l(handlers.o)
    0x08029790   0x08029790   0x0000000e   Code   RO         9073    i.__scatterload_zeroinit  mc_w.l(handlers.o)
    0x0802979e   0x0802979e   0x00000002   PAD
    0x080297a0   0x080297a0   0x0000000c   Code   RO         9033    i.__set_errno       mc_w.l(errno.o)
    0x080297ac   0x080297ac   0x0000015a   Code   RO         8752    i._printf_core      mc_w.l(printf1.o)
    0x08029906   0x08029906   0x00000016   Code   RO         8753    i._snputc           mc_w.l(printf1.o)
    0x0802991c   0x0802991c   0x000000c4   Code   RO         1407    i.bsp_Esp32_Init    bsp_esp32.o
    0x080299e0   0x080299e0   0x00000034   Code   RO         1130    i.bsp_Init          bsp.o
    0x08029a14   0x08029a14   0x0000007c   Code   RO         1210    i.bsp_InitAD7682    bsp_spi_ad7682.o
    0x08029a90   0x08029a90   0x00000022   Code   RO         1292    i.bsp_InitKX220     bsp_kx220.o
    0x08029ab2   0x08029ab2   0x0000001a   Code   RO         1623    i.bsp_InitLMT01     bsp_lmt01.o
    0x08029acc   0x08029acc   0x00000004   Code   RO         1161    i.bsp_InitLed       bsp_led.o
    0x08029ad0   0x08029ad0   0x00000058   Code   RO         1327    i.bsp_InitRTC       bsp_cpu_rtc.o
    0x08029b28   0x08029b28   0x00000020   Code   RO         1163    i.bsp_LedToggle     bsp_led.o
    0x08029b48   0x08029b48   0x000000b8   Code   RO          508    i.command_adjust_adc  rxdbufprocesstask.o
    0x08029c00   0x08029c00   0x00000040   Code   RO          509    i.command_adjust_temp  rxdbufprocesstask.o
    0x08029c40   0x08029c40   0x00000054   Code   RO          510    i.command_applynetset  rxdbufprocesstask.o
    0x08029c94   0x08029c94   0x0000005c   Code   RO          511    i.command_channelkind  rxdbufprocesstask.o
    0x08029cf0   0x08029cf0   0x00000034   Code   RO          512    i.command_counter   rxdbufprocesstask.o
    0x08029d24   0x08029d24   0x0000002c   Code   RO          513    i.command_esp32_statue  rxdbufprocesstask.o
    0x08029d50   0x08029d50   0x0000013c   Code   RO          514    i.command_iap_data  rxdbufprocesstask.o
    0x08029e8c   0x08029e8c   0x00000070   Code   RO          515    i.command_iap_statue  rxdbufprocesstask.o
    0x08029efc   0x08029efc   0x00000084   Code   RO          516    i.command_id        rxdbufprocesstask.o
    0x08029f80   0x08029f80   0x00000018   Code   RO          517    i.command_receive_active_beacon  rxdbufprocesstask.o
    0x08029f98   0x08029f98   0x0000004c   Code   RO          518    i.command_receive_beacon  rxdbufprocesstask.o
    0x08029fe4   0x08029fe4   0x00000084   Code   RO          519    i.command_reply_SampleParameter  rxdbufprocesstask.o
    0x0802a068   0x0802a068   0x00000094   Code   RO          521    i.command_reply_alarm_value  rxdbufprocesstask.o
    0x0802a0fc   0x0802a0fc   0x00000058   Code   RO          522    i.command_reply_channel_condition  rxdbufprocesstask.o
    0x0802a154   0x0802a154   0x00000070   Code   RO          523    i.command_reply_lowpower  rxdbufprocesstask.o
    0x0802a1c4   0x0802a1c4   0x0000006c   Code   RO          524    i.command_reply_lowpower_value  rxdbufprocesstask.o
    0x0802a230   0x0802a230   0x00000054   Code   RO          525    i.command_reply_runmode  rxdbufprocesstask.o
    0x0802a284   0x0802a284   0x00000100   Code   RO          526    i.command_reply_scale  rxdbufprocesstask.o
    0x0802a384   0x0802a384   0x0000005c   Code   RO          527    i.command_reply_sw_version  rxdbufprocesstask.o
    0x0802a3e0   0x0802a3e0   0x000000cc   Code   RO          528    i.command_replyap   rxdbufprocesstask.o
    0x0802a4ac   0x0802a4ac   0x00000132   Code   RO          529    i.command_replyip   rxdbufprocesstask.o
    0x0802a5de   0x0802a5de   0x00000002   PAD
    0x0802a5e0   0x0802a5e0   0x000000c4   Code   RO          530    i.command_replytcpserve  rxdbufprocesstask.o
    0x0802a6a4   0x0802a6a4   0x00000028   Code   RO          531    i.command_require_periodwave  rxdbufprocesstask.o
    0x0802a6cc   0x0802a6cc   0x0000000a   Code   RO          532    i.command_reset_system  rxdbufprocesstask.o
    0x0802a6d6   0x0802a6d6   0x00000002   PAD
    0x0802a6d8   0x0802a6d8   0x00000060   Code   RO          533    i.command_server_accept_data  rxdbufprocesstask.o
    0x0802a738   0x0802a738   0x00000098   Code   RO          534    i.command_set_SampleParameter  rxdbufprocesstask.o
    0x0802a7d0   0x0802a7d0   0x000000ea   Code   RO          535    i.command_set_alarm_source  rxdbufprocesstask.o
    0x0802a8ba   0x0802a8ba   0x00000002   PAD
    0x0802a8bc   0x0802a8bc   0x00000084   Code   RO          536    i.command_set_alarm_value  rxdbufprocesstask.o
    0x0802a940   0x0802a940   0x000000b8   Code   RO          537    i.command_set_ap    rxdbufprocesstask.o
    0x0802a9f8   0x0802a9f8   0x00000048   Code   RO          538    i.command_set_channel_condition  rxdbufprocesstask.o
    0x0802aa40   0x0802aa40   0x00000004   Code   RO          539    i.command_set_factory_parameter  rxdbufprocesstask.o
    0x0802aa44   0x0802aa44   0x0000005c   Code   RO          540    i.command_set_lowpower  rxdbufprocesstask.o
    0x0802aaa0   0x0802aaa0   0x0000005c   Code   RO          541    i.command_set_lowpower_value  rxdbufprocesstask.o
    0x0802aafc   0x0802aafc   0x000000f4   Code   RO          542    i.command_set_scale  rxdbufprocesstask.o
    0x0802abf0   0x0802abf0   0x00000090   Code   RO          543    i.command_set_snnumber  rxdbufprocesstask.o
    0x0802ac80   0x0802ac80   0x000000b8   Code   RO          544    i.command_set_tcpserve  rxdbufprocesstask.o
    0x0802ad38   0x0802ad38   0x00000058   Code   RO          545    i.command_set_time  rxdbufprocesstask.o
    0x0802ad90   0x0802ad90   0x000000f4   Code   RO          546    i.command_setip     rxdbufprocesstask.o
    0x0802ae84   0x0802ae84   0x000000cc   Code   RO          547    i.command_setrunmode  rxdbufprocesstask.o
    0x0802af50   0x0802af50   0x00000040   Code   RO          548    i.command_start     rxdbufprocesstask.o
    0x0802af90   0x0802af90   0x000000bc   Code   RO          549    i.command_stop      rxdbufprocesstask.o
    0x0802b04c   0x0802b04c   0x00000034   Code   RO         7022    i.eTaskConfirmSleepModeStatus  tasks.o
    0x0802b080   0x0802b080   0x0000005c   Code   RO          301    i.emu_sprase_index  dateprocesstask.o
    0x0802b0dc   0x0802b0dc   0x00000060   Code   RO         1408    i.esp32_gpio_init   bsp_esp32.o
    0x0802b13c   0x0802b13c   0x00000018   Code   RO         8987    i.fabs              m_wm.l(fabs.o)
    0x0802b154   0x0802b154   0x0000021c   Code   RO         1686    i.frq_domain_integral  double_integral.o
    0x0802b370   0x0802b370   0x00000014   Code   RO          550    i.getTelLength      rxdbufprocesstask.o
    0x0802b384   0x0802b384   0x00000004   Code   RO         1517    i.initEEPROM        bsp_flash.o
    0x0802b388   0x0802b388   0x00000354   Code   RO         1689    i.integ_init        double_integral.o
    0x0802b6dc   0x0802b6dc   0x00000054   Code   RO          551    i.isTelComplete     rxdbufprocesstask.o
    0x0802b730   0x0802b730   0x00000038   Code   RO          552    i.isVaildTel        rxdbufprocesstask.o
    0x0802b768   0x0802b768   0x00000044   Code   RO         1164    i.led_config_gpio   bsp_led.o
    0x0802b7ac   0x0802b7ac   0x0000003c   Code   RO          553    i.leftRxdTel        rxdbufprocesstask.o
    0x0802b7e8   0x0802b7e8   0x00000048   Code   RO         1518    i.loadConfig        bsp_flash.o
    0x0802b830   0x0802b830   0x000001e0   Code   RO           12    i.main              main.o
    0x0802ba10   0x0802ba10   0x00000038   Code   RO         7566    i.osDelay           cmsis_os2.o
    0x0802ba48   0x0802ba48   0x00000038   Code   RO         7580    i.osKernelInitialize  cmsis_os2.o
    0x0802ba80   0x0802ba80   0x00000040   Code   RO         7583    i.osKernelStart     cmsis_os2.o
    0x0802bac0   0x0802bac0   0x00000080   Code   RO         7599    i.osSemaphoreAcquire  cmsis_os2.o
    0x0802bb40   0x0802bb40   0x000000d4   Code   RO         7602    i.osSemaphoreNew    cmsis_os2.o
    0x0802bc14   0x0802bc14   0x00000074   Code   RO         7603    i.osSemaphoreRelease  cmsis_os2.o
    0x0802bc88   0x0802bc88   0x000000e0   Code   RO         7617    i.osThreadNew       cmsis_os2.o
    0x0802bd68   0x0802bd68   0x0000003c   Code   RO         7620    i.osThreadSuspend   cmsis_os2.o
    0x0802bda4   0x0802bda4   0x00000060   Code   RO         7025    i.prvAddCurrentTaskToDelayedList  tasks.o
    0x0802be04   0x0802be04   0x00000088   Code   RO         7026    i.prvAddNewTaskToReadyList  tasks.o
    0x0802be8c   0x0802be8c   0x0000005c   Code   RO         7402    i.prvCheckForValidListAndQueue  timers.o
    0x0802bee8   0x0802bee8   0x00000040   Code   RO         7027    i.prvCheckTasksWaitingTermination  tasks.o
    0x0802bf28   0x0802bf28   0x00000024   Code   RO         6620    i.prvCopyDataFromQueue  queue.o
    0x0802bf4c   0x0802bf4c   0x0000006e   Code   RO         6621    i.prvCopyDataToQueue  queue.o
    0x0802bfba   0x0802bfba   0x00000040   Code   RO         7028    i.prvDeleteTCB      tasks.o
    0x0802bffa   0x0802bffa   0x00000014   Code   RO         6622    i.prvGetDisinheritPriorityAfterTimeout  queue.o
    0x0802c00e   0x0802c00e   0x00000002   PAD
    0x0802c010   0x0802c010   0x00000038   Code   RO         7029    i.prvGetExpectedIdleTime  tasks.o
    0x0802c048   0x0802c048   0x00000024   Code   RO         7403    i.prvGetNextExpireTime  timers.o
    0x0802c06c   0x0802c06c   0x00000050   Code   RO         7987    i.prvHeapInit       heap_4.o
    0x0802c0bc   0x0802c0bc   0x00000060   Code   RO         7030    i.prvIdleTask       tasks.o
    0x0802c11c   0x0802c11c   0x00000022   Code   RO         6624    i.prvInitialiseNewQueue  queue.o
    0x0802c13e   0x0802c13e   0x00000092   Code   RO         7031    i.prvInitialiseNewTask  tasks.o
    0x0802c1d0   0x0802c1d0   0x00000060   Code   RO         7032    i.prvInitialiseTaskLists  tasks.o
    0x0802c230   0x0802c230   0x0000005c   Code   RO         7988    i.prvInsertBlockIntoFreeList  heap_4.o
    0x0802c28c   0x0802c28c   0x00000048   Code   RO         7405    i.prvInsertTimerInActiveList  timers.o
    0x0802c2d4   0x0802c2d4   0x0000001a   Code   RO         6625    i.prvIsQueueEmpty   queue.o
    0x0802c2ee   0x0802c2ee   0x0000001e   Code   RO         6626    i.prvIsQueueFull    queue.o
    0x0802c30c   0x0802c30c   0x0000005c   Code   RO         7406    i.prvProcessExpiredTimer  timers.o
    0x0802c368   0x0802c368   0x000000d8   Code   RO         7407    i.prvProcessReceivedCommands  timers.o
    0x0802c440   0x0802c440   0x0000006c   Code   RO         7408    i.prvProcessTimerOrBlockTask  timers.o
    0x0802c4ac   0x0802c4ac   0x00000024   Code   RO         7034    i.prvResetNextTaskUnblockTime  tasks.o
    0x0802c4d0   0x0802c4d0   0x0000002c   Code   RO         7409    i.prvSampleTimeNow  timers.o
    0x0802c4fc   0x0802c4fc   0x00000074   Code   RO         7410    i.prvSwitchTimerLists  timers.o
    0x0802c570   0x0802c570   0x00000030   Code   RO         8038    i.prvTaskExitError  port.o
    0x0802c5a0   0x0802c5a0   0x00000014   Code   RO         7411    i.prvTimerTask      timers.o
    0x0802c5b4   0x0802c5b4   0x00000068   Code   RO         6627    i.prvUnlockQueue    queue.o
    0x0802c61c   0x0802c61c   0x000000e4   Code   RO         7989    i.pvPortMalloc      heap_4.o
    0x0802c700   0x0802c700   0x00000018   Code   RO         7037    i.pvTaskIncrementMutexHeldCount  tasks.o
    0x0802c718   0x0802c718   0x0000002c   Code   RO         8039    i.pxPortInitialiseStack  port.o
    0x0802c744   0x0802c744   0x00000040   Code   RO          554    i.reply_complete_iap  rxdbufprocesstask.o
    0x0802c784   0x0802c784   0x00000040   Code   RO          555    i.reply_requie_contioue_iap  rxdbufprocesstask.o
    0x0802c7c4   0x0802c7c4   0x00000034   Code   RO          556    i.reply_requie_contioue_iap_data  rxdbufprocesstask.o
    0x0802c7f8   0x0802c7f8   0x00000040   Code   RO          559    i.reply_shut_iap    rxdbufprocesstask.o
    0x0802c838   0x0802c838   0x00000034   Code   RO          560    i.reply_stop_iap_data  rxdbufprocesstask.o
    0x0802c86c   0x0802c86c   0x000001bc   Code   RO          367    i.rule_check        dataemutask.o
    0x0802ca28   0x0802ca28   0x00000030   Code   RO         1520    i.saveConfig        bsp_flash.o
    0x0802ca58   0x0802ca58   0x00000024   Code   RO           13    i.software_reset    main.o
    0x0802ca7c   0x0802ca7c   0x0000006e   Code   RO         8998    i.sqrt              m_wm.l(sqrt.o)
    0x0802caea   0x0802caea   0x00000002   PAD
    0x0802caec   0x0802caec   0x0000002c   Code   RO          561    i.sumofRxdBuf       rxdbufprocesstask.o
    0x0802cb18   0x0802cb18   0x00000074   Code   RO          562    i.test_rtc          rxdbufprocesstask.o
    0x0802cb8c   0x0802cb8c   0x00000026   Code   RO         6583    i.uxListRemove      list.o
    0x0802cbb2   0x0802cbb2   0x00000002   PAD
    0x0802cbb4   0x0802cbb4   0x00000014   Code   RO         7629    i.vApplicationGetIdleTaskMemory  cmsis_os2.o
    0x0802cbc8   0x0802cbc8   0x00000018   Code   RO         7630    i.vApplicationGetTimerTaskMemory  cmsis_os2.o
    0x0802cbe0   0x0802cbe0   0x00000016   Code   RO         6584    i.vListInitialise   list.o
    0x0802cbf6   0x0802cbf6   0x00000006   Code   RO         6585    i.vListInitialiseItem  list.o
    0x0802cbfc   0x0802cbfc   0x00000036   Code   RO         6586    i.vListInsert       list.o
    0x0802cc32   0x0802cc32   0x00000018   Code   RO         6587    i.vListInsertEnd    list.o
    0x0802cc4a   0x0802cc4a   0x00000002   PAD
    0x0802cc4c   0x0802cc4c   0x00000040   Code   RO         8041    i.vPortEnterCritical  port.o
    0x0802cc8c   0x0802cc8c   0x0000002c   Code   RO         8042    i.vPortExitCritical  port.o
    0x0802ccb8   0x0802ccb8   0x0000005c   Code   RO         7990    i.vPortFree         heap_4.o
    0x0802cd14   0x0802cd14   0x00000048   Code   RO         8043    i.vPortSetupTimerInterrupt  port.o
    0x0802cd5c   0x0802cd5c   0x000000f8   Code   RO         8044    i.vPortSuppressTicksAndSleep  port.o
    0x0802ce54   0x0802ce54   0x00000054   Code   RO         8045    i.vPortValidateInterruptPriority  port.o
    0x0802cea8   0x0802cea8   0x00000028   Code   RO         6633    i.vQueueAddToRegistry  queue.o
    0x0802ced0   0x0802ced0   0x00000032   Code   RO         6634    i.vQueueDelete      queue.o
    0x0802cf02   0x0802cf02   0x00000002   PAD
    0x0802cf04   0x0802cf04   0x00000028   Code   RO         6636    i.vQueueUnregisterQueue  queue.o
    0x0802cf2c   0x0802cf2c   0x0000004a   Code   RO         6637    i.vQueueWaitForMessageRestricted  queue.o
    0x0802cf76   0x0802cf76   0x00000002   PAD
    0x0802cf78   0x0802cf78   0x00000050   Code   RO         7046    i.vTaskDelay        tasks.o
    0x0802cfc8   0x0802cfc8   0x00000010   Code   RO         7051    i.vTaskInternalSetTimeOutState  tasks.o
    0x0802cfd8   0x0802cfd8   0x0000000c   Code   RO         7052    i.vTaskMissedYield  tasks.o
    0x0802cfe4   0x0802cfe4   0x00000034   Code   RO         7054    i.vTaskPlaceOnEventList  tasks.o
    0x0802d018   0x0802d018   0x0000003c   Code   RO         7055    i.vTaskPlaceOnEventListRestricted  tasks.o
    0x0802d054   0x0802d054   0x00000094   Code   RO         7057    i.vTaskPriorityDisinheritAfterTimeout  tasks.o
    0x0802d0e8   0x0802d0e8   0x00000090   Code   RO         7063    i.vTaskStartScheduler  tasks.o
    0x0802d178   0x0802d178   0x00000028   Code   RO         7064    i.vTaskStepTick     tasks.o
    0x0802d1a0   0x0802d1a0   0x0000009c   Code   RO         7065    i.vTaskSuspend      tasks.o
    0x0802d23c   0x0802d23c   0x00000010   Code   RO         7066    i.vTaskSuspendAll   tasks.o
    0x0802d24c   0x0802d24c   0x0000006c   Code   RO         7067    i.vTaskSwitchContext  tasks.o
    0x0802d2b8   0x0802d2b8   0x00000104   Code   RO         8046    i.xPortStartScheduler  port.o
    0x0802d3bc   0x0802d3bc   0x0000003c   Code   RO         6638    i.xQueueCreateCountingSemaphore  queue.o
    0x0802d3f8   0x0802d3f8   0x00000042   Code   RO         6639    i.xQueueCreateCountingSemaphoreStatic  queue.o
    0x0802d43a   0x0802d43a   0x0000004a   Code   RO         6642    i.xQueueGenericCreate  queue.o
    0x0802d484   0x0802d484   0x00000070   Code   RO         6643    i.xQueueGenericCreateStatic  queue.o
    0x0802d4f4   0x0802d4f4   0x00000090   Code   RO         6644    i.xQueueGenericReset  queue.o
    0x0802d584   0x0802d584   0x00000170   Code   RO         6645    i.xQueueGenericSend  queue.o
    0x0802d6f4   0x0802d6f4   0x000000bc   Code   RO         6646    i.xQueueGenericSendFromISR  queue.o
    0x0802d7b0   0x0802d7b0   0x000000a0   Code   RO         6649    i.xQueueGiveFromISR  queue.o
    0x0802d850   0x0802d850   0x00000148   Code   RO         6655    i.xQueueReceive     queue.o
    0x0802d998   0x0802d998   0x0000009a   Code   RO         6656    i.xQueueReceiveFromISR  queue.o
    0x0802da32   0x0802da32   0x00000002   PAD
    0x0802da34   0x0802da34   0x00000184   Code   RO         6657    i.xQueueSemaphoreTake  queue.o
    0x0802dbb8   0x0802dbb8   0x00000080   Code   RO         7068    i.xTaskCheckForTimeOut  tasks.o
    0x0802dc38   0x0802dc38   0x00000072   Code   RO         7069    i.xTaskCreate       tasks.o
    0x0802dcaa   0x0802dcaa   0x00000060   Code   RO         7070    i.xTaskCreateStatic  tasks.o
    0x0802dd0a   0x0802dd0a   0x00000002   PAD
    0x0802dd0c   0x0802dd0c   0x0000001c   Code   RO         7074    i.xTaskGetSchedulerState  tasks.o
    0x0802dd28   0x0802dd28   0x0000000c   Code   RO         7075    i.xTaskGetTickCount  tasks.o
    0x0802dd34   0x0802dd34   0x000000cc   Code   RO         7077    i.xTaskIncrementTick  tasks.o
    0x0802de00   0x0802de00   0x00000080   Code   RO         7080    i.xTaskPriorityDisinherit  tasks.o
    0x0802de80   0x0802de80   0x00000080   Code   RO         7081    i.xTaskPriorityInherit  tasks.o
    0x0802df00   0x0802df00   0x0000007c   Code   RO         7082    i.xTaskRemoveFromEventList  tasks.o
    0x0802df7c   0x0802df7c   0x000000cc   Code   RO         7083    i.xTaskResumeAll    tasks.o
    0x0802e048   0x0802e048   0x00000068   Code   RO         7418    i.xTimerCreateTimerTask  timers.o
    0x0802e0b0   0x0802e0b0   0x00000074   Code   RO         7419    i.xTimerGenericCommand  timers.o
    0x0802e124   0x0802e124   0x000000e4   Data   RO           17    .constdata          main.o
    0x0802e208   0x0802e208   0x00000020   Data   RO          303    .constdata          dateprocesstask.o
    0x0802e228   0x0802e228   0x000000c8   Data   RO          376    .constdata          dataemutask.o
    0x0802e2f0   0x0802e2f0   0x00000018   Data   RO         1214    .constdata          bsp_spi_ad7682.o
    0x0802e308   0x0802e308   0x00000018   Data   RO         1215    .constdata          bsp_spi_ad7682.o
    0x0802e320   0x0802e320   0x0000001a   Data   RO         1330    .constdata          bsp_cpu_rtc.o
    0x0802e33a   0x0802e33a   0x00000002   PAD
    0x0802e33c   0x0802e33c   0x00000040   Data   RO         6421    .constdata          system_stm32l4xx.o
    0x0802e37c   0x0802e37c   0x00000008   Data   RO         6422    .constdata          system_stm32l4xx.o
    0x0802e384   0x0802e384   0x00000004   PAD
    0x0802e388   0x0802e388   0x00000088   Data   RO         8658    .constdata          m_wm.l(pow.o)
    0x0802e410   0x0802e410   0x00000008   Data   RO         8995    .constdata          m_wm.l(qnan.o)
    0x0802e418   0x0802e418   0x00000051   Data   RO           18    .conststring        main.o
    0x0802e469   0x0802e469   0x00000001   PAD
    0x0802e46a   0x0802e46a   0x00000e10   Data   RO         8627    .rodata.armBitRevIndexTable1024  arm_cortexM4lf_math.lib(arm_common_tables.o)
    0x0802f27a   0x0802f27a   0x000001a0   Data   RO         8624    .rodata.armBitRevIndexTable128  arm_cortexM4lf_math.lib(arm_common_tables.o)
    0x0802f41a   0x0802f41a   0x00000028   Data   RO         8621    .rodata.armBitRevIndexTable16  arm_cortexM4lf_math.lib(arm_common_tables.o)
    0x0802f442   0x0802f442   0x00001dc0   Data   RO         8628    .rodata.armBitRevIndexTable2048  arm_cortexM4lf_math.lib(arm_common_tables.o)
    0x08031202   0x08031202   0x00000370   Data   RO         8625    .rodata.armBitRevIndexTable256  arm_cortexM4lf_math.lib(arm_common_tables.o)
    0x08031572   0x08031572   0x00000060   Data   RO         8622    .rodata.armBitRevIndexTable32  arm_cortexM4lf_math.lib(arm_common_tables.o)
    0x080315d2   0x080315d2   0x00001f80   Data   RO         8629    .rodata.armBitRevIndexTable4096  arm_cortexM4lf_math.lib(arm_common_tables.o)
    0x08033552   0x08033552   0x00000380   Data   RO         8626    .rodata.armBitRevIndexTable512  arm_cortexM4lf_math.lib(arm_common_tables.o)
    0x080338d2   0x080338d2   0x00000070   Data   RO         8623    .rodata.armBitRevIndexTable64  arm_cortexM4lf_math.lib(arm_common_tables.o)
    0x08033942   0x08033942   0x00000002   PAD
    0x08033944   0x08033944   0x00000010   Data   RO         8491    .rodata.arm_cfft_sR_f32_len1024  arm_cortexM4lf_math.lib(arm_const_structs.o)
    0x08033954   0x08033954   0x00000010   Data   RO         8488    .rodata.arm_cfft_sR_f32_len128  arm_cortexM4lf_math.lib(arm_const_structs.o)
    0x08033964   0x08033964   0x00000010   Data   RO         8485    .rodata.arm_cfft_sR_f32_len16  arm_cortexM4lf_math.lib(arm_const_structs.o)
    0x08033974   0x08033974   0x00000010   Data   RO         8492    .rodata.arm_cfft_sR_f32_len2048  arm_cortexM4lf_math.lib(arm_const_structs.o)
    0x08033984   0x08033984   0x00000010   Data   RO         8489    .rodata.arm_cfft_sR_f32_len256  arm_cortexM4lf_math.lib(arm_const_structs.o)
    0x08033994   0x08033994   0x00000010   Data   RO         8486    .rodata.arm_cfft_sR_f32_len32  arm_cortexM4lf_math.lib(arm_const_structs.o)
    0x080339a4   0x080339a4   0x00000010   Data   RO         8493    .rodata.arm_cfft_sR_f32_len4096  arm_cortexM4lf_math.lib(arm_const_structs.o)
    0x080339b4   0x080339b4   0x00000010   Data   RO         8490    .rodata.arm_cfft_sR_f32_len512  arm_cortexM4lf_math.lib(arm_const_structs.o)
    0x080339c4   0x080339c4   0x00000010   Data   RO         8487    .rodata.arm_cfft_sR_f32_len64  arm_cortexM4lf_math.lib(arm_const_structs.o)
    0x080339d4   0x080339d4   0x00002000   Data   RO         8598    .rodata.twiddleCoef_1024  arm_cortexM4lf_math.lib(arm_common_tables.o)
    0x080359d4   0x080359d4   0x00000400   Data   RO         8595    .rodata.twiddleCoef_128  arm_cortexM4lf_math.lib(arm_common_tables.o)
    0x08035dd4   0x08035dd4   0x00000080   Data   RO         8592    .rodata.twiddleCoef_16  arm_cortexM4lf_math.lib(arm_common_tables.o)
    0x08035e54   0x08035e54   0x00004000   Data   RO         8599    .rodata.twiddleCoef_2048  arm_cortexM4lf_math.lib(arm_common_tables.o)
    0x08039e54   0x08039e54   0x00000800   Data   RO         8596    .rodata.twiddleCoef_256  arm_cortexM4lf_math.lib(arm_common_tables.o)
    0x0803a654   0x0803a654   0x00000100   Data   RO         8593    .rodata.twiddleCoef_32  arm_cortexM4lf_math.lib(arm_common_tables.o)
    0x0803a754   0x0803a754   0x00008000   Data   RO         8600    .rodata.twiddleCoef_4096  arm_cortexM4lf_math.lib(arm_common_tables.o)
    0x08042754   0x08042754   0x00001000   Data   RO         8597    .rodata.twiddleCoef_512  arm_cortexM4lf_math.lib(arm_common_tables.o)
    0x08043754   0x08043754   0x00000200   Data   RO         8594    .rodata.twiddleCoef_64  arm_cortexM4lf_math.lib(arm_common_tables.o)
    0x08043954   0x08043954   0x00000020   Data   RO         9069    Region$$Table       anon$$obj.o


    Execution Region RW_IRAM1 (Exec base: 0x20000000, Load base: 0x08043974, Size: 0x00085608, Max: 0x000a0000, ABSOLUTE, COMPRESSED[0x00000120])

    Exec Addr    Load Addr    Size         Type   Attr      Idx    E Section Name        Object

    0x20000000   COMPRESSED   0x00000c30   Data   RW           19    .data               main.o
    0x20000c30   COMPRESSED   0x00000014   Data   RW          305    .data               dateprocesstask.o
    0x20000c44   COMPRESSED   0x0000002c   Data   RW          383    .data               dataemutask.o
    0x20000c70   COMPRESSED   0x0000002c   Data   RW          565    .data               rxdbufprocesstask.o
    0x20000c9c   COMPRESSED   0x00000001   Data   RW          905    .data               esp32processtask.o
    0x20000c9d   COMPRESSED   0x00000003   PAD
    0x20000ca0   COMPRESSED   0x00000010   Data   RW         1219    .data               bsp_spi_ad7682.o
    0x20000cb0   COMPRESSED   0x00000008   Data   RW         1331    .data               bsp_cpu_rtc.o
    0x20000cb8   COMPRESSED   0x00000006   Data   RW         1411    .data               bsp_esp32.o
    0x20000cbe   COMPRESSED   0x00000002   PAD
    0x20000cc0   COMPRESSED   0x00000018   Data   RW         1522    .data               bsp_flash.o
    0x20000cd8   COMPRESSED   0x00000010   Data   RW         1625    .data               bsp_lmt01.o
    0x20000ce8   COMPRESSED   0x0000000c   Data   RW         3159    .data               stm32l4xx_hal.o
    0x20000cf4   COMPRESSED   0x00000020   Data   RW         4184    .data               stm32l4xx_hal_flash.o
    0x20000d14   COMPRESSED   0x00000004   Data   RW         6423    .data               system_stm32l4xx.o
    0x20000d18   COMPRESSED   0x0000003c   Data   RW         7086    .data               tasks.o
    0x20000d54   COMPRESSED   0x00000014   Data   RW         7427    .data               timers.o
    0x20000d68   COMPRESSED   0x00000004   Data   RW         7632    .data               cmsis_os2.o
    0x20000d6c   COMPRESSED   0x00000018   Data   RW         7995    .data               heap_4.o
    0x20000d84   COMPRESSED   0x00000018   Data   RW         8047    .data               port.o
    0x20000d9c   COMPRESSED   0x00000004   Data   RW         9034    .data               mc_w.l(errno.o)
    0x20000da0        -       0x00000da8   Zero   RW           14    .bss                main.o
    0x20001b48        -       0x00000050   Zero   RW           16    .bss                main.o
    0x20001b98        -       0x00038110   Zero   RW          302    .bss                dateprocesstask.o
    0x20039ca8        -       0x000289ac   Zero   RW          375    .bss                dataemutask.o
    0x20062654        -       0x000022c0   Zero   RW          563    .bss                rxdbufprocesstask.o
    0x20064914        -       0x00000040   Zero   RW         1093    .bss                stm32l4xx_hal_timebase_tim.o
    0x20064954        -       0x000010f4   Zero   RW         1213    .bss                bsp_spi_ad7682.o
    0x20065a48        -       0x00000024   Zero   RW         1328    .bss                bsp_cpu_rtc.o
    0x20065a6c        -       0x00010ae0   Zero   RW         1409    .bss                bsp_esp32.o
    0x2007654c        -       0x00000010   Zero   RW         1521    .bss                bsp_flash.o
    0x2007655c        -       0x00000040   Zero   RW         1624    .bss                bsp_lmt01.o
    0x2007659c        -       0x0000c02c   Zero   RW         1690    .bss                double_integral.o
    0x200825c8        -       0x0000000c   Zero   RW         1746    .bss                bsp_uniqueid.o
    0x200825d4        -       0x00000040   Zero   RW         6659    .bss                queue.o
    0x20082614        -       0x000004c4   Zero   RW         7085    .bss                tasks.o
    0x20082ad8        -       0x00000118   Zero   RW         7426    .bss                timers.o
    0x20082bf0        -       0x000006b8   Zero   RW         7631    .bss                cmsis_os2.o
    0x200832a8        -       0x00001f40   Zero   RW         7994    .bss                heap_4.o
    0x200851e8        -       0x0000001e   Zero   RW         8121    .bss                version.o
    0x20085206   COMPRESSED   0x00000002   PAD
    0x20085208        -       0x00000400   Zero   RW         6454    STACK               startup_stm32l4r9xx.o


==============================================================================

Image component sizes


      Code (inc. data)   RO Data    RW Data    ZI Data      Debug   Object Name

       112         12          0          0          0       1443   bsp.o
       800         62         26          8         36       6602   bsp_cpu_rtc.o
      1608        156          0          6      68320      11165   bsp_esp32.o
       554         62          0         24         16       7451   bsp_flash.o
       102          4          0          0          0       1460   bsp_kx220.o
       104         12          0          0          0       2082   bsp_led.o
       490         84          0         16         64       5192   bsp_lmt01.o
       828        104         48         16       4340       7581   bsp_spi_ad7682.o
       236          8          0          0         12       1575   bsp_uniqueid.o
       960         64          0          4       1720      23939   cmsis_os2.o
        58          0          0          0          0       1231   crc.o
      2644        212        200         44     166316      24829   dataemutask.o
      1200        106         32         20     229648       4751   dateprocesstask.o
      1392         76          0          0      49196      17263   double_integral.o
       572        134          0          1          0       3655   esp32processtask.o
         0          0          0          0          0      18756   event_groups.o
         0          0          0          0          0       2676   freertos.o
       492         32          0         24       8000       5211   heap_4.o
       144          0          0          0          0       3866   list.o
      1320        124        309       3120       3576    1172750   main.o
      1130        100          0         24          0      13550   port.o
      2606         34          0          0         64      28760   queue.o
      6766        758          0         44       8896      43488   rxdbufprocesstask.o
        36          8        444          0       1024        792   startup_stm32l4r9xx.o
        98         16          0         12          0       3878   stm32l4xx_hal.o
       204         12          0          0          0      33776   stm32l4xx_hal_cortex.o
       900         52          0          0          0       6178   stm32l4xx_hal_dma.o
       466         48          0         32          0      24058   stm32l4xx_hal_flash.o
       484         26          0          0          0       3562   stm32l4xx_hal_flash_ex.o
       602         22          0          0          0       4657   stm32l4xx_hal_gpio.o
       184         14          0          0          0       2267   stm32l4xx_hal_msp.o
        52         12          0          0          0       1190   stm32l4xx_hal_pwr.o
       264         18          0          0          0       1666   stm32l4xx_hal_pwr_ex.o
      2724        124          0          0          0      10729   stm32l4xx_hal_rcc.o
      2008         44          0          0          0       4680   stm32l4xx_hal_rcc_ex.o
       954         14          0          0          0       8773   stm32l4xx_hal_rtc.o
       482         14          0          0          0       5782   stm32l4xx_hal_rtc_ex.o
      1504         20          0          0          0      13012   stm32l4xx_hal_spi.o
      1096         36          0          0          0      11082   stm32l4xx_hal_tim.o
       110          0          0          0          0       3368   stm32l4xx_hal_tim_ex.o
       156         28          0          0         64       2666   stm32l4xx_hal_timebase_tim.o
      5246         84          0          0          0      20948   stm32l4xx_hal_uart.o
       340         16          0          0          0       5898   stm32l4xx_hal_uart_ex.o
        24          6          0          0          0       3519   stm32l4xx_it.o
         0          0          0          0          0       8824   stream_buffer.o
        72         14         72          4          0       1353   system_stm32l4xx.o
      2864        256          0         60       1220      32524   tasks.o
      1016         96          0         20        280      27887   timers.o
        48         18          0          0         30       1222   version.o

    ----------------------------------------------------------------------
     46116       3142       1170       3484     542824    1653567   Object Totals
         0          0         32          0          0          0   (incl. Generated)
        64          0          7          5          2          0   (incl. Padding)

    ----------------------------------------------------------------------

      Code (inc. data)   RO Data    RW Data    ZI Data      Debug   Library Member Name

       110          0          0          0          0        950   arm_abs_f32.o
       392          0          0          0          0       2333   arm_biquad_cascade_df1_f32.o
        22          0          0          0          0       1075   arm_biquad_cascade_df1_init_f32.o
        64          0          0          0          0       1220   arm_bitreversal2.o
      1708          0          0          0          0       6291   arm_cfft_f32.o
      1466          8          0          0          0       5159   arm_cfft_radix8_f32.o
         0          0      87128          0          0       3698   arm_common_tables.o
         0          0        144          0          0       3827   arm_const_structs.o
       206          0          0          0          0       1176   arm_max_f32.o
       132          4          0          0          0       1010   arm_mean_f32.o
       192          4          0          0          0       1631   arm_rms_f32.o
       164         44          0          0          0        620   dunder.o
        24          0          0          0          0        124   fabs.o
        48          0          0          0          0        124   fpclassify.o
       248          0          0          0          0        152   poly.o
      3200        296        136          0          0        352   pow.o
         0          0          8          0          0          0   qnan.o
       224         30          0          0          0        172   round.o
       110          0          0          0          0        148   sqrt.o
        58          0          0          0          0        136   sqrtf.o
        86          0          0          0          0          0   __dczerorl2.o
         0          0          0          0          0          0   entry.o
         0          0          0          0          0          0   entry10a.o
         0          0          0          0          0          0   entry11a.o
         8          4          0          0          0          0   entry2.o
         4          0          0          0          0          0   entry5.o
         0          0          0          0          0          0   entry7b.o
         0          0          0          0          0          0   entry8b.o
         8          4          0          0          0          0   entry9a.o
        12          6          0          4          0         68   errno.o
        30          0          0          0          0          0   handlers.o
        36          8          0          0          0         68   init.o
         0          0          0          0          0          0   iusefp.o
        30          0          0          0          0         68   llshl.o
        36          0          0          0          0         68   llsshr.o
        32          0          0          0          0         68   llushr.o
        36          0          0          0          0         68   memcpya.o
        36          0          0          0          0        108   memseta.o
       416          8          0          0          0        252   printf1.o
        14          0          0          0          0         68   strlen.o
        44          0          0          0          0         80   uidiv.o
       104          0          0          0          0         92   uldiv.o
        48          0          0          0          0         68   cdcmple.o
        48          0          0          0          0         68   cdrcmple.o
        56          0          0          0          0         88   d2f.o
       350          0          0          0          0        148   dadd.o
       222          0          0          0          0        100   ddiv.o
       186          0          0          0          0        176   depilogue.o
        50          0          0          0          0         76   dfixui.o
        34          0          0          0          0         76   dflti.o
        26          0          0          0          0         76   dfltui.o
       234          0          0          0          0         96   dmul.o
       136          4          0          0          0         92   drnd.o
        46          0          0          0          0         80   dscalb.o
       162          0          0          0          0        100   dsqrt.o
        38          0          0          0          0         68   f2d.o
       110          0          0          0          0        168   fepilogue.o

    ----------------------------------------------------------------------
     11076        420      87418          4          0      32686   Library Totals
        30          0          2          0          0          0   (incl. Padding)

    ----------------------------------------------------------------------

      Code (inc. data)   RO Data    RW Data    ZI Data      Debug   Library Name

      4292         16      87272          0          0      28370   arm_cortexM4lf_math.lib
      4076        370        144          0          0       1828   m_wm.l
       932         30          0          4          0       1008   mc_w.l
      1746          4          0          0          0       1480   mf_w.l

    ----------------------------------------------------------------------
     11076        420      87418          4          0      32686   Library Totals

    ----------------------------------------------------------------------

==============================================================================


      Code (inc. data)   RO Data    RW Data    ZI Data      Debug   

     57192       3562      88588       3488     542824    1647709   Grand Totals
     57192       3562      88588        288     542824    1647709   ELF Image Totals (compressed)
     57192       3562      88588        288          0          0   ROM Totals

==============================================================================

    Total RO  Size (Code + RO Data)               145780 ( 142.36kB)
    Total RW  Size (RW Data + ZI Data)            546312 ( 533.51kB)
    Total ROM Size (Code + RO Data + RW Data)     146068 ( 142.64kB)

==============================================================================

