Component: ARM Compiler 5.06 update 6 (build 750) Tool: armlink [4d35ed]

==============================================================================

Section Cross References

    main.o(i.HAL_TIM_PeriodElapsedCallback) refers to stm32l4xx_hal.o(i.HAL_IncTick) for HAL_IncTick
    main.o(i.PostSleepProcessing) refers to main.o(i.SystemClock_Config) for SystemClock_Config
    main.o(i.PostSleepProcessing) refers to stm32l4xx_hal_timebase_tim.o(i.HAL_ResumeTick) for HAL_ResumeTick
    main.o(i.PreSleepProcessing) refers to stm32l4xx_hal_gpio.o(i.HAL_GPIO_Init) for HAL_GPIO_Init
    main.o(i.PreSleepProcessing) refers to stm32l4xx_hal_rtc_ex.o(i.HAL_RTCEx_DeactivateWakeUpTimer) for HAL_RTCEx_DeactivateWakeUpTimer
    main.o(i.PreSleepProcessing) refers to stm32l4xx_hal_rtc_ex.o(i.HAL_RTCEx_SetWakeUpTimer_IT) for HAL_RTCEx_SetWakeUpTimer_IT
    main.o(i.PreSleepProcessing) refers to stm32l4xx_hal_timebase_tim.o(i.HAL_SuspendTick) for HAL_SuspendTick
    main.o(i.PreSleepProcessing) refers to stm32l4xx_hal_pwr.o(i.HAL_PWR_EnterSTANDBYMode) for HAL_PWR_EnterSTANDBYMode
    main.o(i.PreSleepProcessing) refers to bsp_cpu_rtc.o(.bss) for RtcHandle
    main.o(i.PreSleepProcessing) refers to main.o(.bss) for .bss
    main.o(i.PreSleepProcessing) refers to main.o(.data) for .data
    main.o(i.StartDefaultTask) refers to bsp_lmt01.o(i.LMT01_GET_VALUE) for LMT01_GET_VALUE
    main.o(i.StartDefaultTask) refers to cmsis_os2.o(i.osDelay) for osDelay
    main.o(i.StartDefaultTask) refers to bsp_led.o(i.bsp_LedToggle) for bsp_LedToggle
    main.o(i.StartDefaultTask) refers to bsp_spi_ad7682.o(i.StopSample) for StopSample
    main.o(i.StartDefaultTask) refers to stm32l4xx_hal_cortex.o(i.HAL_NVIC_DisableIRQ) for HAL_NVIC_DisableIRQ
    main.o(i.StartDefaultTask) refers to cmsis_os2.o(i.osThreadSuspend) for osThreadSuspend
    main.o(i.StartDefaultTask) refers to main.o(.bss) for .bss
    main.o(i.StartDefaultTask) refers to main.o(.data) for .data
    main.o(i.SystemClock_Config) refers to memseta.o(.text) for __aeabi_memclr4
    main.o(i.SystemClock_Config) refers to stm32l4xx_hal_pwr_ex.o(i.HAL_PWREx_ControlVoltageScaling) for HAL_PWREx_ControlVoltageScaling
    main.o(i.SystemClock_Config) refers to stm32l4xx_hal_rcc.o(i.HAL_RCC_OscConfig) for HAL_RCC_OscConfig
    main.o(i.SystemClock_Config) refers to stm32l4xx_hal_rcc.o(i.HAL_RCC_ClockConfig) for HAL_RCC_ClockConfig
    main.o(i.SystemClock_Config) refers to stm32l4xx_hal_rcc_ex.o(i.HAL_RCCEx_PeriphCLKConfig) for HAL_RCCEx_PeriphCLKConfig
    main.o(i.SystemClock_Config_copy) refers to memseta.o(.text) for __aeabi_memclr4
    main.o(i.SystemClock_Config_copy) refers to stm32l4xx_hal_pwr_ex.o(i.HAL_PWREx_ControlVoltageScaling) for HAL_PWREx_ControlVoltageScaling
    main.o(i.SystemClock_Config_copy) refers to stm32l4xx_hal_rcc.o(i.HAL_RCC_OscConfig) for HAL_RCC_OscConfig
    main.o(i.SystemClock_Config_copy) refers to stm32l4xx_hal_rcc.o(i.HAL_RCC_ClockConfig) for HAL_RCC_ClockConfig
    main.o(i.SystemClock_Config_copy) refers to stm32l4xx_hal_rcc_ex.o(i.HAL_RCCEx_PeriphCLKConfig) for HAL_RCCEx_PeriphCLKConfig
    main.o(i.main) refers to stm32l4xx_hal.o(i.HAL_Init) for HAL_Init
    main.o(i.main) refers to main.o(i.SystemClock_Config) for SystemClock_Config
    main.o(i.main) refers to bsp.o(i.bsp_Init) for bsp_Init
    main.o(i.main) refers to cmsis_os2.o(i.osKernelInitialize) for osKernelInitialize
    main.o(i.main) refers to cmsis_os2.o(i.osSemaphoreNew) for osSemaphoreNew
    main.o(i.main) refers to cmsis_os2.o(i.osThreadNew) for osThreadNew
    main.o(i.main) refers to cmsis_os2.o(i.osKernelStart) for osKernelStart
    main.o(i.main) refers to main.o(.bss) for .bss
    main.o(i.main) refers to main.o(.constdata) for .constdata
    main.o(i.main) refers to main.o(.data) for .data
    main.o(i.main) refers to main.o(i.StartDefaultTask) for StartDefaultTask
    main.o(i.main) refers to dateprocesstask.o(i.DataProcessFunction) for DataProcessFunction
    main.o(i.main) refers to rxdbufprocesstask.o(i.RxdBufProcessFunction) for RxdBufProcessFunction
    main.o(i.main) refers to dataemutask.o(i.DataEmuFunction) for DataEmuFunction
    main.o(i.main) refers to esp32processtask.o(i.Esp32ProcessFunction) for Esp32ProcessFunction
    main.o(.constdata) refers to main.o(.conststring) for .conststring
    main.o(.constdata) refers to main.o(.bss) for myBinarySem01ControlBlock
    dateprocesstask.o(i.DataProcessFunction) refers to cmsis_os2.o(i.osDelay) for osDelay
    dateprocesstask.o(i.DataProcessFunction) refers to bsp_spi_ad7682.o(i.StartSample) for StartSample
    dateprocesstask.o(i.DataProcessFunction) refers to stm32l4xx_hal.o(i.HAL_Delay) for HAL_Delay
    dateprocesstask.o(i.DataProcessFunction) refers to bsp_spi_ad7682.o(i.StopSample) for StopSample
    dateprocesstask.o(i.DataProcessFunction) refers to cmsis_os2.o(i.osSemaphoreAcquire) for osSemaphoreAcquire
    dateprocesstask.o(i.DataProcessFunction) refers to dateprocesstask.o(.data) for .data
[...]
    HAL_UART_ErrorCallback                   0x080063ed   Thumb Code     2  stm32l4xx_hal_uart.o(i.HAL_UART_ErrorCallback)
    HAL_UART_IRQHandler                      0x080063f1   Thumb Code   518  stm32l4xx_hal_uart.o(i.HAL_UART_IRQHandler)
    HAL_UART_Init                            0x08006601   Thumb Code   110  stm32l4xx_hal_uart.o(i.HAL_UART_Init)
    HAL_UART_MspInit                         0x08006671   Thumb Code   198  bsp_esp32.o(i.HAL_UART_MspInit)
    HAL_UART_Receive_IT                      0x08006749   Thumb Code   264  stm32l4xx_hal_uart.o(i.HAL_UART_Receive_IT)
    HAL_UART_RxCpltCallback                  0x08006861   Thumb Code    48  bsp_esp32.o(i.HAL_UART_RxCpltCallback)
    HAL_UART_Transmit_DMA                    0x0800689d   Thumb Code   150  stm32l4xx_hal_uart.o(i.HAL_UART_Transmit_DMA)
    HAL_UART_TxCpltCallback                  0x08006941   Thumb Code    52  bsp_esp32.o(i.HAL_UART_TxCpltCallback)
    HAL_UART_TxHalfCpltCallback              0x08006985   Thumb Code     2  stm32l4xx_hal_uart.o(i.HAL_UART_TxHalfCpltCallback)
    HardFault_Handler                        0x08006987   Thumb Code     2  stm32l4xx_it.o(i.HardFault_Handler)
    LMT01_GET_VALUE                          0x08006989   Thumb Code    34  bsp_lmt01.o(i.LMT01_GET_VALUE)
    MemManage_Handler                        0x080069b9   Thumb Code     2  stm32l4xx_it.o(i.MemManage_Handler)
    NMI_Handler                              0x080069bb   Thumb Code     2  stm32l4xx_it.o(i.NMI_Handler)
    PostSleepProcessing                      0x080069bd   Thumb Code    20  main.o(i.PostSleepProcessing)
    PreSleepProcessing                       0x080069d5   Thumb Code   378  main.o(i.PreSleepProcessing)
    RTC_ByteToBcd2                           0x08006e2d   Thumb Code    48  stm32l4xx_hal_rtc.o(i.RTC_ByteToBcd2)
    RTC_CalcWeek                             0x08006e5d   Thumb Code   198  bsp_cpu_rtc.o(i.RTC_CalcWeek)
    RTC_ConvertDatetimeToSeconds             0x08006f2d   Thumb Code   102  bsp_cpu_rtc.o(i.RTC_ConvertDatetimeToSeconds)
    RTC_ExitInitMode                         0x08006f99   Thumb Code   184  stm32l4xx_hal_rtc.o(i.RTC_ExitInitMode)
    RTC_ReadClock                            0x08007055   Thumb Code    98  bsp_cpu_rtc.o(i.RTC_ReadClock)
    RTC_WKUP_IRQHandler                      0x080070c5   Thumb Code     6  bsp_cpu_rtc.o(i.RTC_WKUP_IRQHandler)
    RTC_WriteClock                           0x080070d1   Thumb Code   108  bsp_cpu_rtc.o(i.RTC_WriteClock)
    RxdBufProcessFunction                    0x08007145   Thumb Code    42  rxdbufprocesstask.o(i.RxdBufProcessFunction)
    RxdByte                                  0x0800717d   Thumb Code   488  rxdbufprocesstask.o(i.RxdByte)
    SPI1_IRQHandler                          0x08007371   Thumb Code   120  bsp_spi_ad7682.o(i.SPI1_IRQHandler)
    STMFLASH_Write                           0x080077d1   Thumb Code   280  bsp_flash.o(i.STMFLASH_Write)
    StartDefaultTask                         0x08007901   Thumb Code   122  main.o(i.StartDefaultTask)
    StartSample                              0x08007985   Thumb Code     6  bsp_spi_ad7682.o(i.StartSample)
    StopSample                               0x08007991   Thumb Code     6  bsp_spi_ad7682.o(i.StopSample)
    SysTick_Handler                          0x0800799d   Thumb Code    38  port.o(i.SysTick_Handler)
    SystemClock_Config                       0x080079c9   Thumb Code   114  main.o(i.SystemClock_Config)
    SystemInit                               0x08007a3d   Thumb Code    58  system_stm32l4xx.o(i.SystemInit)
    TIM3_IRQHandler                          0x08007a85   Thumb Code    48  bsp_spi_ad7682.o(i.TIM3_IRQHandler)
    TIM4_IRQHandler                          0x08007ac1   Thumb Code    98  bsp_lmt01.o(i.TIM4_IRQHandler)
    TIM7_IRQHandler                          0x08007b45   Thumb Code     6  stm32l4xx_it.o(i.TIM7_IRQHandler)
    TIM8_UP_IRQHandler                       0x08007b51   Thumb Code    84  bsp_spi_ad7682.o(i.TIM8_UP_IRQHandler)
    TIM_Base_SetConfig                       0x08007bb9   Thumb Code   164  stm32l4xx_hal_tim.o(i.TIM_Base_SetConfig)
    TransmitOverInLowPower                   0x08007c7d   Thumb Code    26  rxdbufprocesstask.o(i.TransmitOverInLowPower)
    UART_AdvFeatureConfig                    0x08007c9d   Thumb Code   218  stm32l4xx_hal_uart.o(i.UART_AdvFeatureConfig)
    UART_CheckIdleState                      0x08007d77   Thumb Code    98  stm32l4xx_hal_uart.o(i.UART_CheckIdleState)
    UART_SetConfig                           0x080080d1   Thumb Code  2270  stm32l4xx_hal_uart.o(i.UART_SetConfig)
    UART_WaitOnFlagUntilTimeout              0x080089af   Thumb Code   118  stm32l4xx_hal_uart.o(i.UART_WaitOnFlagUntilTimeout)
    USART1_IRQHandler                        0x08008a25   Thumb Code     6  bsp_esp32.o(i.USART1_IRQHandler)
    UsageFault_Handler                       0x08008a31   Thumb Code     2  stm32l4xx_it.o(i.UsageFault_Handler)
    Version_Get_Str                          0x08008a35   Thumb Code    30  version.o(i.Version_Get_Str)
    WRBYTES                                  0x08008a65   Thumb Code    14  bsp_flash.o(i.WRBYTES)
    WriteDataToTXDBUF                        0x08008a75   Thumb Code   246  bsp_esp32.o(i.WriteDataToTXDBUF)
    __0snprintf$1                            0x08008b7d   Thumb Code    44  printf1.o(i.__0snprintf$1)
    __1snprintf$1                            0x08008b7d   Thumb Code     0  printf1.o(i.__0snprintf$1)
    __2snprintf                              0x08008b7d   Thumb Code     0  printf1.o(i.__0snprintf$1)
    __ARM_fpclassify                         0x08008bad   Thumb Code    48  fpclassify.o(i.__ARM_fpclassify)
    __hardfp_pow                             0x08008be1   Thumb Code  3072  pow.o(i.__hardfp_pow)
    __hardfp_round                           0x08009861   Thumb Code   194  round.o(i.__hardfp_round)
    __hardfp_sqrtf                           0x08009941   Thumb Code    58  sqrtf.o(i.__hardfp_sqrtf)
    __kernel_poly                            0x0800997b   Thumb Code   248  poly.o(i.__kernel_poly)
    __mathlib_dbl_divzero                    0x08009a79   Thumb Code    28  dunder.o(i.__mathlib_dbl_divzero)
    __mathlib_dbl_infnan2                    0x08009aa9   Thumb Code    20  dunder.o(i.__mathlib_dbl_infnan2)
    __mathlib_dbl_invalid                    0x08009ac1   Thumb Code    24  dunder.o(i.__mathlib_dbl_invalid)
    __mathlib_dbl_overflow                   0x08009ae1   Thumb Code    24  dunder.o(i.__mathlib_dbl_overflow)
    __mathlib_dbl_underflow                  0x08009b01   Thumb Code    24  dunder.o(i.__mathlib_dbl_underflow)
    __scatterload_copy                       0x08009b21   Thumb Code    14  handlers.o(i.__scatterload_copy)
    __scatterload_null                       0x08009b2f   Thumb Code     2  handlers.o(i.__scatterload_null)
    __scatterload_zeroinit                   0x08009b31   Thumb Code    14  handlers.o(i.__scatterload_zeroinit)
    __set_errno                              0x08009b41   Thumb Code     6  errno.o(i.__set_errno)
    bsp_Esp32_Init                           0x08009cbd   Thumb Code   254  bsp_esp32.o(i.bsp_Esp32_Init)
    bsp_Init                                 0x08009dd9   Thumb Code    94  bsp.o(i.bsp_Init)
    bsp_InitAD7682                           0x08009e41   Thumb Code   282  bsp_spi_ad7682.o(i.bsp_InitAD7682)
    bsp_InitKX220                            0x08009f7d   Thumb Code    90  bsp_kx220.o(i.bsp_InitKX220)
    bsp_InitLMT01                            0x08009fdd   Thumb Code   230  bsp_lmt01.o(i.bsp_InitLMT01)
    bsp_InitLed                              0x0800a0dd   Thumb Code    60  bsp_led.o(i.bsp_InitLed)
    bsp_InitRTC                              0x0800a121   Thumb Code   416  bsp_cpu_rtc.o(i.bsp_InitRTC)
    bsp_LedToggle                            0x0800a2dd   Thumb Code    20  bsp_led.o(i.bsp_LedToggle)
    command_adjust_adc                       0x0800a2f5   Thumb Code   190  rxdbufprocesstask.o(i.command_adjust_adc)
    command_channelkind                      0x0800a3c9   Thumb Code   102  rxdbufprocesstask.o(i.command_channelkind)
    command_iap_data                         0x0800a439   Thumb Code   354  rxdbufprocesstask.o(i.command_iap_data)
    command_iap_statue                       0x0800a5b9   Thumb Code   194  rxdbufprocesstask.o(i.command_iap_statue)
    command_id                               0x0800a68d   Thumb Code   142  rxdbufprocesstask.o(i.command_id)
    command_reply_SampleParameter            0x0800a729   Thumb Code   142  rxdbufprocesstask.o(i.command_reply_SampleParameter)
    command_reply_alarm_value                0x0800a7c5   Thumb Code   162  rxdbufprocesstask.o(i.command_reply_alarm_value)
    command_reply_channel_condition          0x0800a875   Thumb Code    52  rxdbufprocesstask.o(i.command_reply_channel_condition)
    command_reply_lowpower                   0x0800a8b5   Thumb Code   118  rxdbufprocesstask.o(i.command_reply_lowpower)
    command_reply_lowpower_value             0x0800a939   Thumb Code   114  rxdbufprocesstask.o(i.command_reply_lowpower_value)
    command_reply_runmode                    0x0800a9b9   Thumb Code    50  rxdbufprocesstask.o(i.command_reply_runmode)
    command_reply_scale                      0x0800a9f9   Thumb Code   272  rxdbufprocesstask.o(i.command_reply_scale)
    command_reply_sw_version                 0x0800ab19   Thumb Code   130  rxdbufprocesstask.o(i.command_reply_sw_version)
    command_replyap                          0x0800aba5   Thumb Code   330  rxdbufprocesstask.o(i.command_replyap)
    command_replyip                          0x0800ad05   Thumb Code   448  rxdbufprocesstask.o(i.command_replyip)
    command_replytcpserve                    0x0800aed9   Thumb Code   332  rxdbufprocesstask.o(i.command_replytcpserve)
    command_set_SampleParameter              0x0800b031   Thumb Code   172  rxdbufprocesstask.o(i.command_set_SampleParameter)
    command_set_alarm_source                 0x0800b0e9   Thumb Code   182  rxdbufprocesstask.o(i.command_set_alarm_source)
    command_set_alarm_value                  0x0800b1b5   Thumb Code   148  rxdbufprocesstask.o(i.command_set_alarm_value)
    command_set_ap                           0x0800b255   Thumb Code   324  rxdbufprocesstask.o(i.command_set_ap)
    command_set_scale                        0x0800b3b1   Thumb Code   248  rxdbufprocesstask.o(i.command_set_scale)
    command_set_snnumber                     0x0800b4bd   Thumb Code   162  rxdbufprocesstask.o(i.command_set_snnumber)
    command_set_tcpserve                     0x0800b56d   Thumb Code   324  rxdbufprocesstask.o(i.command_set_tcpserve)
    command_setip                            0x0800b6c9   Thumb Code   450  rxdbufprocesstask.o(i.command_setip)
    command_setrunmode                       0x0800b8ad   Thumb Code   206  rxdbufprocesstask.o(i.command_setrunmode)
    command_stop                             0x0800b98d   Thumb Code   224  rxdbufprocesstask.o(i.command_stop)
    eTaskConfirmSleepModeStatus              0x0800ba81   Thumb Code    36  tasks.o(i.eTaskConfirmSleepModeStatus)
    emu_sprase_index                         0x0800bab1   Thumb Code    88  dateprocesstask.o(i.emu_sprase_index)
    fabs                                     0x0800bb15   Thumb Code    24  fabs.o(i.fabs)
    frq_domain_integral                      0x0800bb2d   Thumb Code   726  double_integral.o(i.frq_domain_integral)
    initEEPROM                               0x0800be15   Thumb Code     4  bsp_flash.o(i.initEEPROM)
    integ_init                               0x0800be19   Thumb Code   662  double_integral.o(i.integ_init)
    loadConfig                               0x0800c0ed   Thumb Code    82  bsp_flash.o(i.loadConfig)
    main                                     0x0800c151   Thumb Code   332  main.o(i.main)
    osDelay                                  0x0800c2c5   Thumb Code    48  cmsis_os2.o(i.osDelay)
    osKernelInitialize                       0x0800c2f9   Thumb Code    50  cmsis_os2.o(i.osKernelInitialize)
    osKernelStart                            0x0800c331   Thumb Code    58  cmsis_os2.o(i.osKernelStart)
    osSemaphoreAcquire                       0x0800c371   Thumb Code   110  cmsis_os2.o(i.osSemaphoreAcquire)
    osSemaphoreNew                           0x0800c3e9   Thumb Code   184  cmsis_os2.o(i.osSemaphoreNew)
    osSemaphoreRelease                       0x0800c4a5   Thumb Code   100  cmsis_os2.o(i.osSemaphoreRelease)
    osThreadNew                              0x0800c511   Thumb Code   184  cmsis_os2.o(i.osThreadNew)
    osThreadSuspend                          0x0800c5cd   Thumb Code    52  cmsis_os2.o(i.osThreadSuspend)
    pvPortMalloc                             0x0800cc71   Thumb Code   376  heap_4.o(i.pvPortMalloc)
    pvTaskIncrementMutexHeldCount            0x0800cdfd   Thumb Code    18  tasks.o(i.pvTaskIncrementMutexHeldCount)
    pxPortInitialiseStack                    0x0800ce15   Thumb Code    38  port.o(i.pxPortInitialiseStack)
    rule_check                               0x0800ce41   Thumb Code   424  dataemutask.o(i.rule_check)
    saveConfig                               0x0800cffd   Thumb Code    16  bsp_flash.o(i.saveConfig)
    software_reset                           0x0800d019   Thumb Code    28  main.o(i.software_reset)
    sqrt                                     0x0800d03d   Thumb Code   110  sqrt.o(i.sqrt)
    test_rtc                                 0x0800d0ad   Thumb Code   134  rxdbufprocesstask.o(i.test_rtc)
    uxListRemove                             0x0800d145   Thumb Code    38  list.o(i.uxListRemove)
    vApplicationGetIdleTaskMemory            0x0800d16d   Thumb Code    16  cmsis_os2.o(i.vApplicationGetIdleTaskMemory)
    vApplicationGetTimerTaskMemory           0x0800d181   Thumb Code    18  cmsis_os2.o(i.vApplicationGetTimerTaskMemory)
    vListInitialise                          0x0800d199   Thumb Code    22  list.o(i.vListInitialise)
    vListInitialiseItem                      0x0800d1af   Thumb Code     6  list.o(i.vListInitialiseItem)
    vListInsert                              0x0800d1b5   Thumb Code    58  list.o(i.vListInsert)
    vListInsertEnd                           0x0800d1ef   Thumb Code    24  list.o(i.vListInsertEnd)
    vPortEnterCritical                       0x0800d209   Thumb Code    56  port.o(i.vPortEnterCritical)
    vPortExitCritical                        0x0800d249   Thumb Code    38  port.o(i.vPortExitCritical)
    vPortFree                                0x0800d275   Thumb Code   154  heap_4.o(i.vPortFree)
    vPortSuppressTicksAndSleep               0x0800d319   Thumb Code   244  port.o(i.vPortSuppressTicksAndSleep)
    vPortValidateInterruptPriority           0x0800d411   Thumb Code    74  port.o(i.vPortValidateInterruptPriority)
    vQueueAddToRegistry                      0x0800d465   Thumb Code    34  queue.o(i.vQueueAddToRegistry)
    vQueueDelete                             0x0800d48d   Thumb Code    74  queue.o(i.vQueueDelete)
    vQueueWaitForMessageRestricted           0x0800d4dd   Thumb Code    74  queue.o(i.vQueueWaitForMessageRestricted)
    vTaskDelay                               0x0800d529   Thumb Code    66  tasks.o(i.vTaskDelay)
    vTaskInternalSetTimeOutState             0x0800d575   Thumb Code    12  tasks.o(i.vTaskInternalSetTimeOutState)
    vTaskMissedYield                         0x0800d585   Thumb Code     8  tasks.o(i.vTaskMissedYield)
    vTaskPlaceOnEventList                    0x0800d591   Thumb Code    46  tasks.o(i.vTaskPlaceOnEventList)
    vTaskPlaceOnEventListRestricted          0x0800d5c5   Thumb Code    54  tasks.o(i.vTaskPlaceOnEventListRestricted)
    vTaskPriorityDisinheritAfterTimeout      0x0800d601   Thumb Code   146  tasks.o(i.vTaskPriorityDisinheritAfterTimeout)
    vTaskStartScheduler                      0x0800d69d   Thumb Code   124  tasks.o(i.vTaskStartScheduler)
    vTaskStepTick                            0x0800d729   Thumb Code    36  tasks.o(i.vTaskStepTick)
    vTaskSuspend                             0x0800d751   Thumb Code   256  tasks.o(i.vTaskSuspend)
    vTaskSuspendAll                          0x0800d861   Thumb Code    10  tasks.o(i.vTaskSuspendAll)
    vTaskSwitchContext                       0x0800d871   Thumb Code    98  tasks.o(i.vTaskSwitchContext)
    xPortStartScheduler                      0x0800d8dd   Thumb Code   306  port.o(i.xPortStartScheduler)
    xQueueCreateCountingSemaphore            0x0800da31   Thumb Code    58  queue.o(i.xQueueCreateCountingSemaphore)
    xQueueCreateCountingSemaphoreStatic      0x0800da6b   Thumb Code    64  queue.o(i.xQueueCreateCountingSemaphoreStatic)
    xQueueGenericCreate                      0x0800daab   Thumb Code   150  queue.o(i.xQueueGenericCreate)
    xQueueGenericCreateStatic                0x0800db41   Thumb Code   184  queue.o(i.xQueueGenericCreateStatic)
    xQueueGenericSend                        0x0800dbf9   Thumb Code   464  queue.o(i.xQueueGenericSend)
    xQueueGenericSendFromISR                 0x0800ddd5   Thumb Code   282  queue.o(i.xQueueGenericSendFromISR)
    xQueueGiveFromISR                        0x0800deef   Thumb Code   158  queue.o(i.xQueueGiveFromISR)
    xQueueReceive                            0x0800df8d   Thumb Code   340  queue.o(i.xQueueReceive)
    xQueueReceiveFromISR                     0x0800e0e5   Thumb Code   174  queue.o(i.xQueueReceiveFromISR)
    xQueueSemaphoreTake                      0x0800e195   Thumb Code   406  queue.o(i.xQueueSemaphoreTake)
    xTaskCheckForTimeOut                     0x0800e331   Thumb Code   124  tasks.o(i.xTaskCheckForTimeOut)
    xTaskCreate                              0x0800e3b1   Thumb Code   184  tasks.o(i.xTaskCreate)
    xTaskCreateStatic                        0x0800e46f   Thumb Code   214  tasks.o(i.xTaskCreateStatic)
    xTaskGetSchedulerState                   0x0800e54d   Thumb Code    24  tasks.o(i.xTaskGetSchedulerState)
    xTaskGetTickCount                        0x0800e569   Thumb Code     6  tasks.o(i.xTaskGetTickCount)
    xTaskIncrementTick                       0x0800e575   Thumb Code   220  tasks.o(i.xTaskIncrementTick)
    xTaskPriorityDisinherit                  0x0800e659   Thumb Code   122  tasks.o(i.xTaskPriorityDisinherit)
    xTaskPriorityInherit                     0x0800e6dd   Thumb Code   118  tasks.o(i.xTaskPriorityInherit)
    xTaskRemoveFromEventList                 0x0800e75d   Thumb Code   128  tasks.o(i.xTaskRemoveFromEventList)
    xTaskResumeAll                           0x0800e7e9   Thumb Code   434  tasks.o(i.xTaskResumeAll)
    xTimerCreateTimerTask                    0x0800e9b1   Thumb Code   140  timers.o(i.xTimerCreateTimerTask)
    xTimerGenericCommand                     0x0800ea5d   Thumb Code   116  timers.o(i.xTimerGenericCommand)
    IIRCoeffs16384_1600HP                    0x0800ebc8   Data          40  dataemutask.o(.constdata)
    IIRCoeffs8192_1600HP                     0x0800ebf0   Data          40  dataemutask.o(.constdata)
    IIRCoeffs4096_1600HP                     0x0800ec18   Data          40  dataemutask.o(.constdata)
    IIRCoeffs16384_1000_6000BP               0x0800ec40   Data          40  dataemutask.o(.constdata)
    IIRCoeffs16384_1000LP                    0x0800ec68   Data          40  dataemutask.o(.constdata)
    ad7682_ch_queue                          0x0800ec90   Data          24  bsp_spi_ad7682.o(.constdata)
    ad7682_ch_data_queue                     0x0800eca8   Data          24  bsp_spi_ad7682.o(.constdata)
    AHBPrescTable                            0x0800ecdc   Data          16  system_stm32l4xx.o(.constdata)
    MSIRangeTable                            0x0800ecec   Data          48  system_stm32l4xx.o(.constdata)
    APBPrescTable                            0x0800ed1c   Data           8  system_stm32l4xx.o(.constdata)
    __mathlib_zero                           0x0800edb0   Data           8  qnan.o(.constdata)
    armBitRevIndexTable1024                  0x0800ee0a   Data        3600  arm_common_tables.o(.rodata.armBitRevIndexTable1024)
    armBitRevIndexTable128                   0x0800fc1a   Data         416  arm_common_tables.o(.rodata.armBitRevIndexTable128)
    armBitRevIndexTable16                    0x0800fdba   Data          40  arm_common_tables.o(.rodata.armBitRevIndexTable16)
    armBitRevIndexTable2048                  0x0800fde2   Data        7616  arm_common_tables.o(.rodata.armBitRevIndexTable2048)
    armBitRevIndexTable256                   0x08011ba2   Data         880  arm_common_tables.o(.rodata.armBitRevIndexTable256)
    armBitRevIndexTable32                    0x08011f12   Data          96  arm_common_tables.o(.rodata.armBitRevIndexTable32)
    armBitRevIndexTable4096                  0x08011f72   Data        8064  arm_common_tables.o(.rodata.armBitRevIndexTable4096)
    armBitRevIndexTable512                   0x08013ef2   Data         896  arm_common_tables.o(.rodata.armBitRevIndexTable512)
    armBitRevIndexTable64                    0x08014272   Data         112  arm_common_tables.o(.rodata.armBitRevIndexTable64)
    arm_cfft_sR_f32_len1024                  0x080142e4   Data          16  arm_const_structs.o(.rodata.arm_cfft_sR_f32_len1024)
    arm_cfft_sR_f32_len128                   0x080142f4   Data          16  arm_const_structs.o(.rodata.arm_cfft_sR_f32_len128)
    arm_cfft_sR_f32_len16                    0x08014304   Data          16  arm_const_structs.o(.rodata.arm_cfft_sR_f32_len16)
    arm_cfft_sR_f32_len2048                  0x08014314   Data          16  arm_const_structs.o(.rodata.arm_cfft_sR_f32_len2048)
    arm_cfft_sR_f32_len256                   0x08014324   Data          16  arm_const_structs.o(.rodata.arm_cfft_sR_f32_len256)
    arm_cfft_sR_f32_len32                    0x08014334   Data          16  arm_const_structs.o(.rodata.arm_cfft_sR_f32_len32)
    arm_cfft_sR_f32_len4096                  0x08014344   Data          16  arm_const_structs.o(.rodata.arm_cfft_sR_f32_len4096)
    arm_cfft_sR_f32_len512                   0x08014354   Data          16  arm_const_structs.o(.rodata.arm_cfft_sR_f32_len512)
    arm_cfft_sR_f32_len64                    0x08014364   Data          16  arm_const_structs.o(.rodata.arm_cfft_sR_f32_len64)
    twiddleCoef_1024                         0x08014374   Data        8192  arm_common_tables.o(.rodata.twiddleCoef_1024)
    twiddleCoef_128                          0x08016374   Data        1024  arm_common_tables.o(.rodata.twiddleCoef_128)
    twiddleCoef_16                           0x08016774   Data         128  arm_common_tables.o(.rodata.twiddleCoef_16)
    twiddleCoef_2048                         0x080167f4   Data       16384  arm_common_tables.o(.rodata.twiddleCoef_2048)
    twiddleCoef_256                          0x0801a7f4   Data        2048  arm_common_tables.o(.rodata.twiddleCoef_256)
    twiddleCoef_32                           0x0801aff4   Data         256  arm_common_tables.o(.rodata.twiddleCoef_32)
    twiddleCoef_4096                         0x0801b0f4   Data       32768  arm_common_tables.o(.rodata.twiddleCoef_4096)
    twiddleCoef_512                          0x080230f4   Data        4096  arm_common_tables.o(.rodata.twiddleCoef_512)
    twiddleCoef_64                           0x080240f4   Data         512  arm_common_tables.o(.rodata.twiddleCoef_64)
    Region$$Table$$Base                      0x080242f4   Number         0  anon$$obj.o(Region$$Table)
    Region$$Table$$Limit                     0x08024314   Number         0  anon$$obj.o(Region$$Table)
    sleepcounter                             0x20000000   Data           4  main.o(.data)
    defaultTaskHandle                        0x20000004   Data           4  main.o(.data)
    DateProcessHandle                        0x20000008   Data           4  main.o(.data)
    DateEmuHandle                            0x2000000c   Data           4  main.o(.data)
    RxdBufProcessHandle                      0x20000010   Data           4  main.o(.data)
    Esp32ProcessHandle                       0x20000014   Data           4  main.o(.data)
    ad7682_readyHandle                       0x20000018   Data           4  main.o(.data)
    seconds_sample_data_readyHandle          0x2000001c   Data           4  main.o(.data)
    write_data_readyHandle                   0x20000020   Data           4  main.o(.data)
    config                                   0x20000028   Data        3080  main.o(.data)
    FirstBlood                               0x20000c30   Data           1  dateprocesstask.o(.data)
    currentSAMPLEblock                       0x20000c34   Data           4  dateprocesstask.o(.data)
    halfref                                  0x20000c38   Data           4  dateprocesstask.o(.data)
    ActualIndex                              0x20000c3c   Data           4  dateprocesstask.o(.data)
    ActualSampleCH                           0x20000c40   Data           4  dateprocesstask.o(.data)
    WaritSignalCounter                       0x20000c48   Data           4  dataemutask.o(.data)
    timetest                                 0x20000c4c   Data           4  dataemutask.o(.data)
    WaitTransmissionModeCounter              0x20000c50   Data           4  dataemutask.o(.data)
    fftSize                                  0x20000c58   Data           4  dataemutask.o(.data)
    ifftFlag                                 0x20000c5c   Data           4  dataemutask.o(.data)
    Requirdperiodwave_tRTC                   0x20000c60   Data           8  dataemutask.o(.data)
    PT_Temp                                  0x20000c68   Data           8  dataemutask.o(.data)
    receive_iap_pack_index                   0x20000c70   Data           1  rxdbufprocesstask.o(.data)
    RxdBytes                                 0x20000c72   Data           2  rxdbufprocesstask.o(.data)
    esp32_ready                              0x20000c74   Data           2  rxdbufprocesstask.o(.data)
    WifiConnectedFlag                        0x20000c76   Data           2  rxdbufprocesstask.o(.data)
    WifiDisconnectedFlag                     0x20000c78   Data           2  rxdbufprocesstask.o(.data)
    CmdBufLength                             0x20000c7a   Data           2  rxdbufprocesstask.o(.data)
    interscale                               0x20000c7c   Data           4  rxdbufprocesstask.o(.data)
    receive_iap_data_length                  0x20000c80   Data           4  rxdbufprocesstask.o(.data)
    erase_data_length                        0x20000c84   Data           4  rxdbufprocesstask.o(.data)
    lastcounter                              0x20000c88   Data           4  rxdbufprocesstask.o(.data)
    errorcounter                             0x20000c8c   Data           4  rxdbufprocesstask.o(.data)
    rightcounter                             0x20000c90   Data           4  rxdbufprocesstask.o(.data)
    datareadyprocess                         0x20000c94   Data           1  bsp_spi_ad7682.o(.data)
    next_ch                                  0x20000c96   Data           2  bsp_spi_ad7682.o(.data)
    ad7682_cfg                               0x20000c98   Data           2  bsp_spi_ad7682.o(.data)
    cur_ad_ch                                0x20000c9a   Data           2  bsp_spi_ad7682.o(.data)
    cur_ad_index                             0x20000c9c   Data           4  bsp_spi_ad7682.o(.data)
    CurrentAD7682DataCounter                 0x20000ca0   Data           4  bsp_spi_ad7682.o(.data)
    g_tRTC                                   0x20000ca4   Data           8  bsp_cpu_rtc.o(.data)
    HeadIndex                                0x20000cac   Data           1  bsp_esp32.o(.data)
    TailIndex                                0x20000cad   Data           1  bsp_esp32.o(.data)
    RxdBufHeadIndex                          0x20000cae   Data           2  bsp_esp32.o(.data)
    RxdBufTailIndex                          0x20000cb0   Data           2  bsp_esp32.o(.data)
    FirstPage                                0x20000cb4   Data           4  bsp_flash.o(.data)
    NbOfPages                                0x20000cb8   Data           4  bsp_flash.o(.data)
    BankNumber                               0x20000cbc   Data           4  bsp_flash.o(.data)
    PAGEError                                0x20000cc0   Data           4  bsp_flash.o(.data)
    llength                                  0x20000cc4   Data           4  bsp_flash.o(.data)
    LMT01_RUN_COUNTER                        0x20000cc8   Data           4  bsp_lmt01.o(.data)
    LMT01_TEMP_CNT                           0x20000ccc   Data           4  bsp_lmt01.o(.data)
    LMT01_TEMP_VALUE                         0x20000cd0   Data           4  bsp_lmt01.o(.data)
    LMT01_PULSE_WIDTH                        0x20000cd4   Data           4  bsp_lmt01.o(.data)
    uwTickPrio                               0x20000cd8   Data           4  stm32l4xx_hal.o(.data)
    uwTickFreq                               0x20000cdc   Data           4  stm32l4xx_hal.o(.data)
    uwTick                                   0x20000ce0   Data           4  stm32l4xx_hal.o(.data)
    pFlash                                   0x20000ce4   Data          32  stm32l4xx_hal_flash.o(.data)
    SystemCoreClock                          0x20000d04   Data           4  system_stm32l4xx.o(.data)
    pxCurrentTCB                             0x20000d08   Data           4  tasks.o(.data)
    Parameter                                0x20000d90   Data        3496  main.o(.bss)
    myBinarySem01ControlBlock                0x20001b38   Data          80  main.o(.bss)
    wp                                       0x20001b88   Data          64  dateprocesstask.o(.bss)
    piz_emu_data                             0x20001bc8   Data       131072  dateprocesstask.o(.bss)
    mems_emu_data                            0x20021bc8   Data       98304  dateprocesstask.o(.bss)
    jiaoyansum                               0x20039bc8   Data          16  dateprocesstask.o(.bss)
    AD_ZERO                                  0x20039bd8   Data          16  dateprocesstask.o(.bss)
    AD_ZEROlowpass                           0x20039be8   Data          16  dateprocesstask.o(.bss)
    AD_INTER                                 0x20039bf8   Data          16  dateprocesstask.o(.bss)
    lastdata                                 0x20039c08   Data          16  dateprocesstask.o(.bss)
    filtercounter                            0x20039c18   Data          16  dateprocesstask.o(.bss)
    sprase_counter                           0x20039c28   Data          48  dateprocesstask.o(.bss)
    StoreDateIndex                           0x20039c58   Data          48  dateprocesstask.o(.bss)
    wave_jscope                              0x20039c88   Data          16  dateprocesstask.o(.bss)
    emu_inter_data                           0x20039c98   Data       65536  dataemutask.o(.bss)
    fft_data                                 0x20049c98   Data       16384  dataemutask.o(.bss)
    fft_inter_data                           0x2004dc98   Data       16384  dataemutask.o(.bss)
    testOutput                               0x20051c98   Data       65536  dataemutask.o(.bss)
    IIRStateF32                              0x20061c98   Data          32  dataemutask.o(.bss)
    S_test                                   0x20061cb8   Data          12  dataemutask.o(.bss)
    sendbuf                                  0x20061cc4   Data         812  dataemutask.o(.bss)
    value_statue                             0x20061ff0   Data          20  dataemutask.o(.bss)
    PeriodWaveToSend                         0x20062004   Data        1600  dataemutask.o(.bss)
    RxdTelBuf                                0x20062644   Data        1600  rxdbufprocesstask.o(.bss)
    RXDCmdBuf                                0x20062c84   Data        1600  rxdbufprocesstask.o(.bss)
    CmdBuf                                   0x200632c4   Data        1600  rxdbufprocesstask.o(.bss)
    htim7                                    0x20063904   Data          64  stm32l4xx_hal_timebase_tim.o(.bss)
    SpiHandle                                0x20063944   Data         100  bsp_spi_ad7682.o(.bss)
    htim8                                    0x200639a8   Data          64  bsp_spi_ad7682.o(.bss)
    htim3                                    0x200639e8   Data          64  bsp_spi_ad7682.o(.bss)
    ad7682_rec                               0x20063a28   Data          16  bsp_spi_ad7682.o(.bss)
    ad7682_date                              0x20063a38   Data        4096  bsp_spi_ad7682.o(.bss)
    RtcHandle                                0x20064a38   Data          36  bsp_cpu_rtc.o(.bss)
    aRxBuffer                                0x20064a5c   Data          20  bsp_esp32.o(.bss)
    TXDBUFLength                             0x20064a70   Data         128  bsp_esp32.o(.bss)
    huart1                                   0x20064af0   Data         140  bsp_esp32.o(.bss)
    hdma_usart1_tx                           0x20064b7c   Data          96  bsp_esp32.o(.bss)
    hdma_usart1_rx                           0x20064bdc   Data          96  bsp_esp32.o(.bss)
    RxdBuf                                   0x20064c3c   Data        1024  bsp_esp32.o(.bss)
    TXDBUF                                   0x2006503c   Data       66816  bsp_esp32.o(.bss)
    htim4                                    0x2007554c   Data          64  bsp_lmt01.o(.bss)
    integ                                    0x2007558c   Data       49196  double_integral.o(.bss)
    bsp_uniqueID_space                       0x200815b8   Data          12  bsp_uniqueid.o(.bss)
    xQueueRegistry                           0x200815c4   Data          64  queue.o(.bss)
    __initial_sp                             0x200845f8   Data           0  startup_stm32l4r9xx.o(STACK)



==============================================================================

Memory Map of the image

  Image Entry point : 0x080001bd

  Load Region LR_IROM1 (Base: 0x08000000, Size: 0x000250a4, Max: 0x00200000, ABSOLUTE, COMPRESSED[0x00024430])

    Execution Region ER_IROM1 (Exec base: 0x08000000, Load base: 0x08000000, Size: 0x00024314, Max: 0x00200000, ABSOLUTE)

    Exec Addr    Load Addr    Size         Type   Attr      Idx    E Section Name        Object

    0x08000000   0x08000000   0x000001bc   Data   RO         6079    RESET               startup_stm32l4r9xx.o
    0x080001bc   0x080001bc   0x00000000   Code   RO         8134  * .ARM.Collect$$$$00000000  mc_w.l(entry.o)
    0x080001bc   0x080001bc   0x00000004   Code   RO         8461    .ARM.Collect$$$$00000001  mc_w.l(entry2.o)
    0x080001c0   0x080001c0   0x00000004   Code   RO         8464    .ARM.Collect$$$$00000004  mc_w.l(entry5.o)
    0x080001c4   0x080001c4   0x00000000   Code   RO         8466    .ARM.Collect$$$$00000008  mc_w.l(entry7b.o)
    0x080001c4   0x080001c4   0x00000000   Code   RO         8468    .ARM.Collect$$$$0000000A  mc_w.l(entry8b.o)
    0x080001c4   0x080001c4   0x00000008   Code   RO         8469    .ARM.Collect$$$$0000000B  mc_w.l(entry9a.o)
    0x080001cc   0x080001cc   0x00000000   Code   RO         8471    .ARM.Collect$$$$0000000D  mc_w.l(entry10a.o)
    0x080001cc   0x080001cc   0x00000000   Code   RO         8473    .ARM.Collect$$$$0000000F  mc_w.l(entry11a.o)
    0x080001cc   0x080001cc   0x00000004   Code   RO         8462    .ARM.Collect$$$$00002712  mc_w.l(entry2.o)
    0x080001d0   0x080001d0   0x000000de   Code   RO         7507    .emb_text           port.o
    0x080002ae   0x080002ae   0x00000002   PAD
    0x080002b0   0x080002b0   0x00000024   Code   RO         6080    .text               startup_stm32l4r9xx.o
    0x080002d4   0x080002d4   0x00000068   Code   RO         8137    .text               mc_w.l(uldiv.o)
    0x0800033c   0x0800033c   0x00000040   Code   RO         8141    .text               mc_w.l(memmovea.o)
    0x0800037c   0x0800037c   0x00000024   Code   RO         8145    .text               mc_w.l(memseta.o)
    0x080003a0   0x080003a0   0x0000000e   Code   RO         8147    .text               mc_w.l(strlen.o)
    0x080003ae   0x080003ae   0x0000001a   Code   RO         8414    .text               mf_w.l(dfltui.o)
    0x080003c8   0x080003c8   0x00000032   Code   RO         8416    .text               mf_w.l(dfixui.o)
    0x080003fa   0x080003fa   0x00000026   Code   RO         8418    .text               mf_w.l(f2d.o)
    0x08000420   0x08000420   0x00000030   Code   RO         8420    .text               mf_w.l(cdrcmple.o)
    0x08000450   0x08000450   0x00000038   Code   RO         8422    .text               mf_w.l(d2f.o)
    0x08000488   0x08000488   0x0000002c   Code   RO         8478    .text               mc_w.l(uidiv.o)
    0x080004b4   0x080004b4   0x0000001e   Code   RO         8480    .text               mc_w.l(llshl.o)
    0x080004d2   0x080004d2   0x00000020   Code   RO         8482    .text               mc_w.l(llushr.o)
    0x080004f2   0x080004f2   0x00000000   Code   RO         8491    .text               mc_w.l(iusefp.o)
    0x080004f2   0x080004f2   0x0000006e   Code   RO         8492    .text               mf_w.l(fepilogue.o)
    0x08000560   0x08000560   0x000000ba   Code   RO         8494    .text               mf_w.l(depilogue.o)
    0x0800061a   0x0800061a   0x0000015e   Code   RO         8496    .text               mf_w.l(dadd.o)
    0x08000778   0x08000778   0x000000ea   Code   RO         8498    .text               mf_w.l(dmul.o)
    0x08000862   0x08000862   0x000000de   Code   RO         8500    .text               mf_w.l(ddiv.o)
    0x08000940   0x08000940   0x0000002e   Code   RO         8504    .text               mf_w.l(dscalb.o)
    0x0800096e   0x0800096e   0x00000002   PAD
    0x08000970   0x08000970   0x00000088   Code   RO         8506    .text               mf_w.l(drnd.o)
    0x080009f8   0x080009f8   0x00000022   Code   RO         8508    .text               mf_w.l(dflti.o)
    0x08000a1a   0x08000a1a   0x00000002   PAD
    0x08000a1c   0x08000a1c   0x00000030   Code   RO         8512    .text               mf_w.l(cdcmple.o)
    0x08000a4c   0x08000a4c   0x00000024   Code   RO         8514    .text               mc_w.l(init.o)
    0x08000a70   0x08000a70   0x00000024   Code   RO         8517    .text               mc_w.l(llsshr.o)
    0x08000a94   0x08000a94   0x000000a2   Code   RO         8520    .text               mf_w.l(dsqrt.o)
    0x08000b36   0x08000b36   0x00000056   Code   RO         8530    .text               mc_w.l(__dczerorl2.o)
    0x08000b8c   0x08000b8c   0x0000006e   Code   RO         7859    .text.arm_abs_f32   arm_cortexM4lf_math.lib(arm_abs_f32.o)
    0x08000bfa   0x08000bfa   0x00000002   PAD
    0x08000bfc   0x08000bfc   0x00000188   Code   RO         7869    .text.arm_biquad_cascade_df1_f32  arm_cortexM4lf_math.lib(arm_biquad_cascade_df1_f32.o)
    0x08000d84   0x08000d84   0x00000016   Code   RO         7879    .text.arm_biquad_cascade_df1_init_f32  arm_cortexM4lf_math.lib(arm_biquad_cascade_df1_init_f32.o)
    0x08000d9a   0x08000d9a   0x00000002   PAD
    0x08000d9c   0x08000d9c   0x00000040   Code   RO         7993    .text.arm_bitreversal_32  arm_cortexM4lf_math.lib(arm_bitreversal2.o)
    0x08000ddc   0x08000ddc   0x000000e0   Code   RO         7893    .text.arm_cfft_f32  arm_cortexM4lf_math.lib(arm_cfft_f32.o)
    0x08000ebc   0x08000ebc   0x0000019c   Code   RO         7889    .text.arm_cfft_radix8by2_f32  arm_cortexM4lf_math.lib(arm_cfft_f32.o)
    0x08001058   0x08001058   0x00000430   Code   RO         7891    .text.arm_cfft_radix8by4_f32  arm_cortexM4lf_math.lib(arm_cfft_f32.o)
    0x08001488   0x08001488   0x000000ce   Code   RO         7904    .text.arm_max_f32   arm_cortexM4lf_math.lib(arm_max_f32.o)
    0x08001556   0x08001556   0x00000002   PAD
    0x08001558   0x08001558   0x00000084   Code   RO         7914    .text.arm_mean_f32  arm_cortexM4lf_math.lib(arm_mean_f32.o)
    0x080015dc   0x080015dc   0x000005ba   Code   RO         8030    .text.arm_radix8_butterfly_f32  arm_cortexM4lf_math.lib(arm_cfft_radix8_f32.o)
    0x08001b96   0x08001b96   0x00000002   PAD
    0x08001b98   0x08001b98   0x000000c0   Code   RO         7924    .text.arm_rms_f32   arm_cortexM4lf_math.lib(arm_rms_f32.o)
    0x08001c58   0x08001c58   0x0000054c   Code   RO          469    i.AnalyCmd          rxdbufprocesstask.o
    0x080021a4   0x080021a4   0x000000fc   Code   RO         1630    i.BSP_GetUniqueID   bsp_uniqueid.o
    0x080022a0   0x080022a0   0x000001c2   Code   RO          349    i.BoardAutoPeroidWave  dataemutask.o
    0x08002462   0x08002462   0x00000002   PAD
    0x08002464   0x08002464   0x000001bc   Code   RO          352    i.BoardParameter_withtime_forJUNYUE  dataemutask.o
    0x08002620   0x08002620   0x00000002   Code   RO          897    i.BusFault_Handler  stm32l4xx_it.o
    0x08002622   0x08002622   0x00000044   Code   RO         7613    i.CRC16_Modbus      crc.o
    0x08002666   0x08002666   0x00000002   PAD
    0x08002668   0x08002668   0x0000000c   Code   RO         1291    i.DMA1_Channel1_IRQHandler  bsp_esp32.o
    0x08002674   0x08002674   0x0000000c   Code   RO         1292    i.DMA1_Channel2_IRQHandler  bsp_esp32.o
    0x08002680   0x08002680   0x0000017c   Code   RO          354    i.DataEmuFunction   dataemutask.o
    0x080027fc   0x080027fc   0x000004f4   Code   RO          292    i.DataProcessFunction  dateprocesstask.o
    0x08002cf0   0x08002cf0   0x00000002   Code   RO          898    i.DebugMon_Handler  stm32l4xx_it.o
    0x08002cf2   0x08002cf2   0x00000002   PAD
    0x08002cf4   0x08002cf4   0x00000018   Code   RO         1498    i.EXTI9_5_IRQHandler  bsp_lmt01.o
    0x08002d0c   0x08002d0c   0x00000002   Code   RO         1403    i.EarseFlash        bsp_flash.o
    0x08002d0e   0x08002d0e   0x00000002   PAD
    0x08002d10   0x08002d10   0x0000054a   Code   RO          356    i.EmuData           dataemutask.o
    0x0800325a   0x0800325a   0x00000002   Code   RO            4    i.Error_Handler     main.o
    0x0800325c   0x0800325c   0x00000204   Code   RO          840    i.Esp32ProcessFunction  esp32processtask.o
    0x08003460   0x08003460   0x00000116   Code   RO         1293    i.Esp32_SetAP_1     bsp_esp32.o
    0x08003576   0x08003576   0x00000002   PAD
    0x08003578   0x08003578   0x0000016a   Code   RO         1294    i.Esp32_SetIP_1     bsp_esp32.o
    0x080036e2   0x080036e2   0x00000002   PAD
    0x080036e4   0x080036e4   0x00000108   Code   RO         1295    i.Esp32_SetTCPSERVER_1  bsp_esp32.o
    0x080037ec   0x080037ec   0x00000030   Code   RO         1296    i.Esp32_applynetset  bsp_esp32.o
    0x0800381c   0x0800381c   0x00000058   Code   RO         4039    i.FLASH_FlushCaches  stm32l4xx_hal_flash_ex.o
    0x08003874   0x08003874   0x00000084   Code   RO         3940    i.FLASH_WaitForLastOperation  stm32l4xx_hal_flash.o
    0x080038f8   0x080038f8   0x00000072   Code   RO         4201    i.HAL_DMA_Abort_IT  stm32l4xx_hal_dma.o
    0x0800396a   0x0800396a   0x000000de   Code   RO         4205    i.HAL_DMA_IRQHandler  stm32l4xx_hal_dma.o
    0x08003a48   0x08003a48   0x00000130   Code   RO         4206    i.HAL_DMA_Init      stm32l4xx_hal_dma.o
    0x08003b78   0x08003b78   0x000000ca   Code   RO         4210    i.HAL_DMA_Start_IT  stm32l4xx_hal_dma.o
    0x08003c42   0x08003c42   0x00000002   PAD
    0x08003c44   0x08003c44   0x00000028   Code   RO         2951    i.HAL_Delay         stm32l4xx_hal.o
    0x08003c6c   0x08003c6c   0x00000198   Code   RO         4042    i.HAL_FLASHEx_Erase  stm32l4xx_hal_flash_ex.o
    0x08003e04   0x08003e04   0x00000014   Code   RO         3944    i.HAL_FLASH_Lock    stm32l4xx_hal_flash.o
    0x08003e18   0x08003e18   0x000000f2   Code   RO         3949    i.HAL_FLASH_Program  stm32l4xx_hal_flash.o
    0x08003f0a   0x08003f0a   0x00000002   PAD
    0x08003f0c   0x08003f0c   0x00000030   Code   RO         3951    i.HAL_FLASH_Unlock  stm32l4xx_hal_flash.o
    0x08003f3c   0x08003f3c   0x00000002   Code   RO         4135    i.HAL_GPIO_EXTI_Callback  stm32l4xx_hal_gpio.o
    0x08003f3e   0x08003f3e   0x00000002   PAD
    0x08003f40   0x08003f40   0x00000018   Code   RO         4136    i.HAL_GPIO_EXTI_IRQHandler  stm32l4xx_hal_gpio.o
    0x08003f58   0x08003f58   0x0000024a   Code   RO         4137    i.HAL_GPIO_Init     stm32l4xx_hal_gpio.o
    0x080041a2   0x080041a2   0x0000000c   Code   RO         4140    i.HAL_GPIO_TogglePin  stm32l4xx_hal_gpio.o
    0x080041ae   0x080041ae   0x0000000a   Code   RO         4141    i.HAL_GPIO_WritePin  stm32l4xx_hal_gpio.o
    0x080041b8   0x080041b8   0x0000000c   Code   RO         2955    i.HAL_GetTick       stm32l4xx_hal.o
    0x080041c4   0x080041c4   0x00000010   Code   RO         2961    i.HAL_IncTick       stm32l4xx_hal.o
    0x080041d4   0x080041d4   0x0000001e   Code   RO         2962    i.HAL_Init          stm32l4xx_hal.o
    0x080041f2   0x080041f2   0x00000002   PAD
    0x080041f4   0x080041f4   0x00000074   Code   RO         1009    i.HAL_InitTick      stm32l4xx_hal_timebase_tim.o
    0x08004268   0x08004268   0x00000034   Code   RO          961    i.HAL_MspInit       stm32l4xx_hal_msp.o
    0x0800429c   0x0800429c   0x00000026   Code   RO         4726    i.HAL_NVIC_DisableIRQ  stm32l4xx_hal_cortex.o
    0x080042c2   0x080042c2   0x0000001e   Code   RO         4727    i.HAL_NVIC_EnableIRQ  stm32l4xx_hal_cortex.o
    0x080042e0   0x080042e0   0x00000064   Code   RO         4733    i.HAL_NVIC_SetPriority  stm32l4xx_hal_cortex.o
    0x08004344   0x08004344   0x00000024   Code   RO         4734    i.HAL_NVIC_SetPriorityGrouping  stm32l4xx_hal_cortex.o
    0x08004368   0x08004368   0x000000c0   Code   RO         4453    i.HAL_PWREx_ControlVoltageScaling  stm32l4xx_hal_pwr_ex.o
    0x08004428   0x08004428   0x00000028   Code   RO         4488    i.HAL_PWREx_GetVoltageRange  stm32l4xx_hal_pwr_ex.o
    0x08004450   0x08004450   0x00000010   Code   RO         4345    i.HAL_PWR_EnableBkUpAccess  stm32l4xx_hal_pwr.o
    0x08004460   0x08004460   0x00000024   Code   RO         4351    i.HAL_PWR_EnterSTANDBYMode  stm32l4xx_hal_pwr.o
    0x08004484   0x08004484   0x00000514   Code   RO         3769    i.HAL_RCCEx_PeriphCLKConfig  stm32l4xx_hal_rcc_ex.o
    0x08004998   0x08004998   0x0000020c   Code   RO         3650    i.HAL_RCC_ClockConfig  stm32l4xx_hal_rcc.o
    0x08004ba4   0x08004ba4   0x00000040   Code   RO         3653    i.HAL_RCC_GetClockConfig  stm32l4xx_hal_rcc.o
    0x08004be4   0x08004be4   0x00000024   Code   RO         3656    i.HAL_RCC_GetPCLK1Freq  stm32l4xx_hal_rcc.o
    0x08004c08   0x08004c08   0x00000024   Code   RO         3657    i.HAL_RCC_GetPCLK2Freq  stm32l4xx_hal_rcc.o
    0x08004c2c   0x08004c2c   0x000000b4   Code   RO         3658    i.HAL_RCC_GetSysClockFreq  stm32l4xx_hal_rcc.o
    0x08004ce0   0x08004ce0   0x000006e6   Code   RO         3661    i.HAL_RCC_OscConfig  stm32l4xx_hal_rcc.o
    0x080053c6   0x080053c6   0x0000000a   Code   RO         1801    i.HAL_RTCEx_BKUPRead  stm32l4xx_hal_rtc_ex.o
    0x080053d0   0x080053d0   0x00000012   Code   RO         1802    i.HAL_RTCEx_BKUPWrite  stm32l4xx_hal_rtc_ex.o
    0x080053e2   0x080053e2   0x00000094   Code   RO         1808    i.HAL_RTCEx_DeactivateWakeUpTimer  stm32l4xx_hal_rtc_ex.o
    0x08005476   0x08005476   0x00000002   PAD
    0x08005478   0x08005478   0x000000ec   Code   RO         1829    i.HAL_RTCEx_SetWakeUpTimer_IT  stm32l4xx_hal_rtc_ex.o
    0x08005564   0x08005564   0x00000002   Code   RO         1835    i.HAL_RTCEx_WakeUpTimerEventCallback  stm32l4xx_hal_rtc_ex.o
    0x08005566   0x08005566   0x00000002   PAD
    0x08005568   0x08005568   0x00000034   Code   RO         1836    i.HAL_RTCEx_WakeUpTimerIRQHandler  stm32l4xx_hal_rtc_ex.o
    0x0800559c   0x0800559c   0x00000062   Code   RO         1663    i.HAL_RTC_GetDate   stm32l4xx_hal_rtc.o
    0x080055fe   0x080055fe   0x00000002   PAD
    0x08005600   0x08005600   0x00000074   Code   RO         1665    i.HAL_RTC_GetTime   stm32l4xx_hal_rtc.o
    0x08005674   0x08005674   0x000000e6   Code   RO         1666    i.HAL_RTC_Init      stm32l4xx_hal_rtc.o
    0x0800575a   0x0800575a   0x00000002   PAD
    0x0800575c   0x0800575c   0x00000020   Code   RO          963    i.HAL_RTC_MspInit   stm32l4xx_hal_msp.o
    0x0800577c   0x0800577c   0x000000f6   Code   RO         1672    i.HAL_RTC_SetDate   stm32l4xx_hal_rtc.o
    0x08005872   0x08005872   0x00000002   PAD
    0x08005874   0x08005874   0x0000011e   Code   RO         1673    i.HAL_RTC_SetTime   stm32l4xx_hal_rtc.o
    0x08005992   0x08005992   0x00000002   PAD
    0x08005994   0x08005994   0x00000014   Code   RO         1010    i.HAL_ResumeTick    stm32l4xx_hal_timebase_tim.o
    0x080059a8   0x080059a8   0x00000002   Code   RO         4931    i.HAL_SPI_ErrorCallback  stm32l4xx_hal_spi.o
    0x080059aa   0x080059aa   0x00000006   Code   RO         4933    i.HAL_SPI_GetState  stm32l4xx_hal_spi.o
    0x080059b0   0x080059b0   0x0000010c   Code   RO         4934    i.HAL_SPI_IRQHandler  stm32l4xx_hal_spi.o
    0x08005abc   0x08005abc   0x000000b4   Code   RO         4935    i.HAL_SPI_Init      stm32l4xx_hal_spi.o
    0x08005b70   0x08005b70   0x000000ac   Code   RO         1111    i.HAL_SPI_MspInit   bsp_spi_ad7682.o
    0x08005c1c   0x08005c1c   0x00000002   Code   RO         4941    i.HAL_SPI_RxCpltCallback  stm32l4xx_hal_spi.o
    0x08005c1e   0x08005c1e   0x00000002   PAD
    0x08005c20   0x08005c20   0x000000d0   Code   RO         4946    i.HAL_SPI_TransmitReceive_IT  stm32l4xx_hal_spi.o
    0x08005cf0   0x08005cf0   0x00000002   Code   RO         4951    i.HAL_SPI_TxRxCpltCallback  stm32l4xx_hal_spi.o
    0x08005cf2   0x08005cf2   0x00000002   PAD
    0x08005cf4   0x08005cf4   0x00000014   Code   RO         1011    i.HAL_SuspendTick   stm32l4xx_hal_timebase_tim.o
    0x08005d08   0x08005d08   0x00000002   Code   RO         2680    i.HAL_TIMEx_Break2Callback  stm32l4xx_hal_tim_ex.o
    0x08005d0a   0x08005d0a   0x00000002   Code   RO         2681    i.HAL_TIMEx_BreakCallback  stm32l4xx_hal_tim_ex.o
    0x08005d0c   0x08005d0c   0x00000002   Code   RO         2682    i.HAL_TIMEx_CommutCallback  stm32l4xx_hal_tim_ex.o
    0x08005d0e   0x08005d0e   0x00000064   Code   RO         2701    i.HAL_TIMEx_MasterConfigSynchronization  stm32l4xx_hal_tim_ex.o
    0x08005d72   0x08005d72   0x00000036   Code   RO         2042    i.HAL_TIM_Base_Init  stm32l4xx_hal_tim.o
    0x08005da8   0x08005da8   0x00000068   Code   RO          965    i.HAL_TIM_Base_MspInit  stm32l4xx_hal_msp.o
    0x08005e10   0x08005e10   0x00000030   Code   RO         2047    i.HAL_TIM_Base_Start_IT  stm32l4xx_hal_tim.o
    0x08005e40   0x08005e40   0x0000002a   Code   RO         2050    i.HAL_TIM_Base_Stop_IT  stm32l4xx_hal_tim.o
    0x08005e6a   0x08005e6a   0x00000188   Code   RO         2051    i.HAL_TIM_ConfigClockSource  stm32l4xx_hal_tim.o
    0x08005ff2   0x08005ff2   0x00000002   Code   RO         2071    i.HAL_TIM_IC_CaptureCallback  stm32l4xx_hal_tim.o
    0x08005ff4   0x08005ff4   0x0000018a   Code   RO         2085    i.HAL_TIM_IRQHandler  stm32l4xx_hal_tim.o
    0x0800617e   0x0800617e   0x00000002   Code   RO         2088    i.HAL_TIM_OC_DelayElapsedCallback  stm32l4xx_hal_tim.o
    0x08006180   0x08006180   0x00000002   Code   RO         2115    i.HAL_TIM_PWM_PulseFinishedCallback  stm32l4xx_hal_tim.o
    0x08006182   0x08006182   0x00000012   Code   RO            5    i.HAL_TIM_PeriodElapsedCallback  main.o
    0x08006194   0x08006194   0x00000002   Code   RO         2128    i.HAL_TIM_TriggerCallback  stm32l4xx_hal_tim.o
    0x08006196   0x08006196   0x0000003e   Code   RO         5598    i.HAL_UARTEx_DisableFifoMode  stm32l4xx_hal_uart_ex.o
    0x080061d4   0x080061d4   0x000000b8   Code   RO         5600    i.HAL_UARTEx_EnableFifoMode  stm32l4xx_hal_uart_ex.o
    0x0800628c   0x0800628c   0x00000002   Code   RO         5602    i.HAL_UARTEx_RxFifoFullCallback  stm32l4xx_hal_uart_ex.o
    0x0800628e   0x0800628e   0x00000002   PAD
    0x08006290   0x08006290   0x000000ac   Code   RO         5603    i.HAL_UARTEx_SetRxFifoThreshold  stm32l4xx_hal_uart_ex.o
    0x0800633c   0x0800633c   0x000000ac   Code   RO         5604    i.HAL_UARTEx_SetTxFifoThreshold  stm32l4xx_hal_uart_ex.o
    0x080063e8   0x080063e8   0x00000002   Code   RO         5606    i.HAL_UARTEx_TxFifoEmptyCallback  stm32l4xx_hal_uart_ex.o
    0x080063ea   0x080063ea   0x00000002   Code   RO         5607    i.HAL_UARTEx_WakeupCallback  stm32l4xx_hal_uart_ex.o
    0x080063ec   0x080063ec   0x00000002   Code   RO         5253    i.HAL_UART_ErrorCallback  stm32l4xx_hal_uart.o
    0x080063ee   0x080063ee   0x00000002   PAD
    0x080063f0   0x080063f0   0x00000210   Code   RO         5256    i.HAL_UART_IRQHandler  stm32l4xx_hal_uart.o
    0x08006600   0x08006600   0x0000006e   Code   RO         5257    i.HAL_UART_Init     stm32l4xx_hal_uart.o
    0x0800666e   0x0800666e   0x00000002   PAD
    0x08006670   0x08006670   0x000000d8   Code   RO         1298    i.HAL_UART_MspInit  bsp_esp32.o
    0x08006748   0x08006748   0x00000118   Code   RO         5262    i.HAL_UART_Receive_IT  stm32l4xx_hal_uart.o
    0x08006860   0x08006860   0x0000003c   Code   RO         1299    i.HAL_UART_RxCpltCallback  bsp_esp32.o
    0x0800689c   0x0800689c   0x000000a4   Code   RO         5266    i.HAL_UART_Transmit_DMA  stm32l4xx_hal_uart.o
    0x08006940   0x08006940   0x00000044   Code   RO         1300    i.HAL_UART_TxCpltCallback  bsp_esp32.o
    0x08006984   0x08006984   0x00000002   Code   RO         5269    i.HAL_UART_TxHalfCpltCallback  stm32l4xx_hal_uart.o
    0x08006986   0x08006986   0x00000002   Code   RO          899    i.HardFault_Handler  stm32l4xx_it.o
    0x08006988   0x08006988   0x00000030   Code   RO         1500    i.LMT01_GET_VALUE   bsp_lmt01.o
    0x080069b8   0x080069b8   0x00000002   Code   RO          900    i.MemManage_Handler  stm32l4xx_it.o
    0x080069ba   0x080069ba   0x00000002   Code   RO          901    i.NMI_Handler       stm32l4xx_it.o
    0x080069bc   0x080069bc   0x00000018   Code   RO            6    i.PostSleepProcessing  main.o
    0x080069d4   0x080069d4   0x000001b0   Code   RO            7    i.PreSleepProcessing  main.o
    0x08006b84   0x08006b84   0x00000154   Code   RO         3773    i.RCCEx_PLLSAI1_Config  stm32l4xx_hal_rcc_ex.o
    0x08006cd8   0x08006cd8   0x00000154   Code   RO         3774    i.RCCEx_PLLSAI2_Config  stm32l4xx_hal_rcc_ex.o
    0x08006e2c   0x08006e2c   0x00000030   Code   RO         1676    i.RTC_ByteToBcd2    stm32l4xx_hal_rtc.o
    0x08006e5c   0x08006e5c   0x000000d0   Code   RO         1222    i.RTC_CalcWeek      bsp_cpu_rtc.o
    0x08006f2c   0x08006f2c   0x0000006c   Code   RO         1223    i.RTC_ConvertDatetimeToSeconds  bsp_cpu_rtc.o
    0x08006f98   0x08006f98   0x000000bc   Code   RO         1678    i.RTC_ExitInitMode  stm32l4xx_hal_rtc.o
    0x08007054   0x08007054   0x00000070   Code   RO         1225    i.RTC_ReadClock     bsp_cpu_rtc.o
    0x080070c4   0x080070c4   0x0000000c   Code   RO         1226    i.RTC_WKUP_IRQHandler  bsp_cpu_rtc.o
    0x080070d0   0x080070d0   0x00000074   Code   RO         1227    i.RTC_WriteClock    bsp_cpu_rtc.o
    0x08007144   0x08007144   0x00000038   Code   RO          471    i.RxdBufProcessFunction  rxdbufprocesstask.o
    0x0800717c   0x0800717c   0x000001f4   Code   RO          472    i.RxdByte           rxdbufprocesstask.o
    0x08007370   0x08007370   0x0000008c   Code   RO         1114    i.SPI1_IRQHandler   bsp_spi_ad7682.o
    0x080073fc   0x080073fc   0x00000086   Code   RO         4953    i.SPI_2linesRxISR_16BIT  stm32l4xx_hal_spi.o
    0x08007482   0x08007482   0x000000b6   Code   RO         4954    i.SPI_2linesRxISR_8BIT  stm32l4xx_hal_spi.o
    0x08007538   0x08007538   0x00000082   Code   RO         4955    i.SPI_2linesTxISR_16BIT  stm32l4xx_hal_spi.o
    0x080075ba   0x080075ba   0x00000098   Code   RO         4956    i.SPI_2linesTxISR_8BIT  stm32l4xx_hal_spi.o
    0x08007652   0x08007652   0x00000012   Code   RO         4959    i.SPI_DMAAbortOnError  stm32l4xx_hal_spi.o
    0x08007664   0x08007664   0x0000004a   Code   RO         4969    i.SPI_EndRxTxTransaction  stm32l4xx_hal_spi.o
    0x080076ae   0x080076ae   0x00000096   Code   RO         4974    i.SPI_WaitFifoStateUntilTimeout  stm32l4xx_hal_spi.o
    0x08007744   0x08007744   0x0000008a   Code   RO         4975    i.SPI_WaitFlagStateUntilTimeout  stm32l4xx_hal_spi.o
    0x080077ce   0x080077ce   0x00000002   PAD
    0x080077d0   0x080077d0   0x00000130   Code   RO         1408    i.STMFLASH_Write    bsp_flash.o
    0x08007900   0x08007900   0x00000084   Code   RO            8    i.StartDefaultTask  main.o
    0x08007984   0x08007984   0x0000000c   Code   RO         1115    i.StartSample       bsp_spi_ad7682.o
    0x08007990   0x08007990   0x0000000c   Code   RO         1116    i.StopSample        bsp_spi_ad7682.o
    0x0800799c   0x0800799c   0x0000002c   Code   RO         7508    i.SysTick_Handler   port.o
    0x080079c8   0x080079c8   0x00000072   Code   RO            9    i.SystemClock_Config  main.o
    0x08007a3a   0x08007a3a   0x00000002   PAD
    0x08007a3c   0x08007a3c   0x00000048   Code   RO         6043    i.SystemInit        system_stm32l4xx.o
    0x08007a84   0x08007a84   0x0000003c   Code   RO         1117    i.TIM3_IRQHandler   bsp_spi_ad7682.o
    0x08007ac0   0x08007ac0   0x00000084   Code   RO         1503    i.TIM4_IRQHandler   bsp_lmt01.o
    0x08007b44   0x08007b44   0x0000000c   Code   RO          902    i.TIM7_IRQHandler   stm32l4xx_it.o
    0x08007b50   0x08007b50   0x00000068   Code   RO         1118    i.TIM8_UP_IRQHandler  bsp_spi_ad7682.o
    0x08007bb8   0x08007bb8   0x000000c4   Code   RO         2130    i.TIM_Base_SetConfig  stm32l4xx_hal_tim.o
    0x08007c7c   0x08007c7c   0x00000020   Code   RO          473    i.TransmitOverInLowPower  rxdbufprocesstask.o
    0x08007c9c   0x08007c9c   0x000000da   Code   RO         5270    i.UART_AdvFeatureConfig  stm32l4xx_hal_uart.o
    0x08007d76   0x08007d76   0x00000062   Code   RO         5271    i.UART_CheckIdleState  stm32l4xx_hal_uart.o
    0x08007dd8   0x08007dd8   0x00000014   Code   RO         5272    i.UART_DMAAbortOnError  stm32l4xx_hal_uart.o
    0x08007dec   0x08007dec   0x00000088   Code   RO         5273    i.UART_DMAError     stm32l4xx_hal_uart.o
    0x08007e74   0x08007e74   0x00000032   Code   RO         5278    i.UART_DMATransmitCplt  stm32l4xx_hal_uart.o
    0x08007ea6   0x08007ea6   0x0000000a   Code   RO         5280    i.UART_DMATxHalfCplt  stm32l4xx_hal_uart.o
    0x08007eb0   0x08007eb0   0x00000060   Code   RO         5282    i.UART_RxISR_16BIT  stm32l4xx_hal_uart.o
    0x08007f10   0x08007f10   0x000000b0   Code   RO         5283    i.UART_RxISR_16BIT_FIFOEN  stm32l4xx_hal_uart.o
    0x08007fc0   0x08007fc0   0x00000060   Code   RO         5284    i.UART_RxISR_8BIT   stm32l4xx_hal_uart.o
    0x08008020   0x08008020   0x000000b0   Code   RO         5285    i.UART_RxISR_8BIT_FIFOEN  stm32l4xx_hal_uart.o
    0x080080d0   0x080080d0   0x000008de   Code   RO         5286    i.UART_SetConfig    stm32l4xx_hal_uart.o
    0x080089ae   0x080089ae   0x00000076   Code   RO         5291    i.UART_WaitOnFlagUntilTimeout  stm32l4xx_hal_uart.o
    0x08008a24   0x08008a24   0x0000000c   Code   RO         1301    i.USART1_IRQHandler  bsp_esp32.o
    0x08008a30   0x08008a30   0x00000002   Code   RO          903    i.UsageFault_Handler  stm32l4xx_it.o
    0x08008a32   0x08008a32   0x00000002   PAD
    0x08008a34   0x08008a34   0x00000030   Code   RO         7591    i.Version_Get_Str   version.o
    0x08008a64   0x08008a64   0x0000000e   Code   RO         1409    i.WRBYTES           bsp_flash.o
    0x08008a72   0x08008a72   0x00000002   PAD
    0x08008a74   0x08008a74   0x00000108   Code   RO         1302    i.WriteDataToTXDBUF  bsp_esp32.o
    0x08008b7c   0x08008b7c   0x00000030   Code   RO         8199    i.__0snprintf$1     mc_w.l(printf1.o)
    0x08008bac   0x08008bac   0x00000030   Code   RO         8444    i.__ARM_fpclassify  m_wm.l(fpclassify.o)
    0x08008bdc   0x08008bdc   0x00000004   PAD
    0x08008be0   0x08008be0   0x00000c80   Code   RO         8104    i.__hardfp_pow      m_wm.l(pow.o)
    0x08009860   0x08009860   0x000000e0   Code   RO         8118    i.__hardfp_round    m_wm.l(round.o)
    0x08009940   0x08009940   0x0000003a   Code   RO         8122    i.__hardfp_sqrtf    m_wm.l(sqrtf.o)
    0x0800997a   0x0800997a   0x000000f8   Code   RO         8446    i.__kernel_poly     m_wm.l(poly.o)
    0x08009a72   0x08009a72   0x00000006   PAD
    0x08009a78   0x08009a78   0x00000030   Code   RO         8424    i.__mathlib_dbl_divzero  m_wm.l(dunder.o)
    0x08009aa8   0x08009aa8   0x00000014   Code   RO         8426    i.__mathlib_dbl_infnan2  m_wm.l(dunder.o)
    0x08009abc   0x08009abc   0x00000004   PAD
    0x08009ac0   0x08009ac0   0x00000020   Code   RO         8427    i.__mathlib_dbl_invalid  m_wm.l(dunder.o)
    0x08009ae0   0x08009ae0   0x00000020   Code   RO         8428    i.__mathlib_dbl_overflow  m_wm.l(dunder.o)
    0x08009b00   0x08009b00   0x00000020   Code   RO         8430    i.__mathlib_dbl_underflow  m_wm.l(dunder.o)
    0x08009b20   0x08009b20   0x0000000e   Code   RO         8524    i.__scatterload_copy  mc_w.l(handlers.o)
    0x08009b2e   0x08009b2e   0x00000002   Code   RO         8525    i.__scatterload_null  mc_w.l(handlers.o)
    0x08009b30   0x08009b30   0x0000000e   Code   RO         8526    i.__scatterload_zeroinit  mc_w.l(handlers.o)
    0x08009b3e   0x08009b3e   0x00000002   PAD
    0x08009b40   0x08009b40   0x0000000c   Code   RO         8486    i.__set_errno       mc_w.l(errno.o)
    0x08009b4c   0x08009b4c   0x0000015a   Code   RO         8205    i._printf_core      mc_w.l(printf1.o)
    0x08009ca6   0x08009ca6   0x00000016   Code   RO         8206    i._snputc           mc_w.l(printf1.o)
    0x08009cbc   0x08009cbc   0x0000011c   Code   RO         1303    i.bsp_Esp32_Init    bsp_esp32.o
    0x08009dd8   0x08009dd8   0x00000068   Code   RO         1048    i.bsp_Init          bsp.o
    0x08009e40   0x08009e40   0x0000013c   Code   RO         1119    i.bsp_InitAD7682    bsp_spi_ad7682.o
    0x08009f7c   0x08009f7c   0x00000060   Code   RO         1198    i.bsp_InitKX220     bsp_kx220.o
    0x08009fdc   0x08009fdc   0x00000100   Code   RO         1504    i.bsp_InitLMT01     bsp_lmt01.o
    0x0800a0dc   0x0800a0dc   0x00000044   Code   RO         1075    i.bsp_InitLed       bsp_led.o
    0x0800a120   0x0800a120   0x000001bc   Code   RO         1228    i.bsp_InitRTC       bsp_cpu_rtc.o
    0x0800a2dc   0x0800a2dc   0x00000018   Code   RO         1077    i.bsp_LedToggle     bsp_led.o
    0x0800a2f4   0x0800a2f4   0x000000d4   Code   RO          475    i.command_adjust_adc  rxdbufprocesstask.o
    0x0800a3c8   0x0800a3c8   0x00000070   Code   RO          478    i.command_channelkind  rxdbufprocesstask.o
    0x0800a438   0x0800a438   0x0000017e   Code   RO          481    i.command_iap_data  rxdbufprocesstask.o
    0x0800a5b6   0x0800a5b6   0x00000002   PAD
    0x0800a5b8   0x0800a5b8   0x000000d4   Code   RO          482    i.command_iap_statue  rxdbufprocesstask.o
    0x0800a68c   0x0800a68c   0x0000009c   Code   RO          483    i.command_id        rxdbufprocesstask.o
    0x0800a728   0x0800a728   0x0000009c   Code   RO          486    i.command_reply_SampleParameter  rxdbufprocesstask.o
    0x0800a7c4   0x0800a7c4   0x000000b0   Code   RO          488    i.command_reply_alarm_value  rxdbufprocesstask.o
    0x0800a874   0x0800a874   0x00000040   Code   RO          489    i.command_reply_channel_condition  rxdbufprocesstask.o
    0x0800a8b4   0x0800a8b4   0x00000084   Code   RO          490    i.command_reply_lowpower  rxdbufprocesstask.o
    0x0800a938   0x0800a938   0x00000080   Code   RO          491    i.command_reply_lowpower_value  rxdbufprocesstask.o
    0x0800a9b8   0x0800a9b8   0x00000040   Code   RO          492    i.command_reply_runmode  rxdbufprocesstask.o
    0x0800a9f8   0x0800a9f8   0x00000120   Code   RO          493    i.command_reply_scale  rxdbufprocesstask.o
    0x0800ab18   0x0800ab18   0x0000008c   Code   RO          494    i.command_reply_sw_version  rxdbufprocesstask.o
    0x0800aba4   0x0800aba4   0x0000015e   Code   RO          495    i.command_replyap   rxdbufprocesstask.o
    0x0800ad02   0x0800ad02   0x00000002   PAD
    0x0800ad04   0x0800ad04   0x000001d2   Code   RO          496    i.command_replyip   rxdbufprocesstask.o
    0x0800aed6   0x0800aed6   0x00000002   PAD
    0x0800aed8   0x0800aed8   0x00000158   Code   RO          497    i.command_replytcpserve  rxdbufprocesstask.o
    0x0800b030   0x0800b030   0x000000b8   Code   RO          501    i.command_set_SampleParameter  rxdbufprocesstask.o
    0x0800b0e8   0x0800b0e8   0x000000ca   Code   RO          502    i.command_set_alarm_source  rxdbufprocesstask.o
    0x0800b1b2   0x0800b1b2   0x00000002   PAD
    0x0800b1b4   0x0800b1b4   0x000000a0   Code   RO          503    i.command_set_alarm_value  rxdbufprocesstask.o
    0x0800b254   0x0800b254   0x0000015c   Code   RO          504    i.command_set_ap    rxdbufprocesstask.o
    0x0800b3b0   0x0800b3b0   0x0000010c   Code   RO          509    i.command_set_scale  rxdbufprocesstask.o
    0x0800b4bc   0x0800b4bc   0x000000b0   Code   RO          510    i.command_set_snnumber  rxdbufprocesstask.o
    0x0800b56c   0x0800b56c   0x0000015c   Code   RO          511    i.command_set_tcpserve  rxdbufprocesstask.o
    0x0800b6c8   0x0800b6c8   0x000001e4   Code   RO          513    i.command_setip     rxdbufprocesstask.o
    0x0800b8ac   0x0800b8ac   0x000000e0   Code   RO          514    i.command_setrunmode  rxdbufprocesstask.o
    0x0800b98c   0x0800b98c   0x000000f4   Code   RO          516    i.command_stop      rxdbufprocesstask.o
    0x0800ba80   0x0800ba80   0x00000030   Code   RO         6589    i.eTaskConfirmSleepModeStatus  tasks.o
    0x0800bab0   0x0800bab0   0x00000064   Code   RO          294    i.emu_sprase_index  dateprocesstask.o
    0x0800bb14   0x0800bb14   0x00000018   Code   RO         8440    i.fabs              m_wm.l(fabs.o)
    0x0800bb2c   0x0800bb2c   0x000002e8   Code   RO         1565    i.frq_domain_integral  double_integral.o
    0x0800be14   0x0800be14   0x00000004   Code   RO         1410    i.initEEPROM        bsp_flash.o
    0x0800be18   0x0800be18   0x000002d4   Code   RO         1568    i.integ_init        double_integral.o
    0x0800c0ec   0x0800c0ec   0x00000064   Code   RO         1411    i.loadConfig        bsp_flash.o
    0x0800c150   0x0800c150   0x00000174   Code   RO           11    i.main              main.o
    0x0800c2c4   0x0800c2c4   0x00000034   Code   RO         7047    i.osDelay           cmsis_os2.o
    0x0800c2f8   0x0800c2f8   0x00000038   Code   RO         7061    i.osKernelInitialize  cmsis_os2.o
    0x0800c330   0x0800c330   0x00000040   Code   RO         7064    i.osKernelStart     cmsis_os2.o
    0x0800c370   0x0800c370   0x00000078   Code   RO         7080    i.osSemaphoreAcquire  cmsis_os2.o
    0x0800c3e8   0x0800c3e8   0x000000bc   Code   RO         7083    i.osSemaphoreNew    cmsis_os2.o
    0x0800c4a4   0x0800c4a4   0x0000006c   Code   RO         7084    i.osSemaphoreRelease  cmsis_os2.o
    0x0800c510   0x0800c510   0x000000bc   Code   RO         7098    i.osThreadNew       cmsis_os2.o
    0x0800c5cc   0x0800c5cc   0x00000038   Code   RO         7101    i.osThreadSuspend   cmsis_os2.o
    0x0800c604   0x0800c604   0x00000060   Code   RO         6592    i.prvAddCurrentTaskToDelayedList  tasks.o
    0x0800c664   0x0800c664   0x000000e8   Code   RO         6593    i.prvAddNewTaskToReadyList  tasks.o
    0x0800c74c   0x0800c74c   0x00000100   Code   RO         6594    i.prvIdleTask       tasks.o
    0x0800c84c   0x0800c84c   0x000000cc   Code   RO         6923    i.prvSampleTimeNow  timers.o
    0x0800c918   0x0800c918   0x0000002c   Code   RO         7509    i.prvTaskExitError  port.o
    0x0800c944   0x0800c944   0x000002c0   Code   RO         6924    i.prvTimerTask      timers.o
    0x0800cc04   0x0800cc04   0x0000006c   Code   RO         6246    i.prvUnlockQueue    queue.o
    0x0800cc70   0x0800cc70   0x0000018a   Code   RO         7468    i.pvPortMalloc      heap_4.o
    0x0800cdfa   0x0800cdfa   0x00000002   PAD
    0x0800cdfc   0x0800cdfc   0x00000018   Code   RO         6596    i.pvTaskIncrementMutexHeldCount  tasks.o
    0x0800ce14   0x0800ce14   0x0000002c   Code   RO         7510    i.pxPortInitialiseStack  port.o
    0x0800ce40   0x0800ce40   0x000001bc   Code   RO          359    i.rule_check        dataemutask.o
    0x0800cffc   0x0800cffc   0x0000001c   Code   RO         1413    i.saveConfig        bsp_flash.o
    0x0800d018   0x0800d018   0x00000024   Code   RO           12    i.software_reset    main.o
    0x0800d03c   0x0800d03c   0x0000006e   Code   RO         8451    i.sqrt              m_wm.l(sqrt.o)
    0x0800d0aa   0x0800d0aa   0x00000002   PAD
    0x0800d0ac   0x0800d0ac   0x00000098   Code   RO          529    i.test_rtc          rxdbufprocesstask.o
    0x0800d144   0x0800d144   0x00000026   Code   RO         6206    i.uxListRemove      list.o
    0x0800d16a   0x0800d16a   0x00000002   PAD
    0x0800d16c   0x0800d16c   0x00000014   Code   RO         7110    i.vApplicationGetIdleTaskMemory  cmsis_os2.o
    0x0800d180   0x0800d180   0x00000018   Code   RO         7111    i.vApplicationGetTimerTaskMemory  cmsis_os2.o
    0x0800d198   0x0800d198   0x00000016   Code   RO         6207    i.vListInitialise   list.o
    0x0800d1ae   0x0800d1ae   0x00000006   Code   RO         6208    i.vListInitialiseItem  list.o
    0x0800d1b4   0x0800d1b4   0x0000003a   Code   RO         6209    i.vListInsert       list.o
    0x0800d1ee   0x0800d1ee   0x00000018   Code   RO         6210    i.vListInsertEnd    list.o
    0x0800d206   0x0800d206   0x00000002   PAD
    0x0800d208   0x0800d208   0x00000040   Code   RO         7512    i.vPortEnterCritical  port.o
    0x0800d248   0x0800d248   0x0000002c   Code   RO         7513    i.vPortExitCritical  port.o
    0x0800d274   0x0800d274   0x000000a4   Code   RO         7469    i.vPortFree         heap_4.o
    0x0800d318   0x0800d318   0x000000f8   Code   RO         7515    i.vPortSuppressTicksAndSleep  port.o
    0x0800d410   0x0800d410   0x00000054   Code   RO         7516    i.vPortValidateInterruptPriority  port.o
    0x0800d464   0x0800d464   0x00000028   Code   RO         6252    i.vQueueAddToRegistry  queue.o
    0x0800d48c   0x0800d48c   0x00000050   Code   RO         6253    i.vQueueDelete      queue.o
    0x0800d4dc   0x0800d4dc   0x0000004a   Code   RO         6256    i.vQueueWaitForMessageRestricted  queue.o
    0x0800d526   0x0800d526   0x00000002   PAD
    0x0800d528   0x0800d528   0x0000004c   Code   RO         6605    i.vTaskDelay        tasks.o
    0x0800d574   0x0800d574   0x00000010   Code   RO         6610    i.vTaskInternalSetTimeOutState  tasks.o
    0x0800d584   0x0800d584   0x0000000c   Code   RO         6611    i.vTaskMissedYield  tasks.o
    0x0800d590   0x0800d590   0x00000034   Code   RO         6613    i.vTaskPlaceOnEventList  tasks.o
    0x0800d5c4   0x0800d5c4   0x0000003c   Code   RO         6614    i.vTaskPlaceOnEventListRestricted  tasks.o
    0x0800d600   0x0800d600   0x0000009c   Code   RO         6616    i.vTaskPriorityDisinheritAfterTimeout  tasks.o
    0x0800d69c   0x0800d69c   0x0000008c   Code   RO         6622    i.vTaskStartScheduler  tasks.o
    0x0800d728   0x0800d728   0x00000028   Code   RO         6623    i.vTaskStepTick     tasks.o
    0x0800d750   0x0800d750   0x00000110   Code   RO         6624    i.vTaskSuspend      tasks.o
    0x0800d860   0x0800d860   0x00000010   Code   RO         6625    i.vTaskSuspendAll   tasks.o
    0x0800d870   0x0800d870   0x0000006c   Code   RO         6626    i.vTaskSwitchContext  tasks.o
    0x0800d8dc   0x0800d8dc   0x00000154   Code   RO         7517    i.xPortStartScheduler  port.o
    0x0800da30   0x0800da30   0x0000003a   Code   RO         6257    i.xQueueCreateCountingSemaphore  queue.o
    0x0800da6a   0x0800da6a   0x00000040   Code   RO         6258    i.xQueueCreateCountingSemaphoreStatic  queue.o
    0x0800daaa   0x0800daaa   0x00000096   Code   RO         6261    i.xQueueGenericCreate  queue.o
    0x0800db40   0x0800db40   0x000000b8   Code   RO         6262    i.xQueueGenericCreateStatic  queue.o
    0x0800dbf8   0x0800dbf8   0x000001da   Code   RO         6264    i.xQueueGenericSend  queue.o
    0x0800ddd2   0x0800ddd2   0x00000002   PAD
    0x0800ddd4   0x0800ddd4   0x0000011a   Code   RO         6265    i.xQueueGenericSendFromISR  queue.o
    0x0800deee   0x0800deee   0x0000009e   Code   RO         6268    i.xQueueGiveFromISR  queue.o
    0x0800df8c   0x0800df8c   0x00000158   Code   RO         6274    i.xQueueReceive     queue.o
    0x0800e0e4   0x0800e0e4   0x000000ae   Code   RO         6275    i.xQueueReceiveFromISR  queue.o
    0x0800e192   0x0800e192   0x00000002   PAD
    0x0800e194   0x0800e194   0x0000019c   Code   RO         6276    i.xQueueSemaphoreTake  queue.o
    0x0800e330   0x0800e330   0x00000080   Code   RO         6627    i.xTaskCheckForTimeOut  tasks.o
    0x0800e3b0   0x0800e3b0   0x000000be   Code   RO         6628    i.xTaskCreate       tasks.o
    0x0800e46e   0x0800e46e   0x000000dc   Code   RO         6629    i.xTaskCreateStatic  tasks.o
    0x0800e54a   0x0800e54a   0x00000002   PAD
    0x0800e54c   0x0800e54c   0x0000001c   Code   RO         6633    i.xTaskGetSchedulerState  tasks.o
    0x0800e568   0x0800e568   0x0000000c   Code   RO         6634    i.xTaskGetTickCount  tasks.o
    0x0800e574   0x0800e574   0x000000e4   Code   RO         6636    i.xTaskIncrementTick  tasks.o
    0x0800e658   0x0800e658   0x00000084   Code   RO         6639    i.xTaskPriorityDisinherit  tasks.o
    0x0800e6dc   0x0800e6dc   0x00000080   Code   RO         6640    i.xTaskPriorityInherit  tasks.o
    0x0800e75c   0x0800e75c   0x0000008c   Code   RO         6641    i.xTaskRemoveFromEventList  tasks.o
    0x0800e7e8   0x0800e7e8   0x000001c6   Code   RO         6642    i.xTaskResumeAll    tasks.o
    0x0800e9ae   0x0800e9ae   0x00000002   PAD
    0x0800e9b0   0x0800e9b0   0x000000ac   Code   RO         6931    i.xTimerCreateTimerTask  timers.o
    0x0800ea5c   0x0800ea5c   0x00000078   Code   RO         6932    i.xTimerGenericCommand  timers.o
    0x0800ead4   0x0800ead4   0x000000e4   Data   RO           16    .constdata          main.o
    0x0800ebb8   0x0800ebb8   0x00000010   Data   RO          297    .constdata          dateprocesstask.o
    0x0800ebc8   0x0800ebc8   0x000000c8   Data   RO          368    .constdata          dataemutask.o
    0x0800ec90   0x0800ec90   0x00000018   Data   RO         1123    .constdata          bsp_spi_ad7682.o
    0x0800eca8   0x0800eca8   0x00000018   Data   RO         1124    .constdata          bsp_spi_ad7682.o
    0x0800ecc0   0x0800ecc0   0x0000001a   Data   RO         1231    .constdata          bsp_cpu_rtc.o
    0x0800ecda   0x0800ecda   0x00000002   PAD
    0x0800ecdc   0x0800ecdc   0x00000040   Data   RO         6044    .constdata          system_stm32l4xx.o
    0x0800ed1c   0x0800ed1c   0x00000008   Data   RO         6045    .constdata          system_stm32l4xx.o
    0x0800ed24   0x0800ed24   0x00000004   PAD
    0x0800ed28   0x0800ed28   0x00000088   Data   RO         8107    .constdata          m_wm.l(pow.o)
    0x0800edb0   0x0800edb0   0x00000008   Data   RO         8448    .constdata          m_wm.l(qnan.o)
    0x0800edb8   0x0800edb8   0x00000051   Data   RO           17    .conststring        main.o
    0x0800ee09   0x0800ee09   0x00000001   PAD
    0x0800ee0a   0x0800ee0a   0x00000e10   Data   RO         8076    .rodata.armBitRevIndexTable1024  arm_cortexM4lf_math.lib(arm_common_tables.o)
    0x0800fc1a   0x0800fc1a   0x000001a0   Data   RO         8073    .rodata.armBitRevIndexTable128  arm_cortexM4lf_math.lib(arm_common_tables.o)
    0x0800fdba   0x0800fdba   0x00000028   Data   RO         8070    .rodata.armBitRevIndexTable16  arm_cortexM4lf_math.lib(arm_common_tables.o)
    0x0800fde2   0x0800fde2   0x00001dc0   Data   RO         8077    .rodata.armBitRevIndexTable2048  arm_cortexM4lf_math.lib(arm_common_tables.o)
    0x08011ba2   0x08011ba2   0x00000370   Data   RO         8074    .rodata.armBitRevIndexTable256  arm_cortexM4lf_math.lib(arm_common_tables.o)
    0x08011f12   0x08011f12   0x00000060   Data   RO         8071    .rodata.armBitRevIndexTable32  arm_cortexM4lf_math.lib(arm_common_tables.o)
    0x08011f72   0x08011f72   0x00001f80   Data   RO         8078    .rodata.armBitRevIndexTable4096  arm_cortexM4lf_math.lib(arm_common_tables.o)
    0x08013ef2   0x08013ef2   0x00000380   Data   RO         8075    .rodata.armBitRevIndexTable512  arm_cortexM4lf_math.lib(arm_common_tables.o)
    0x08014272   0x08014272   0x00000070   Data   RO         8072    .rodata.armBitRevIndexTable64  arm_cortexM4lf_math.lib(arm_common_tables.o)
    0x080142e2   0x080142e2   0x00000002   PAD
    0x080142e4   0x080142e4   0x00000010   Data   RO         7940    .rodata.arm_cfft_sR_f32_len1024  arm_cortexM4lf_math.lib(arm_const_structs.o)
    0x080142f4   0x080142f4   0x00000010   Data   RO         7937    .rodata.arm_cfft_sR_f32_len128  arm_cortexM4lf_math.lib(arm_const_structs.o)
    0x08014304   0x08014304   0x00000010   Data   RO         7934    .rodata.arm_cfft_sR_f32_len16  arm_cortexM4lf_math.lib(arm_const_structs.o)
    0x08014314   0x08014314   0x00000010   Data   RO         7941    .rodata.arm_cfft_sR_f32_len2048  arm_cortexM4lf_math.lib(arm_const_structs.o)
    0x08014324   0x08014324   0x00000010   Data   RO         7938    .rodata.arm_cfft_sR_f32_len256  arm_cortexM4lf_math.lib(arm_const_structs.o)
    0x08014334   0x08014334   0x00000010   Data   RO         7935    .rodata.arm_cfft_sR_f32_len32  arm_cortexM4lf_math.lib(arm_const_structs.o)
    0x08014344   0x08014344   0x00000010   Data   RO         7942    .rodata.arm_cfft_sR_f32_len4096  arm_cortexM4lf_math.lib(arm_const_structs.o)
    0x08014354   0x08014354   0x00000010   Data   RO         7939    .rodata.arm_cfft_sR_f32_len512  arm_cortexM4lf_math.lib(arm_const_structs.o)
    0x08014364   0x08014364   0x00000010   Data   RO         7936    .rodata.arm_cfft_sR_f32_len64  arm_cortexM4lf_math.lib(arm_const_structs.o)
    0x08014374   0x08014374   0x00002000   Data   RO         8047    .rodata.twiddleCoef_1024  arm_cortexM4lf_math.lib(arm_common_tables.o)
    0x08016374   0x08016374   0x00000400   Data   RO         8044    .rodata.twiddleCoef_128  arm_cortexM4lf_math.lib(arm_common_tables.o)
    0x08016774   0x08016774   0x00000080   Data   RO         8041    .rodata.twiddleCoef_16  arm_cortexM4lf_math.lib(arm_common_tables.o)
    0x080167f4   0x080167f4   0x00004000   Data   RO         8048    .rodata.twiddleCoef_2048  arm_cortexM4lf_math.lib(arm_common_tables.o)
    0x0801a7f4   0x0801a7f4   0x00000800   Data   RO         8045    .rodata.twiddleCoef_256  arm_cortexM4lf_math.lib(arm_common_tables.o)
    0x0801aff4   0x0801aff4   0x00000100   Data   RO         8042    .rodata.twiddleCoef_32  arm_cortexM4lf_math.lib(arm_common_tables.o)
    0x0801b0f4   0x0801b0f4   0x00008000   Data   RO         8049    .rodata.twiddleCoef_4096  arm_cortexM4lf_math.lib(arm_common_tables.o)
    0x080230f4   0x080230f4   0x00001000   Data   RO         8046    .rodata.twiddleCoef_512  arm_cortexM4lf_math.lib(arm_common_tables.o)
    0x080240f4   0x080240f4   0x00000200   Data   RO         8043    .rodata.twiddleCoef_64  arm_cortexM4lf_math.lib(arm_common_tables.o)
    0x080242f4   0x080242f4   0x00000020   Data   RO         8522    Region$$Table       anon$$obj.o


    Execution Region RW_IRAM1 (Exec base: 0x20000000, Load base: 0x08024314, Size: 0x000845f8, Max: 0x000a0000, ABSOLUTE, COMPRESSED[0x0000011c])

    Exec Addr    Load Addr    Size         Type   Attr      Idx    E Section Name        Object

    0x20000000   COMPRESSED   0x00000c30   Data   RW           18    .data               main.o
    0x20000c30   COMPRESSED   0x00000014   Data   RW          299    .data               dateprocesstask.o
    0x20000c44   COMPRESSED   0x0000002c   Data   RW          375    .data               dataemutask.o
    0x20000c70   COMPRESSED   0x00000024   Data   RW          533    .data               rxdbufprocesstask.o
    0x20000c94   COMPRESSED   0x00000010   Data   RW         1128    .data               bsp_spi_ad7682.o
    0x20000ca4   COMPRESSED   0x00000008   Data   RW         1232    .data               bsp_cpu_rtc.o
    0x20000cac   COMPRESSED   0x00000006   Data   RW         1307    .data               bsp_esp32.o
    0x20000cb2   COMPRESSED   0x00000002   PAD
    0x20000cb4   COMPRESSED   0x00000014   Data   RW         1415    .data               bsp_flash.o
    0x20000cc8   COMPRESSED   0x00000010   Data   RW         1506    .data               bsp_lmt01.o
    0x20000cd8   COMPRESSED   0x0000000c   Data   RW         2979    .data               stm32l4xx_hal.o
    0x20000ce4   COMPRESSED   0x00000020   Data   RW         3952    .data               stm32l4xx_hal_flash.o
    0x20000d04   COMPRESSED   0x00000004   Data   RW         6046    .data               system_stm32l4xx.o
    0x20000d08   COMPRESSED   0x0000003c   Data   RW         6645    .data               tasks.o
    0x20000d44   COMPRESSED   0x00000014   Data   RW         6940    .data               timers.o
    0x20000d58   COMPRESSED   0x00000004   Data   RW         7113    .data               cmsis_os2.o
    0x20000d5c   COMPRESSED   0x00000018   Data   RW         7474    .data               heap_4.o
    0x20000d74   COMPRESSED   0x00000018   Data   RW         7518    .data               port.o
    0x20000d8c   COMPRESSED   0x00000004   Data   RW         8487    .data               mc_w.l(errno.o)
    0x20000d90        -       0x00000da8   Zero   RW           13    .bss                main.o
    0x20001b38        -       0x00000050   Zero   RW           15    .bss                main.o
    0x20001b88        -       0x00038110   Zero   RW          295    .bss                dateprocesstask.o
    0x20039c98        -       0x000289ac   Zero   RW          367    .bss                dataemutask.o
    0x20062644        -       0x000012c0   Zero   RW          530    .bss                rxdbufprocesstask.o
    0x20063904        -       0x00000040   Zero   RW         1012    .bss                stm32l4xx_hal_timebase_tim.o
    0x20063944        -       0x000010f4   Zero   RW         1122    .bss                bsp_spi_ad7682.o
    0x20064a38        -       0x00000024   Zero   RW         1229    .bss                bsp_cpu_rtc.o
    0x20064a5c        -       0x00010ae0   Zero   RW         1305    .bss                bsp_esp32.o
    0x2007553c        -       0x00000010   Zero   RW         1414    .bss                bsp_flash.o
    0x2007554c        -       0x00000040   Zero   RW         1505    .bss                bsp_lmt01.o
    0x2007558c        -       0x0000c02c   Zero   RW         1569    .bss                double_integral.o
    0x200815b8        -       0x0000000c   Zero   RW         1631    .bss                bsp_uniqueid.o
    0x200815c4        -       0x00000040   Zero   RW         6278    .bss                queue.o
    0x20081604        -       0x000004c4   Zero   RW         6644    .bss                tasks.o
    0x20081ac8        -       0x00000118   Zero   RW         6939    .bss                timers.o
    0x20081be0        -       0x000006b8   Zero   RW         7112    .bss                cmsis_os2.o
    0x20082298        -       0x00001f40   Zero   RW         7473    .bss                heap_4.o
    0x200841d8        -       0x0000001e   Zero   RW         7592    .bss                version.o
    0x200841f6   COMPRESSED   0x00000002   PAD
    0x200841f8        -       0x00000400   Zero   RW         6077    STACK               startup_stm32l4r9xx.o


==============================================================================

Image component sizes


      Code (inc. data)   RO Data    RW Data    ZI Data      Debug   Object Name

       104         10          0          0          0        931   bsp.o
      1000         56         26          8         36       6064   bsp_cpu_rtc.o
      1880        148          0          6      68320      11031   bsp_esp32.o
       452         54          0         20         16       5489   bsp_flash.o
        96          6          0          0          0        956   bsp_kx220.o
        92         12          0          0          0       1534   bsp_led.o
       460         80          0         16         64       3544   bsp_lmt01.o
       816        104         48         16       4340       6133   bsp_spi_ad7682.o
       252          8          0          0         12       1491   bsp_uniqueid.o
       876         56          0          4       1720      23027   cmsis_os2.o
        68          0          0          0          0       1171   crc.o
      3072        236        200         44     166316      23373   dataemutask.o
      1368        108         16         20     229648       4043   dateprocesstask.o
      1468         80          0          0      49196      19235   double_integral.o
       516        126          0          0          0        847   esp32processtask.o
         0          0          0          0          0      18464   event_groups.o
         0          0          0          0          0       2616   freertos.o
       558         22          0         24       8000       4047   heap_4.o
       148          0          0          0          0       3510   list.o
      1130        116        309       3120       3576    1176470   main.o
      1134         96          0         24          0      12306   port.o
      2602         26          0          0         64      24180   queue.o
      8116        548          0         36       4800      36046   rxdbufprocesstask.o
        36          8        444          0       1024        792   startup_stm32l4r9xx.o
        98         16          0         12          0       3526   stm32l4xx_hal.o
       204         10          0          0          0      33348   stm32l4xx_hal_cortex.o
       842         42          0          0          0       4438   stm32l4xx_hal_dma.o
       442         40          0         32          0      22706   stm32l4xx_hal_flash.o
       496         18          0          0          0       3364   stm32l4xx_hal_flash_ex.o
       634         24          0          0          0       4105   stm32l4xx_hal_gpio.o
       188         12          0          0          0       2027   stm32l4xx_hal_msp.o
        52         12          0          0          0       1074   stm32l4xx_hal_pwr.o
       232         16          0          0          0       1470   stm32l4xx_hal_pwr_ex.o
      2606        114          0          0          0       7969   stm32l4xx_hal_rcc.o
      1980         52          0          0          0       4236   stm32l4xx_hal_rcc_ex.o
      1212         14          0          0          0       7841   stm32l4xx_hal_rtc.o
       466         12          0          0          0       5322   stm32l4xx_hal_rtc_ex.o
      1646         24          0          0          0      12216   stm32l4xx_hal_spi.o
      1134         38          0          0          0       9672   stm32l4xx_hal_tim.o
       106          0          0          0          0       2968   stm32l4xx_hal_tim_ex.o
       156         30          0          0         64       2258   stm32l4xx_hal_timebase_tim.o
      4550         88          0          0          0      16286   stm32l4xx_hal_uart.o
       596         38          0          0          0       6106   stm32l4xx_hal_uart_ex.o
        24          6          0          0          0       3099   stm32l4xx_it.o
         0          0          0          0          0       8768   stream_buffer.o
        72         14         72          4          0       1173   system_stm32l4xx.o
      3264        236          0         60       1220      29495   tasks.o
      1200         60          0         20        280      25575   timers.o
        48         18          0          0         30       1050   version.o

    ----------------------------------------------------------------------
     48568       2834       1154       3468     538728    1607392   Object Totals
         0          0         32          0          0          0   (incl. Generated)
        76          0          7          2          2          0   (incl. Padding)

    ----------------------------------------------------------------------

      Code (inc. data)   RO Data    RW Data    ZI Data      Debug   Library Member Name

       110          0          0          0          0        950   arm_abs_f32.o
       392          0          0          0          0       2333   arm_biquad_cascade_df1_f32.o
        22          0          0          0          0       1075   arm_biquad_cascade_df1_init_f32.o
        64          0          0          0          0       1220   arm_bitreversal2.o
      1708          0          0          0          0       6291   arm_cfft_f32.o
      1466          8          0          0          0       5159   arm_cfft_radix8_f32.o
         0          0      87128          0          0       3698   arm_common_tables.o
         0          0        144          0          0       3827   arm_const_structs.o
       206          0          0          0          0       1176   arm_max_f32.o
       132          4          0          0          0       1010   arm_mean_f32.o
       192          4          0          0          0       1631   arm_rms_f32.o
       164         44          0          0          0        620   dunder.o
        24          0          0          0          0        124   fabs.o
        48          0          0          0          0        124   fpclassify.o
       248          0          0          0          0        152   poly.o
      3200        296        136          0          0        352   pow.o
         0          0          8          0          0          0   qnan.o
       224         30          0          0          0        172   round.o
       110          0          0          0          0        148   sqrt.o
        58          0          0          0          0        136   sqrtf.o
        86          0          0          0          0          0   __dczerorl2.o
         0          0          0          0          0          0   entry.o
         0          0          0          0          0          0   entry10a.o
         0          0          0          0          0          0   entry11a.o
         8          4          0          0          0          0   entry2.o
         4          0          0          0          0          0   entry5.o
         0          0          0          0          0          0   entry7b.o
         0          0          0          0          0          0   entry8b.o
         8          4          0          0          0          0   entry9a.o
        12          6          0          4          0         68   errno.o
        30          0          0          0          0          0   handlers.o
        36          8          0          0          0         68   init.o
         0          0          0          0          0          0   iusefp.o
        30          0          0          0          0         68   llshl.o
        36          0          0          0          0         68   llsshr.o
        32          0          0          0          0         68   llushr.o
        64          0          0          0          0         76   memmovea.o
        36          0          0          0          0        108   memseta.o
       416          8          0          0          0        252   printf1.o
        14          0          0          0          0         68   strlen.o
        44          0          0          0          0         80   uidiv.o
       104          0          0          0          0         92   uldiv.o
        48          0          0          0          0         68   cdcmple.o
        48          0          0          0          0         68   cdrcmple.o
        56          0          0          0          0         88   d2f.o
       350          0          0          0          0        148   dadd.o
       222          0          0          0          0        100   ddiv.o
       186          0          0          0          0        176   depilogue.o
        50          0          0          0          0         76   dfixui.o
        34          0          0          0          0         76   dflti.o
        26          0          0          0          0         76   dfltui.o
       234          0          0          0          0         96   dmul.o
       136          4          0          0          0         92   drnd.o
        46          0          0          0          0         80   dscalb.o
       162          0          0          0          0        100   dsqrt.o
        38          0          0          0          0         68   f2d.o
       110          0          0          0          0        168   fepilogue.o

    ----------------------------------------------------------------------
     11104        420      87418          4          0      32694   Library Totals
        30          0          2          0          0          0   (incl. Padding)

    ----------------------------------------------------------------------

      Code (inc. data)   RO Data    RW Data    ZI Data      Debug   Library Name

      4292         16      87272          0          0      28370   arm_cortexM4lf_math.lib
      4076        370        144          0          0       1828   m_wm.l
       960         30          0          4          0       1016   mc_w.l
      1746          4          0          0          0       1480   mf_w.l

    ----------------------------------------------------------------------
     11104        420      87418          4          0      32694   Library Totals

    ----------------------------------------------------------------------

==============================================================================


      Code (inc. data)   RO Data    RW Data    ZI Data      Debug   

     59672       3254      88572       3472     538728    1610742   Grand Totals
     59672       3254      88572        284     538728    1610742   ELF Image Totals (compressed)
     59672       3254      88572        284          0          0   ROM Totals

==============================================================================

    Total RO  Size (Code + RO Data)               148244 ( 144.77kB)
    Total RW  Size (RW Data + ZI Data)            542200 ( 529.49kB)
    Total ROM Size (Code + RO Data + RW Data)     148528 ( 145.05kB)

==============================================================================

