<html>
<body>
<pre>
<h1>礦ision Build Log</h1>
<h2>Tool Versions:</h2>
IDE-Version: μVision V5.28.0.0
Copyright (C) 2019 ARM Ltd and ARM Germany GmbH. All rights reserved.
License Information: 123 3, 241, LIC=7YKKP-MSXZ1-ZCHJY-IGNN5-IDFAI-NUK50
 
Tool Versions:
Toolchain:       MDK-ARM Professional  Version: 5.28.0.0
Toolchain Path:  D:\Keil_v5\ARM\ARMCC\Bin
C Compiler:      Armcc.exe V5.06 update 6 (build 750)
Assembler:       Armasm.exe V5.06 update 6 (build 750)
Linker/Locator:  ArmLink.exe V5.06 update 6 (build 750)
Library Manager: ArmAr.exe V5.06 update 6 (build 750)
Hex Converter:   FromElf.exe V5.06 update 6 (build 750)
CPU DLL:         SARMCM3.DLL V5.28.0.0
Dialog DLL:      DCM.DLL V1.17.3.0
Target DLL:      Segger\JL2CM3.dll V2.99.36.0
Dialog DLL:      TCM.DLL V1.36.2.0
 
<h2>Project:</h2>
E:\github_project\junyue\MDK-ARM\YE59XX.uvprojx
Project File Date:  11/05/2019

<h2>Output:</h2>
*** Using Compiler 'V5.06 update 6 (build 750)', folder: 'D:\Keil_v5\ARM\ARMCC\Bin'
Build target 'YE59XX'
compiling DateProcessTask.c...
compiling main.c...
compiling DataEmuTask.c...
DataEmuTask.c(183): warning:  #177-D: variable "absyy"  was declared but never referenced
  	float absyy=0;
DataEmuTask.c(184): warning:  #177-D: variable "INTERsqrt"  was declared but never referenced
  	float INTERsqrt=0;
DataEmuTask.c(185): warning:  #177-D: variable "yy"  was declared but never referenced
  	float yy;
DataEmuTask.c(186): warning:  #177-D: variable "Adata"  was declared but never referenced
  	float * Adata;
DataEmuTask.c(439): warning:  #177-D: variable "empty_Acceleration_ADCHS"  was declared but never referenced
  	uint32_t empty_Acceleration_ADCHS=0;   //未发送通道
DataEmuTask.c(749): warning:  #177-D: variable "t"  was declared but never referenced
  	int32_t t;
DataEmuTask.c(750): warning:  #177-D: variable "df"  was declared but never referenced
  	float df;
DataEmuTask.c: 7 warnings, 0 errors
compiling RxdBufProcessTask.c...
RxdBufProcessTask.c(320): warning:  #1295-D: Deprecated declaration emu_sprase_index - give arg types
  extern void emu_sprase_index();
RxdBufProcessTask.c(533): warning:  #177-D: variable "channelnum"  was declared but never referenced
  	 uint8_t channelnum=(((uint32_t)CmdBuf[3]<<8)+CmdBuf[2])/17;
RxdBufProcessTask.c(1087): warning:  #188-D: enumerated type mixed with another type
  			config.Alarm_source[rule_index][i].parameter_NAME=RXDCmdBuf[8+persource_byte_length*i];
RxdBufProcessTask.c(1088): warning:  #188-D: enumerated type mixed with another type
  			config.Alarm_source[rule_index][i].logical=RXDCmdBuf[9+persource_byte_length*i];
RxdBufProcessTask.c(1089): warning:  #188-D: enumerated type mixed with another type
  			config.Alarm_source[rule_index][i].relationship=RXDCmdBuf[10+persource_byte_length*i];
RxdBufProcessTask.c: 5 warnings, 0 errors
compiling stm32l4xx_hal_msp.c...
compiling freertos.c...
compiling stm32l4xx_it.c...
compiling Esp32ProcessTask.c...
Esp32ProcessTask.c(34): warning:  #1295-D: Deprecated declaration command_reply_alarm_value - give arg types
  extern uint8_t command_reply_alarm_value();
Esp32ProcessTask.c(35): warning:  #1295-D: Deprecated declaration command_replyap - give arg types
  extern uint8_t command_replyap();  //返回IP地址
Esp32ProcessTask.c: 2 warnings, 0 errors
compiling stm32l4xx_hal_timebase_tim.c...
compiling bsp.c...
compiling bsp_led.c...
compiling bsp_spi_ad7682.c...
compiling bsp_kx220.c...
compiling bsp_cpu_rtc.c...
..\Bsp\bsp_cpu_rtc.c(312): warning:  #177-D: function "RTC_CheckDatetimeFormat"  was declared but never referenced
  static bool RTC_CheckDatetimeFormat(const RTC_T *datetime)
..\Bsp\bsp_cpu_rtc.c: 1 warning, 0 errors
compiling bsp_esp32.c...
Warning: C4008W: splitting LDM/STM has no benefit
..\Bsp\bsp_esp32.c: 1 warning, 0 errors
compiling double_integral.c...
compiling bsp_flash.c...
compiling bsp_uniqueID.c...
compiling bsp_LMT01.c...
compiling stm32l4xx_hal_rtc.c...
compiling stm32l4xx_hal_rtc_ex.c...
compiling stm32l4xx_hal_tim.c...
compiling stm32l4xx_hal_tim_ex.c...
compiling stm32l4xx_hal.c...
compiling stm32l4xx_hal_i2c.c...
compiling stm32l4xx_hal_i2c_ex.c...
compiling stm32l4xx_hal_rcc.c...
compiling stm32l4xx_hal_flash.c...
compiling stm32l4xx_hal_flash_ex.c...
compiling stm32l4xx_hal_rcc_ex.c...
compiling stm32l4xx_hal_flash_ramfunc.c...
compiling stm32l4xx_hal_gpio.c...
compiling stm32l4xx_hal_dma.c...
compiling stm32l4xx_hal_dma_ex.c...
compiling stm32l4xx_hal_pwr.c...
compiling stm32l4xx_hal_cortex.c...
compiling stm32l4xx_hal_exti.c...
compiling stm32l4xx_hal_pwr_ex.c...
compiling stm32l4xx_hal_spi.c...
compiling stm32l4xx_hal_uart_ex.c...
compiling stm32l4xx_hal_usart.c...
compiling stm32l4xx_hal_uart.c...
assembling startup_stm32l4r9xx.s...
compiling croutine.c...
compiling event_groups.c...
compiling list.c...
compiling queue.c...
compiling stream_buffer.c...
compiling tasks.c...
compiling timers.c...
compiling cmsis_os2.c...
compiling heap_4.c...
compiling port.c...
compiling version.c...
compiling crc.c...
compiling SEGGER_RTT.c...
compiling SEGGER_RTT_printf.c...
compiling clog.c...
compiling stm32l4xx_hal_usart_ex.c...
compiling stm32l4xx_hal_wwdg.c...
compiling system_stm32l4xx.c...
linking...
Program Size: Code=59696 RO-data=88572 RW-data=3472 ZI-data=538728  
FromELF: creating hex file...
"YE59XX\V1.0.6" - 0 Error(s), 16 Warning(s).

<h2>Software Packages used:</h2>

Package Vendor: ARM
                http://www.keil.com/pack/ARM.CMSIS.5.5.1.pack
                ARM.CMSIS.5.5.1
                CMSIS (Cortex Microcontroller Software Interface Standard)
   * Component: CORE Version: 5.2.0
   * Component: DSP Variant: Library Version: 1.6.0

Package Vendor: Keil
                http://www.keil.com/pack/Keil.STM32L4xx_DFP.2.2.0.pack
                Keil.STM32L4xx_DFP.2.2.0
                STMicroelectronics STM32L4 Series Device Support, Drivers and Examples

<h2>Collection of Component include folders:</h2>
  .\RTE\_YE59XX
  D:\Keil_v5\Arm\Packs\ARM\CMSIS\5.5.1\CMSIS\Core\Include
  D:\Keil_v5\Arm\Packs\ARM\CMSIS\5.5.1\CMSIS\DSP\Include
  D:\Keil_v5\Arm\Packs\Keil\STM32L4xx_DFP\2.2.0\Drivers\CMSIS\Device\ST\STM32L4xx\Include

<h2>Collection of Component Files used:</h2>

   * Component: ARM::CMSIS:CORE:5.2.0

   * Component: ARM::CMSIS:DSP:Library:1.6.0
      Library file:  CMSIS\DSP\Lib\ARM\arm_cortexM4lf_math.lib
      Include file:  CMSIS\DSP\Include\arm_math.h
Build Time Elapsed:  00:04:30
</pre>
</body>
</html>
