<html>
<body>
<pre>
<h1>µVision Build Log</h1>
<h2>Tool Versions:</h2>
IDE-Version: ¦ÌVision V5.28.0.0
Copyright (C) 2019 ARM Ltd and ARM Germany GmbH. All rights reserved.
License Information: 123 3, 241, LIC=7YKKP-MSXZ1-ZCHJY-IGNN5-IDFAI-NUK50
 
Tool Versions:
Toolchain:       MDK-ARM Professional  Version: 5.28.0.0
Toolchain Path:  D:\Keil_v5\ARM\ARMCC\Bin
C Compiler:      Armcc.exe V5.06 update 6 (build 750)
Assembler:       Armasm.exe V5.06 update 6 (build 750)
Linker/Locator:  ArmLink.exe V5.06 update 6 (build 750)
Library Manager: ArmAr.exe V5.06 update 6 (build 750)
Hex Converter:   FromElf.exe V5.06 update 6 (build 750)
CPU DLL:         SARMCM3.DLL V5.28.0.0
Dialog DLL:      DCM.DLL V1.17.3.0
Target DLL:      Segger\JL2CM3.dll V2.99.36.0
Dialog DLL:      TCM.DLL V1.36.2.0
 
<h2>Project:</h2>
E:\github_project\junyue\MDK-ARM\YE59XX.uvprojx
Project File Date:  04/26/2020

<h2>Output:</h2>
*** Using Compiler 'V5.06 update 6 (build 750)', folder: 'D:\Keil_v5\ARM\ARMCC\Bin'
Build target 'YE59XX'
compiling version.c...
compiling RxdBufProcessTask.c...
RxdBufProcessTask.c(325): warning:  #1295-D: Deprecated declaration emu_sprase_index - give arg types
  extern void emu_sprase_index();
RxdBufProcessTask.c(562): warning:  #177-D: variable "channelnum"  was declared but never referenced
  	uint8_t channelnum=(((uint32_t)CmdBuf[3]<<8)+CmdBuf[2])/17;
RxdBufProcessTask.c(1013): warning:  #177-D: variable "write_32_Byte"  was declared but never referenced
  	uint8_t write_32_Byte[64]={0};
RxdBufProcessTask.c(1163): warning:  #188-D: enumerated type mixed with another type
  			config.Alarm_source[rule_index][i].parameter_NAME=RXDCmdBuf[8+persource_byte_length*i];
RxdBufProcessTask.c(1164): warning:  #188-D: enumerated type mixed with another type
  			config.Alarm_source[rule_index][i].logical=RXDCmdBuf[9+persource_byte_length*i];
RxdBufProcessTask.c(1165): warning:  #188-D: enumerated type mixed with another type
  			config.Alarm_source[rule_index][i].relationship=RXDCmdBuf[10+persource_byte_length*i];
RxdBufProcessTask.c: 6 warnings, 0 errors
linking...
Program Size: Code=59120 RO-data=88648 RW-data=3496 ZI-data=544024  
FromELF: creating hex file...
After Build - User command #1: fromelf.exe --bin -o "YE59XX\YE5.bin" "YE59XX\YE5.axf"
"YE59XX\YE5.axf" - 0 Error(s), 6 Warning(s).

<h2>Software Packages used:</h2>

Package Vendor: ARM
                http://www.keil.com/pack/ARM.CMSIS.5.6.0.pack
                ARM.CMSIS.5.6.0
                CMSIS (Cortex Microcontroller Software Interface Standard)
   * Component: CORE Version: 5.3.0
   * Component: DSP Variant: Library Version: 1.7.0

Package Vendor: Keil
                https://www.keil.com/pack/Keil.STM32L4xx_DFP.2.3.0.pack
                Keil.STM32L4xx_DFP.2.3.0
                STMicroelectronics STM32L4 Series Device Support, Drivers and Examples

<h2>Collection of Component include folders:</h2>
  .\RTE\_YE59XX
  D:\Keil_v5\Arm\Packs\ARM\CMSIS\5.6.0\CMSIS\Core\Include
  D:\Keil_v5\Arm\Packs\ARM\CMSIS\5.6.0\CMSIS\DSP\Include
  D:\Keil_v5\Arm\Packs\Keil\STM32L4xx_DFP\2.3.0\Drivers\CMSIS\Device\ST\STM32L4xx\Include

<h2>Collection of Component Files used:</h2>

   * Component: ARM::CMSIS:CORE:5.3.0

   * Component: ARM::CMSIS:DSP:Library:1.7.0
      Include file:  CMSIS\DSP\Include\arm_math.h
      Library file:  CMSIS\DSP\Lib\ARM\arm_cortexM4lf_math.lib
Build Time Elapsed:  00:00:17
</pre>
</body>
</html>
