Component: ARM Compiler 5.06 update 6 (build 750) Tool: armlink [4d35ed]

==============================================================================

Section Cross References

    dateprocesstask.o(i.DataProcessFunction) refers to cmsis_os2.o(i.osDelay) for osDelay
    dateprocesstask.o(i.DataProcessFunction) refers to bsp_spi_ad7682.o(i.StartSample) for StartSample
    dateprocesstask.o(i.DataProcessFunction) refers to stm32l4xx_hal.o(i.HAL_Delay) for HAL_Delay
    dateprocesstask.o(i.DataProcessFunction) refers to bsp_spi_ad7682.o(i.StopSample) for StopSample
    dateprocesstask.o(i.DataProcessFunction) refers to dateprocesstask.o(i.emu_sprase_index) for emu_sprase_index
    dateprocesstask.o(i.DataProcessFunction) refers to dateprocesstask.o(i.UpdateAccelerationData) for UpdateAccelerationData
    dateprocesstask.o(i.DataProcessFunction) refers to bsp_cpu_rtc.o(i.RTC_ReadClock) for RTC_ReadClock
    dateprocesstask.o(i.DataProcessFunction) refers to cmsis_os2.o(i.osSemaphoreRelease) for osSemaphoreRelease
    dateprocesstask.o(i.DataProcessFunction) refers to cmsis_os2.o(i.osSemaphoreAcquire) for osSemaphoreAcquire
    dateprocesstask.o(i.DataProcessFunction) refers to dateprocesstask.o(.data) for .data
    dateprocesstask.o(i.DataProcessFunction) refers to dateprocesstask.o(.bss) for .bss
    dateprocesstask.o(i.DataProcessFunction) refers to main.o(.bss) for Parameter
    dateprocesstask.o(i.DataProcessFunction) refers to bsp_spi_ad7682.o(.data) for cur_ad_ch
    dateprocesstask.o(i.DataProcessFunction) refers to bsp_spi_ad7682.o(.bss) for ad7682_rec
    dateprocesstask.o(i.DataProcessFunction) refers to bsp_spi_ad7682.o(.constdata) for ad7682_ch_data_queue
    dateprocesstask.o(i.DataProcessFunction) refers to main.o(.data) for config
    dateprocesstask.o(i.UpdateAccelerationData) refers to dateprocesstask.o(.data) for .data
    dateprocesstask.o(i.UpdateAccelerationData) refers to dateprocesstask.o(.bss) for .bss
    dateprocesstask.o(i.emu_sprase_index) refers to dateprocesstask.o(.constdata) for .constdata
    dateprocesstask.o(i.emu_sprase_index) refers to main.o(.data) for config
    dateprocesstask.o(i.emu_sprase_index) refers to main.o(.bss) for Parameter
    dataemutask.o(i.BoardAutoPeroidWave) refers to bsp_esp32.o(i.WriteDataToTXDBUF) for WriteDataToTXDBUF
    dataemutask.o(i.BoardAutoPeroidWave) refers to cmsis_os2.o(i.osDelay) for osDelay
    dataemutask.o(i.BoardAutoPeroidWave) refers to dateprocesstask.o(.data) for currentSAMPLEblock
    dataemutask.o(i.BoardAutoPeroidWave) refers to dateprocesstask.o(.bss) for piz_emu_data
    dataemutask.o(i.BoardAutoPeroidWave) refers to main.o(.data) for config
    dataemutask.o(i.BoardAutoPeroidWave) refers to dataemutask.o(.bss) for .bss
    dataemutask.o(i.BoardAutoPeroidWave) refers to bsp_cpu_rtc.o(.data) for g_tRTC
    dataemutask.o(i.BoardAutoPeroidWave1) refers to bsp_esp32.o(i.WriteDataToTXDBUF) for WriteDataToTXDBUF
    dataemutask.o(i.BoardAutoPeroidWave1) refers to cmsis_os2.o(i.osDelay) for osDelay
    dataemutask.o(i.BoardAutoPeroidWave1) refers to dateprocesstask.o(.data) for currentSAMPLEblock
    dataemutask.o(i.BoardAutoPeroidWave1) refers to dateprocesstask.o(.bss) for piz_emu_data
    dataemutask.o(i.BoardAutoPeroidWave1) refers to main.o(.data) for config
    dataemutask.o(i.BoardAutoPeroidWave1) refers to dataemutask.o(.bss) for .bss
    dataemutask.o(i.BoardAutoPeroidWave1) refers to bsp_cpu_rtc.o(.data) for g_tRTC
    dataemutask.o(i.BoardParameter_withtime) refers to bsp_esp32.o(i.WriteDataToTXDBUF) for WriteDataToTXDBUF
    dataemutask.o(i.BoardParameter_withtime) refers to dataemutask.o(.bss) for .bss
    dataemutask.o(i.BoardParameter_withtime) refers to bsp_cpu_rtc.o(.data) for g_tRTC
    dataemutask.o(i.BoardParameter_withtime) refers to main.o(.data) for config
    dataemutask.o(i.BoardParameter_withtime) refers to main.o(.bss) for Parameter
    dataemutask.o(i.BoardParameter_withtime_forJUNYUE) refers to dataemutask.o(i.rule_check) for rule_check
    dataemutask.o(i.BoardParameter_withtime_forJUNYUE) refers to bsp_esp32.o(i.WriteDataToTXDBUF) for WriteDataToTXDBUF
    dataemutask.o(i.BoardParameter_withtime_forJUNYUE) refers to dataemutask.o(.bss) for .bss
    dataemutask.o(i.BoardParameter_withtime_forJUNYUE) refers to bsp_cpu_rtc.o(.data) for g_tRTC
    dataemutask.o(i.BoardParameter_withtime_forJUNYUE) refers to main.o(.bss) for Parameter
    dataemutask.o(i.BoardParameter_withtime_forJUNYUE) refers to main.o(.data) for config
    dataemutask.o(i.BoardPeroidWave) refers to dateprocesstask.o(.data) for currentSAMPLEblock
    dataemutask.o(i.BoardPeroidWave) refers to main.o(.data) for config
    dataemutask.o(i.BoardPeroidWave) refers to dateprocesstask.o(.bss) for piz_emu_data
    dataemutask.o(i.BoardPeroidWave) refers to dataemutask.o(.data) for .data
    dataemutask.o(i.BoardPeroidWave) refers to dataemutask.o(.bss) for .bss
    dataemutask.o(i.BoardPeroidWave) refers to main.o(.bss) for Parameter
[...]
    reply_requie_contioue_iap                0x0802cf15   Thumb Code    54  rxdbufprocesstask.o(i.reply_requie_contioue_iap)
    reply_requie_contioue_iap_data           0x0802cf55   Thumb Code    44  rxdbufprocesstask.o(i.reply_requie_contioue_iap_data)
    reply_shut_iap                           0x0802cf89   Thumb Code    54  rxdbufprocesstask.o(i.reply_shut_iap)
    reply_stop_iap_data                      0x0802cfc9   Thumb Code    44  rxdbufprocesstask.o(i.reply_stop_iap_data)
    rule_check                               0x0802cffd   Thumb Code   424  dataemutask.o(i.rule_check)
    saveConfig                               0x0802d1b9   Thumb Code    34  bsp_flash.o(i.saveConfig)
    software_reset                           0x0802d1e9   Thumb Code    28  main.o(i.software_reset)
    sqrt                                     0x0802d20d   Thumb Code   110  sqrt.o(i.sqrt)
    sumofRxdBuf                              0x0802d27d   Thumb Code    38  rxdbufprocesstask.o(i.sumofRxdBuf)
    test_rtc                                 0x0802d2a9   Thumb Code   100  rxdbufprocesstask.o(i.test_rtc)
    uxListRemove                             0x0802d31d   Thumb Code    38  list.o(i.uxListRemove)
    vApplicationGetIdleTaskMemory            0x0802d345   Thumb Code    16  cmsis_os2.o(i.vApplicationGetIdleTaskMemory)
    vApplicationGetTimerTaskMemory           0x0802d359   Thumb Code    18  cmsis_os2.o(i.vApplicationGetTimerTaskMemory)
    vListInitialise                          0x0802d371   Thumb Code    22  list.o(i.vListInitialise)
    vListInitialiseItem                      0x0802d387   Thumb Code     6  list.o(i.vListInitialiseItem)
    vListInsert                              0x0802d38d   Thumb Code    54  list.o(i.vListInsert)
    vListInsertEnd                           0x0802d3c3   Thumb Code    24  list.o(i.vListInsertEnd)
    vPortEnterCritical                       0x0802d3dd   Thumb Code    54  port.o(i.vPortEnterCritical)
    vPortExitCritical                        0x0802d41d   Thumb Code    38  port.o(i.vPortExitCritical)
    vPortFree                                0x0802d449   Thumb Code    88  heap_4.o(i.vPortFree)
    vPortSetupTimerInterrupt                 0x0802d4a5   Thumb Code    64  port.o(i.vPortSetupTimerInterrupt)
    vPortSuppressTicksAndSleep               0x0802d4ed   Thumb Code   244  port.o(i.vPortSuppressTicksAndSleep)
    vPortValidateInterruptPriority           0x0802d5e5   Thumb Code    74  port.o(i.vPortValidateInterruptPriority)
    vQueueAddToRegistry                      0x0802d639   Thumb Code    34  queue.o(i.vQueueAddToRegistry)
    vQueueDelete                             0x0802d661   Thumb Code    50  queue.o(i.vQueueDelete)
    vQueueUnregisterQueue                    0x0802d695   Thumb Code    36  queue.o(i.vQueueUnregisterQueue)
    vQueueWaitForMessageRestricted           0x0802d6bd   Thumb Code    74  queue.o(i.vQueueWaitForMessageRestricted)
    vTaskDelay                               0x0802d709   Thumb Code    70  tasks.o(i.vTaskDelay)
    vTaskInternalSetTimeOutState             0x0802d759   Thumb Code    12  tasks.o(i.vTaskInternalSetTimeOutState)
    vTaskMissedYield                         0x0802d769   Thumb Code     8  tasks.o(i.vTaskMissedYield)
    vTaskPlaceOnEventList                    0x0802d775   Thumb Code    48  tasks.o(i.vTaskPlaceOnEventList)
    vTaskPlaceOnEventListRestricted          0x0802d7a9   Thumb Code    54  tasks.o(i.vTaskPlaceOnEventListRestricted)
    vTaskPriorityDisinheritAfterTimeout      0x0802d7e5   Thumb Code   138  tasks.o(i.vTaskPriorityDisinheritAfterTimeout)
    vTaskStartScheduler                      0x0802d879   Thumb Code   128  tasks.o(i.vTaskStartScheduler)
    vTaskStepTick                            0x0802d909   Thumb Code    36  tasks.o(i.vTaskStepTick)
    vTaskSuspend                             0x0802d931   Thumb Code   144  tasks.o(i.vTaskSuspend)
    vTaskSuspendAll                          0x0802d9cd   Thumb Code    10  tasks.o(i.vTaskSuspendAll)
    vTaskSwitchContext                       0x0802d9dd   Thumb Code   100  tasks.o(i.vTaskSwitchContext)
    xPortStartScheduler                      0x0802da49   Thumb Code   232  port.o(i.xPortStartScheduler)
    xQueueCreateCountingSemaphore            0x0802db4d   Thumb Code    60  queue.o(i.xQueueCreateCountingSemaphore)
    xQueueCreateCountingSemaphoreStatic      0x0802db89   Thumb Code    66  queue.o(i.xQueueCreateCountingSemaphoreStatic)
    xQueueGenericCreate                      0x0802dbcb   Thumb Code    74  queue.o(i.xQueueGenericCreate)
    xQueueGenericCreateStatic                0x0802dc15   Thumb Code   112  queue.o(i.xQueueGenericCreateStatic)
    xQueueGenericReset                       0x0802dc85   Thumb Code   138  queue.o(i.xQueueGenericReset)
    xQueueGenericSend                        0x0802dd15   Thumb Code   362  queue.o(i.xQueueGenericSend)
    xQueueGenericSendFromISR                 0x0802de85   Thumb Code   188  queue.o(i.xQueueGenericSendFromISR)
    xQueueGiveFromISR                        0x0802df41   Thumb Code   160  queue.o(i.xQueueGiveFromISR)
    xQueueReceive                            0x0802dfe1   Thumb Code   322  queue.o(i.xQueueReceive)
    xQueueReceiveFromISR                     0x0802e129   Thumb Code   154  queue.o(i.xQueueReceiveFromISR)
    xQueueSemaphoreTake                      0x0802e1c5   Thumb Code   382  queue.o(i.xQueueSemaphoreTake)
    xTaskCheckForTimeOut                     0x0802e349   Thumb Code   122  tasks.o(i.xTaskCheckForTimeOut)
    xTaskCreate                              0x0802e3c9   Thumb Code   108  tasks.o(i.xTaskCreate)
    xTaskCreateStatic                        0x0802e43b   Thumb Code    96  tasks.o(i.xTaskCreateStatic)
    xTaskGetSchedulerState                   0x0802e49d   Thumb Code    24  tasks.o(i.xTaskGetSchedulerState)
    xTaskGetTickCount                        0x0802e4b9   Thumb Code     6  tasks.o(i.xTaskGetTickCount)
    xTaskIncrementTick                       0x0802e4c5   Thumb Code   194  tasks.o(i.xTaskIncrementTick)
    xTaskPriorityDisinherit                  0x0802e591   Thumb Code   118  tasks.o(i.xTaskPriorityDisinherit)
    xTaskPriorityInherit                     0x0802e611   Thumb Code   118  tasks.o(i.xTaskPriorityInherit)
    xTaskRemoveFromEventList                 0x0802e691   Thumb Code   112  tasks.o(i.xTaskRemoveFromEventList)
    xTaskResumeAll                           0x0802e70d   Thumb Code   190  tasks.o(i.xTaskResumeAll)
    xTimerCreateTimerTask                    0x0802e7d9   Thumb Code    86  timers.o(i.xTimerCreateTimerTask)
    xTimerGenericCommand                     0x0802e841   Thumb Code   112  timers.o(i.xTimerGenericCommand)
    ADfrequence                              0x0802e8b4   Data          16  dateprocesstask.o(.constdata)
    IIRCoeffs16384_1600HP                    0x0802e8d4   Data          40  dataemutask.o(.constdata)
    IIRCoeffs8192_1600HP                     0x0802e8fc   Data          40  dataemutask.o(.constdata)
    IIRCoeffs4096_1600HP                     0x0802e924   Data          40  dataemutask.o(.constdata)
    IIRCoeffs16384_1000_6000BP               0x0802e94c   Data          40  dataemutask.o(.constdata)
    IIRCoeffs16384_1000LP                    0x0802e974   Data          40  dataemutask.o(.constdata)
    ad7682_ch_queue                          0x0802eaa4   Data          24  bsp_spi_ad7682.o(.constdata)
    ad7682_ch_data_queue                     0x0802eabc   Data          24  bsp_spi_ad7682.o(.constdata)
    AHBPrescTable                            0x0802eaf0   Data          16  system_stm32l4xx.o(.constdata)
    MSIRangeTable                            0x0802eb00   Data          48  system_stm32l4xx.o(.constdata)
    APBPrescTable                            0x0802eb30   Data           8  system_stm32l4xx.o(.constdata)
    __mathlib_zero                           0x0802ebd0   Data           8  qnan.o(.constdata)
    armBitRevIndexTable1024                  0x0802ec36   Data        3600  arm_common_tables.o(.rodata.armBitRevIndexTable1024)
    armBitRevIndexTable128                   0x0802fa46   Data         416  arm_common_tables.o(.rodata.armBitRevIndexTable128)
    armBitRevIndexTable16                    0x0802fbe6   Data          40  arm_common_tables.o(.rodata.armBitRevIndexTable16)
    armBitRevIndexTable2048                  0x0802fc0e   Data        7616  arm_common_tables.o(.rodata.armBitRevIndexTable2048)
    armBitRevIndexTable256                   0x080319ce   Data         880  arm_common_tables.o(.rodata.armBitRevIndexTable256)
    armBitRevIndexTable32                    0x08031d3e   Data          96  arm_common_tables.o(.rodata.armBitRevIndexTable32)
    armBitRevIndexTable4096                  0x08031d9e   Data        8064  arm_common_tables.o(.rodata.armBitRevIndexTable4096)
    armBitRevIndexTable512                   0x08033d1e   Data         896  arm_common_tables.o(.rodata.armBitRevIndexTable512)
    armBitRevIndexTable64                    0x0803409e   Data         112  arm_common_tables.o(.rodata.armBitRevIndexTable64)
    arm_cfft_sR_f32_len1024                  0x08034110   Data          16  arm_const_structs.o(.rodata.arm_cfft_sR_f32_len1024)
    arm_cfft_sR_f32_len128                   0x08034120   Data          16  arm_const_structs.o(.rodata.arm_cfft_sR_f32_len128)
    arm_cfft_sR_f32_len16                    0x08034130   Data          16  arm_const_structs.o(.rodata.arm_cfft_sR_f32_len16)
    arm_cfft_sR_f32_len2048                  0x08034140   Data          16  arm_const_structs.o(.rodata.arm_cfft_sR_f32_len2048)
    arm_cfft_sR_f32_len256                   0x08034150   Data          16  arm_const_structs.o(.rodata.arm_cfft_sR_f32_len256)
    arm_cfft_sR_f32_len32                    0x08034160   Data          16  arm_const_structs.o(.rodata.arm_cfft_sR_f32_len32)
    arm_cfft_sR_f32_len4096                  0x08034170   Data          16  arm_const_structs.o(.rodata.arm_cfft_sR_f32_len4096)
    arm_cfft_sR_f32_len512                   0x08034180   Data          16  arm_const_structs.o(.rodata.arm_cfft_sR_f32_len512)
    arm_cfft_sR_f32_len64                    0x08034190   Data          16  arm_const_structs.o(.rodata.arm_cfft_sR_f32_len64)
    twiddleCoef_1024                         0x080341a0   Data        8192  arm_common_tables.o(.rodata.twiddleCoef_1024)
    twiddleCoef_128                          0x080361a0   Data        1024  arm_common_tables.o(.rodata.twiddleCoef_128)
    twiddleCoef_16                           0x080365a0   Data         128  arm_common_tables.o(.rodata.twiddleCoef_16)
    twiddleCoef_2048                         0x08036620   Data       16384  arm_common_tables.o(.rodata.twiddleCoef_2048)
    twiddleCoef_256                          0x0803a620   Data        2048  arm_common_tables.o(.rodata.twiddleCoef_256)
    twiddleCoef_32                           0x0803ae20   Data         256  arm_common_tables.o(.rodata.twiddleCoef_32)
    twiddleCoef_4096                         0x0803af20   Data       32768  arm_common_tables.o(.rodata.twiddleCoef_4096)
    twiddleCoef_512                          0x08042f20   Data        4096  arm_common_tables.o(.rodata.twiddleCoef_512)
    twiddleCoef_64                           0x08043f20   Data         512  arm_common_tables.o(.rodata.twiddleCoef_64)
    Region$$Table$$Base                      0x08044120   Number         0  anon$$obj.o(Region$$Table)
    Region$$Table$$Limit                     0x08044140   Number         0  anon$$obj.o(Region$$Table)
    FirstBlood                               0x20000000   Data           1  dateprocesstask.o(.data)
    currentSAMPLEblock                       0x20000004   Data           4  dateprocesstask.o(.data)
    halfref                                  0x20000008   Data           4  dateprocesstask.o(.data)
    ActualIndex                              0x2000000c   Data           4  dateprocesstask.o(.data)
    ActualSampleCH                           0x20000010   Data           4  dateprocesstask.o(.data)
    WaritSignalCounter                       0x20000018   Data           4  dataemutask.o(.data)
    timetest                                 0x2000001c   Data           4  dataemutask.o(.data)
    WaitTransmissionModeCounter              0x20000020   Data           4  dataemutask.o(.data)
    fftSize                                  0x20000028   Data           4  dataemutask.o(.data)
    ifftFlag                                 0x2000002c   Data           4  dataemutask.o(.data)
    Requirdperiodwave_tRTC                   0x20000030   Data           8  dataemutask.o(.data)
    PT_Temp                                  0x20000038   Data           8  dataemutask.o(.data)
    receive_iap_pack_index                   0x20000040   Data           1  rxdbufprocesstask.o(.data)
    RxdBytes                                 0x20000042   Data           2  rxdbufprocesstask.o(.data)
    esp32_ready                              0x20000044   Data           2  rxdbufprocesstask.o(.data)
    WifiConnectedFlag                        0x20000046   Data           2  rxdbufprocesstask.o(.data)
    WifiDisconnectedFlag                     0x20000048   Data           2  rxdbufprocesstask.o(.data)
    CmdBufLength                             0x2000004c   Data           2  rxdbufprocesstask.o(.data)
    interscale                               0x20000050   Data           4  rxdbufprocesstask.o(.data)
    receive_iap_data_length                  0x20000054   Data           4  rxdbufprocesstask.o(.data)
    erase_data_length                        0x20000058   Data           4  rxdbufprocesstask.o(.data)
    lastcounter                              0x2000005c   Data           4  rxdbufprocesstask.o(.data)
    errorcounter                             0x20000060   Data           4  rxdbufprocesstask.o(.data)
    rightcounter                             0x20000064   Data           4  rxdbufprocesstask.o(.data)
    sleepcounter                             0x20000078   Data           4  main.o(.data)
    defaultTaskHandle                        0x2000007c   Data           4  main.o(.data)
    DateProcessHandle                        0x20000080   Data           4  main.o(.data)
    DateEmuHandle                            0x20000084   Data           4  main.o(.data)
    RxdBufProcessHandle                      0x20000088   Data           4  main.o(.data)
    Esp32ProcessHandle                       0x2000008c   Data           4  main.o(.data)
    NetProcessHandle                         0x20000090   Data           4  main.o(.data)
    ad7682_readyHandle                       0x20000094   Data           4  main.o(.data)
    seconds_sample_data_readyHandle          0x20000098   Data           4  main.o(.data)
    write_data_readyHandle                   0x2000009c   Data           4  main.o(.data)
    config                                   0x200000a0   Data        3080  main.o(.data)
    datareadyprocess                         0x20000ca8   Data           1  bsp_spi_ad7682.o(.data)
    next_ch                                  0x20000caa   Data           2  bsp_spi_ad7682.o(.data)
    ad7682_cfg                               0x20000cac   Data           2  bsp_spi_ad7682.o(.data)
    cur_ad_ch                                0x20000cae   Data           2  bsp_spi_ad7682.o(.data)
    cur_ad_index                             0x20000cb0   Data           4  bsp_spi_ad7682.o(.data)
    CurrentAD7682DataCounter                 0x20000cb4   Data           4  bsp_spi_ad7682.o(.data)
    g_tRTC                                   0x20000cb8   Data           8  bsp_cpu_rtc.o(.data)
    HeadIndex                                0x20000cc0   Data           1  bsp_esp32.o(.data)
    TailIndex                                0x20000cc1   Data           1  bsp_esp32.o(.data)
    RxdBufHeadIndex                          0x20000cc2   Data           2  bsp_esp32.o(.data)
    RxdBufTailIndex                          0x20000cc4   Data           2  bsp_esp32.o(.data)
    FirstPage                                0x20000cc8   Data           4  bsp_flash.o(.data)
    NbOfPages                                0x20000ccc   Data           4  bsp_flash.o(.data)
    BankNumber                               0x20000cd0   Data           4  bsp_flash.o(.data)
    Address                                  0x20000cd4   Data           4  bsp_flash.o(.data)
    PAGEError                                0x20000cd8   Data           4  bsp_flash.o(.data)
    llength                                  0x20000cdc   Data           4  bsp_flash.o(.data)
    LMT01_RUN_COUNTER                        0x20000ce0   Data           4  bsp_lmt01.o(.data)
    LMT01_TEMP_CNT                           0x20000ce4   Data           4  bsp_lmt01.o(.data)
    LMT01_TEMP_VALUE                         0x20000ce8   Data           4  bsp_lmt01.o(.data)
    LMT01_PULSE_WIDTH                        0x20000cec   Data           4  bsp_lmt01.o(.data)
    uwTickPrio                               0x20000cf0   Data           4  stm32l4xx_hal.o(.data)
    uwTickFreq                               0x20000cf4   Data           4  stm32l4xx_hal.o(.data)
    uwTick                                   0x20000cf8   Data           4  stm32l4xx_hal.o(.data)
    pFlash                                   0x20000cfc   Data          32  stm32l4xx_hal_flash.o(.data)
    SystemCoreClock                          0x20000d1c   Data           4  system_stm32l4xx.o(.data)
    pxCurrentTCB                             0x20000d20   Data           4  tasks.o(.data)
    wp                                       0x20000da8   Data          64  dateprocesstask.o(.bss)
    piz_emu_data                             0x20000de8   Data       131072  dateprocesstask.o(.bss)
    mems_emu_data                            0x20020de8   Data       98304  dateprocesstask.o(.bss)
    jiaoyansum                               0x20038de8   Data          16  dateprocesstask.o(.bss)
    AD_ZERO                                  0x20038df8   Data          16  dateprocesstask.o(.bss)
    AD_ZEROlowpass                           0x20038e08   Data          16  dateprocesstask.o(.bss)
    AD_INTER                                 0x20038e18   Data          16  dateprocesstask.o(.bss)
    lastdata                                 0x20038e28   Data          16  dateprocesstask.o(.bss)
    filtercounter                            0x20038e38   Data          16  dateprocesstask.o(.bss)
    sprase_counter                           0x20038e48   Data          48  dateprocesstask.o(.bss)
    StoreDateIndex                           0x20038e78   Data          48  dateprocesstask.o(.bss)
    wave_jscope                              0x20038ea8   Data          16  dateprocesstask.o(.bss)
    emu_inter_data                           0x20038eb8   Data       65536  dataemutask.o(.bss)
    fft_data                                 0x20048eb8   Data       16384  dataemutask.o(.bss)
    fft_inter_data                           0x2004ceb8   Data       16384  dataemutask.o(.bss)
    testOutput                               0x20050eb8   Data       65536  dataemutask.o(.bss)
    IIRStateF32                              0x20060eb8   Data          32  dataemutask.o(.bss)
    S_test                                   0x20060ed8   Data          12  dataemutask.o(.bss)
    sendbuf                                  0x20060ee4   Data         812  dataemutask.o(.bss)
    value_statue                             0x20061210   Data          20  dataemutask.o(.bss)
    PeriodWaveToSend                         0x20061224   Data        1600  dataemutask.o(.bss)
    RxdTelBuf                                0x20061864   Data        1600  rxdbufprocesstask.o(.bss)
    RXDCmdBuf                                0x20061ea4   Data        1600  rxdbufprocesstask.o(.bss)
    CmdBuf                                   0x200624e4   Data        1600  rxdbufprocesstask.o(.bss)
    rece_iap_data                            0x20062b24   Data        4096  rxdbufprocesstask.o(.bss)
    htim7                                    0x20063b24   Data          64  stm32l4xx_hal_timebase_tim.o(.bss)
    Parameter                                0x20063b68   Data        3496  main.o(.bss)
    myBinarySem01ControlBlock                0x20064910   Data          80  main.o(.bss)
    SpiHandle                                0x20064960   Data         100  bsp_spi_ad7682.o(.bss)
    htim8                                    0x200649c4   Data          64  bsp_spi_ad7682.o(.bss)
    htim3                                    0x20064a04   Data          64  bsp_spi_ad7682.o(.bss)
    ad7682_rec                               0x20064a44   Data          16  bsp_spi_ad7682.o(.bss)
    ad7682_date                              0x20064a54   Data        4096  bsp_spi_ad7682.o(.bss)
    RtcHandle                                0x20065a54   Data          36  bsp_cpu_rtc.o(.bss)
    aRxBuffer                                0x20065a78   Data          20  bsp_esp32.o(.bss)
    TXDBUFLength                             0x20065a8c   Data         128  bsp_esp32.o(.bss)
    huart1                                   0x20065b0c   Data         140  bsp_esp32.o(.bss)
    hdma_usart1_tx                           0x20065b98   Data          96  bsp_esp32.o(.bss)
    hdma_usart1_rx                           0x20065bf8   Data          96  bsp_esp32.o(.bss)
    RxdBuf                                   0x20065c58   Data        1024  bsp_esp32.o(.bss)
    TXDBUF                                   0x20066058   Data       66816  bsp_esp32.o(.bss)
    htim4                                    0x20076568   Data          64  bsp_lmt01.o(.bss)
    integ                                    0x200765a8   Data       49196  double_integral.o(.bss)
    xQueueRegistry                           0x200825d4   Data          64  queue.o(.bss)
    _SEGGER_RTT                              0x20085208   Data         168  segger_rtt.o(.bss)
    __initial_sp                             0x20085ac0   Data           0  startup_stm32l4r9xx.o(STACK)



==============================================================================

Memory Map of the image

  Image Entry point : 0x080201bd

  Load Region LR_IROM1 (Base: 0x08020000, Size: 0x00024ee8, Max: 0x00200000, ABSOLUTE, COMPRESSED[0x00024254])

    Execution Region ER_IROM1 (Exec base: 0x08020000, Load base: 0x08020000, Size: 0x00024140, Max: 0x00200000, ABSOLUTE)

    Exec Addr    Load Addr    Size         Type   Attr      Idx    E Section Name        Object

    0x08020000   0x08020000   0x000001bc   Data   RO         6512    RESET               startup_stm32l4r9xx.o
    0x080201bc   0x080201bc   0x00000000   Code   RO         8747  * .ARM.Collect$$$$00000000  mc_w.l(entry.o)
    0x080201bc   0x080201bc   0x00000004   Code   RO         9072    .ARM.Collect$$$$00000001  mc_w.l(entry2.o)
    0x080201c0   0x080201c0   0x00000004   Code   RO         9075    .ARM.Collect$$$$00000004  mc_w.l(entry5.o)
    0x080201c4   0x080201c4   0x00000000   Code   RO         9077    .ARM.Collect$$$$00000008  mc_w.l(entry7b.o)
    0x080201c4   0x080201c4   0x00000000   Code   RO         9079    .ARM.Collect$$$$0000000A  mc_w.l(entry8b.o)
    0x080201c4   0x080201c4   0x00000008   Code   RO         9080    .ARM.Collect$$$$0000000B  mc_w.l(entry9a.o)
    0x080201cc   0x080201cc   0x00000000   Code   RO         9082    .ARM.Collect$$$$0000000D  mc_w.l(entry10a.o)
    0x080201cc   0x080201cc   0x00000000   Code   RO         9084    .ARM.Collect$$$$0000000F  mc_w.l(entry11a.o)
    0x080201cc   0x080201cc   0x00000004   Code   RO         9073    .ARM.Collect$$$$00002712  mc_w.l(entry2.o)
    0x080201d0   0x080201d0   0x000000de   Code   RO         8092    .emb_text           port.o
    0x080202ae   0x080202ae   0x00000002   PAD
    0x080202b0   0x080202b0   0x00000024   Code   RO         6513    .text               startup_stm32l4r9xx.o
    0x080202d4   0x080202d4   0x00000068   Code   RO         8750    .text               mc_w.l(uldiv.o)
    0x0802033c   0x0802033c   0x00000024   Code   RO         8752    .text               mc_w.l(memcpya.o)
    0x08020360   0x08020360   0x00000024   Code   RO         8756    .text               mc_w.l(memseta.o)
    0x08020384   0x08020384   0x0000000e   Code   RO         8758    .text               mc_w.l(strlen.o)
    0x08020392   0x08020392   0x000000de   Code   RO         9023    .text               mf_w.l(ddiv.o)
    0x08020470   0x08020470   0x0000001a   Code   RO         9025    .text               mf_w.l(dfltui.o)
    0x0802048a   0x0802048a   0x00000032   Code   RO         9027    .text               mf_w.l(dfixui.o)
    0x080204bc   0x080204bc   0x00000026   Code   RO         9029    .text               mf_w.l(f2d.o)
    0x080204e2   0x080204e2   0x00000002   PAD
    0x080204e4   0x080204e4   0x00000030   Code   RO         9031    .text               mf_w.l(cdrcmple.o)
    0x08020514   0x08020514   0x00000038   Code   RO         9033    .text               mf_w.l(d2f.o)
    0x0802054c   0x0802054c   0x0000002c   Code   RO         9089    .text               mc_w.l(uidiv.o)
    0x08020578   0x08020578   0x0000001e   Code   RO         9091    .text               mc_w.l(llshl.o)
    0x08020596   0x08020596   0x00000020   Code   RO         9093    .text               mc_w.l(llushr.o)
    0x080205b6   0x080205b6   0x00000000   Code   RO         9102    .text               mc_w.l(iusefp.o)
    0x080205b6   0x080205b6   0x0000006e   Code   RO         9103    .text               mf_w.l(fepilogue.o)
    0x08020624   0x08020624   0x000000ba   Code   RO         9105    .text               mf_w.l(depilogue.o)
    0x080206de   0x080206de   0x0000015e   Code   RO         9107    .text               mf_w.l(dadd.o)
    0x0802083c   0x0802083c   0x000000ea   Code   RO         9109    .text               mf_w.l(dmul.o)
    0x08020926   0x08020926   0x0000002e   Code   RO         9113    .text               mf_w.l(dscalb.o)
    0x08020954   0x08020954   0x00000088   Code   RO         9115    .text               mf_w.l(drnd.o)
    0x080209dc   0x080209dc   0x00000022   Code   RO         9117    .text               mf_w.l(dflti.o)
    0x080209fe   0x080209fe   0x00000002   PAD
    0x08020a00   0x08020a00   0x00000030   Code   RO         9121    .text               mf_w.l(cdcmple.o)
    0x08020a30   0x08020a30   0x00000024   Code   RO         9123    .text               mc_w.l(init.o)
    0x08020a54   0x08020a54   0x00000024   Code   RO         9126    .text               mc_w.l(llsshr.o)
    0x08020a78   0x08020a78   0x000000a2   Code   RO         9129    .text               mf_w.l(dsqrt.o)
    0x08020b1a   0x08020b1a   0x00000056   Code   RO         9139    .text               mc_w.l(__dczerorl2.o)
    0x08020b70   0x08020b70   0x0000006e   Code   RO         8466    .text.arm_abs_f32   arm_cortexM4lf_math.lib(arm_abs_f32.o)
    0x08020bde   0x08020bde   0x00000002   PAD
    0x08020be0   0x08020be0   0x00000188   Code   RO         8476    .text.arm_biquad_cascade_df1_f32  arm_cortexM4lf_math.lib(arm_biquad_cascade_df1_f32.o)
    0x08020d68   0x08020d68   0x00000016   Code   RO         8486    .text.arm_biquad_cascade_df1_init_f32  arm_cortexM4lf_math.lib(arm_biquad_cascade_df1_init_f32.o)
    0x08020d7e   0x08020d7e   0x00000002   PAD
    0x08020d80   0x08020d80   0x00000040   Code   RO         8600    .text.arm_bitreversal_32  arm_cortexM4lf_math.lib(arm_bitreversal2.o)
    0x08020dc0   0x08020dc0   0x000000e0   Code   RO         8500    .text.arm_cfft_f32  arm_cortexM4lf_math.lib(arm_cfft_f32.o)
    0x08020ea0   0x08020ea0   0x0000019c   Code   RO         8496    .text.arm_cfft_radix8by2_f32  arm_cortexM4lf_math.lib(arm_cfft_f32.o)
    0x0802103c   0x0802103c   0x00000430   Code   RO         8498    .text.arm_cfft_radix8by4_f32  arm_cortexM4lf_math.lib(arm_cfft_f32.o)
    0x0802146c   0x0802146c   0x000000ce   Code   RO         8511    .text.arm_max_f32   arm_cortexM4lf_math.lib(arm_max_f32.o)
    0x0802153a   0x0802153a   0x00000002   PAD
    0x0802153c   0x0802153c   0x00000084   Code   RO         8521    .text.arm_mean_f32  arm_cortexM4lf_math.lib(arm_mean_f32.o)
    0x080215c0   0x080215c0   0x000005ba   Code   RO         8613    .text.arm_radix8_butterfly_f32  arm_cortexM4lf_math.lib(arm_cfft_radix8_f32.o)
    0x08021b7a   0x08021b7a   0x00000002   PAD
    0x08021b7c   0x08021b7c   0x000000c0   Code   RO         8531    .text.arm_rms_f32   arm_cortexM4lf_math.lib(arm_rms_f32.o)
    0x08021c3c   0x08021c3c   0x00000220   Code   RO          404    i.AnalyCmd          rxdbufprocesstask.o
    0x08021e5c   0x08021e5c   0x0000017a   Code   RO          246    i.BoardAutoPeroidWave  dataemutask.o
    0x08021fd6   0x08021fd6   0x00000002   PAD
    0x08021fd8   0x08021fd8   0x00000198   Code   RO          249    i.BoardParameter_withtime_forJUNYUE  dataemutask.o
    0x08022170   0x08022170   0x00000002   Code   RO          934    i.BusFault_Handler  stm32l4xx_it.o
    0x08022172   0x08022172   0x00000002   PAD
    0x08022174   0x08022174   0x0000000c   Code   RO         1445    i.DMA1_Channel1_IRQHandler  bsp_esp32.o
    0x08022180   0x08022180   0x0000000c   Code   RO         1446    i.DMA1_Channel2_IRQHandler  bsp_esp32.o
    0x0802218c   0x0802218c   0x00000050   Code   RO         4542    i.DMA_CalcDMAMUXChannelBaseAndMask  stm32l4xx_hal_dma.o
    0x080221dc   0x080221dc   0x00000028   Code   RO         4543    i.DMA_CalcDMAMUXRequestGenBaseAndMask  stm32l4xx_hal_dma.o
    0x08022204   0x08022204   0x0000005a   Code   RO         4544    i.DMA_SetConfig     stm32l4xx_hal_dma.o
    0x0802225e   0x0802225e   0x00000002   PAD
    0x08022260   0x08022260   0x000001c8   Code   RO          251    i.DataEmuFunction   dataemutask.o
    0x08022428   0x08022428   0x000003e8   Code   RO            4    i.DataProcessFunction  dateprocesstask.o
    0x08022810   0x08022810   0x00000002   Code   RO          935    i.DebugMon_Handler  stm32l4xx_it.o
    0x08022812   0x08022812   0x00000002   PAD
    0x08022814   0x08022814   0x00000018   Code   RO         1667    i.EXTI9_5_IRQHandler  bsp_lmt01.o
    0x0802282c   0x0802282c   0x00000058   Code   RO         1558    i.EarseFlash        bsp_flash.o
    0x08022884   0x08022884   0x00000002   Code   RO         1559    i.EarsePage         bsp_flash.o
    0x08022886   0x08022886   0x00000002   PAD
    0x08022888   0x08022888   0x000004c6   Code   RO          253    i.EmuData           dataemutask.o
    0x08022d4e   0x08022d4e   0x00000002   Code   RO         1085    i.Error_Handler     main.o
    0x08022d50   0x08022d50   0x00000208   Code   RO          857    i.Esp32ProcessFunction  esp32processtask.o
    0x08022f58   0x08022f58   0x0000003c   Code   RO          858    i.Esp32_ClearSendDeviceInfo_Flag  esp32processtask.o
    0x08022f94   0x08022f94   0x0000000c   Code   RO          859    i.Esp32_GetSendDeivceInfo_Flag  esp32processtask.o
    0x08022fa0   0x08022fa0   0x000000c2   Code   RO         1447    i.Esp32_SetAP_1     bsp_esp32.o
    0x08023062   0x08023062   0x00000002   PAD
    0x08023064   0x08023064   0x00000116   Code   RO         1448    i.Esp32_SetIP_1     bsp_esp32.o
    0x0802317a   0x0802317a   0x00000002   PAD
    0x0802317c   0x0802317c   0x00000038   Code   RO          860    i.Esp32_SetSendDeviceInfo_Flag  esp32processtask.o
    0x080231b4   0x080231b4   0x000000b8   Code   RO         1449    i.Esp32_SetTCPSERVER_1  bsp_esp32.o
    0x0802326c   0x0802326c   0x00000030   Code   RO         1450    i.Esp32_applynetset  bsp_esp32.o
    0x0802329c   0x0802329c   0x00000054   Code   RO         4335    i.FLASH_FlushCaches  stm32l4xx_hal_flash_ex.o
    0x080232f0   0x080232f0   0x00000040   Code   RO         4336    i.FLASH_MassErase   stm32l4xx_hal_flash_ex.o
    0x08023330   0x08023330   0x0000004c   Code   RO         4345    i.FLASH_PageErase   stm32l4xx_hal_flash_ex.o
    0x0802337c   0x0802337c   0x0000001c   Code   RO         4226    i.FLASH_Program_DoubleWord  stm32l4xx_hal_flash.o
    0x08023398   0x08023398   0x00000030   Code   RO         4227    i.FLASH_Program_Fast  stm32l4xx_hal_flash.o
    0x080233c8   0x080233c8   0x00000084   Code   RO         4228    i.FLASH_WaitForLastOperation  stm32l4xx_hal_flash.o
    0x0802344c   0x0802344c   0x00000160   Code   RO         1086    i.GPIO_ConfigAN     main.o
    0x080235ac   0x080235ac   0x00000060   Code   RO         1560    i.GetBank           bsp_flash.o
    0x0802360c   0x0802360c   0x0000004c   Code   RO         1561    i.GetPage           bsp_flash.o
    0x08023658   0x08023658   0x00000070   Code   RO         4546    i.HAL_DMA_Abort_IT  stm32l4xx_hal_dma.o
    0x080236c8   0x080236c8   0x000000d8   Code   RO         4550    i.HAL_DMA_IRQHandler  stm32l4xx_hal_dma.o
    0x080237a0   0x080237a0   0x000000d0   Code   RO         4551    i.HAL_DMA_Init      stm32l4xx_hal_dma.o
    0x08023870   0x08023870   0x0000009a   Code   RO         4555    i.HAL_DMA_Start_IT  stm32l4xx_hal_dma.o
    0x0802390a   0x0802390a   0x00000002   PAD
    0x0802390c   0x0802390c   0x00000028   Code   RO         3187    i.HAL_Delay         stm32l4xx_hal.o
    0x08023934   0x08023934   0x00000104   Code   RO         4347    i.HAL_FLASHEx_Erase  stm32l4xx_hal_flash_ex.o
    0x08023a38   0x08023a38   0x00000014   Code   RO         4232    i.HAL_FLASH_Lock    stm32l4xx_hal_flash.o
    0x08023a4c   0x08023a4c   0x000000c2   Code   RO         4237    i.HAL_FLASH_Program  stm32l4xx_hal_flash.o
    0x08023b0e   0x08023b0e   0x00000002   PAD
    0x08023b10   0x08023b10   0x0000002c   Code   RO         4239    i.HAL_FLASH_Unlock  stm32l4xx_hal_flash.o
    0x08023b3c   0x08023b3c   0x00000002   Code   RO         4477    i.HAL_GPIO_EXTI_Callback  stm32l4xx_hal_gpio.o
    0x08023b3e   0x08023b3e   0x00000002   PAD
    0x08023b40   0x08023b40   0x00000018   Code   RO         4478    i.HAL_GPIO_EXTI_IRQHandler  stm32l4xx_hal_gpio.o
    0x08023b58   0x08023b58   0x00000226   Code   RO         4479    i.HAL_GPIO_Init     stm32l4xx_hal_gpio.o
    0x08023d7e   0x08023d7e   0x0000000e   Code   RO         4482    i.HAL_GPIO_TogglePin  stm32l4xx_hal_gpio.o
    0x08023d8c   0x08023d8c   0x0000000c   Code   RO         4483    i.HAL_GPIO_WritePin  stm32l4xx_hal_gpio.o
    0x08023d98   0x08023d98   0x0000000c   Code   RO         3191    i.HAL_GetTick       stm32l4xx_hal.o
    0x08023da4   0x08023da4   0x00000010   Code   RO         3197    i.HAL_IncTick       stm32l4xx_hal.o
    0x08023db4   0x08023db4   0x0000001e   Code   RO         3198    i.HAL_Init          stm32l4xx_hal.o
    0x08023dd2   0x08023dd2   0x00000002   PAD
    0x08023dd4   0x08023dd4   0x00000074   Code   RO         1046    i.HAL_InitTick      stm32l4xx_hal_timebase_tim.o
    0x08023e48   0x08023e48   0x00000034   Code   RO          998    i.HAL_MspInit       stm32l4xx_hal_msp.o
    0x08023e7c   0x08023e7c   0x00000024   Code   RO         5083    i.HAL_NVIC_DisableIRQ  stm32l4xx_hal_cortex.o
    0x08023ea0   0x08023ea0   0x0000001c   Code   RO         5084    i.HAL_NVIC_EnableIRQ  stm32l4xx_hal_cortex.o
    0x08023ebc   0x08023ebc   0x00000068   Code   RO         5090    i.HAL_NVIC_SetPriority  stm32l4xx_hal_cortex.o
    0x08023f24   0x08023f24   0x00000024   Code   RO         5091    i.HAL_NVIC_SetPriorityGrouping  stm32l4xx_hal_cortex.o
    0x08023f48   0x08023f48   0x000000dc   Code   RO         4810    i.HAL_PWREx_ControlVoltageScaling  stm32l4xx_hal_pwr_ex.o
    0x08024024   0x08024024   0x0000002c   Code   RO         4845    i.HAL_PWREx_GetVoltageRange  stm32l4xx_hal_pwr_ex.o
    0x08024050   0x08024050   0x00000010   Code   RO         4702    i.HAL_PWR_EnableBkUpAccess  stm32l4xx_hal_pwr.o
    0x08024060   0x08024060   0x00000024   Code   RO         4708    i.HAL_PWR_EnterSTANDBYMode  stm32l4xx_hal_pwr.o
    0x08024084   0x08024084   0x00000518   Code   RO         4055    i.HAL_RCCEx_PeriphCLKConfig  stm32l4xx_hal_rcc_ex.o
    0x0802459c   0x0802459c   0x000001e8   Code   RO         3926    i.HAL_RCC_ClockConfig  stm32l4xx_hal_rcc.o
    0x08024784   0x08024784   0x0000003c   Code   RO         3929    i.HAL_RCC_GetClockConfig  stm32l4xx_hal_rcc.o
    0x080247c0   0x080247c0   0x0000000c   Code   RO         3930    i.HAL_RCC_GetHCLKFreq  stm32l4xx_hal_rcc.o
    0x080247cc   0x080247cc   0x00000024   Code   RO         3932    i.HAL_RCC_GetPCLK1Freq  stm32l4xx_hal_rcc.o
    0x080247f0   0x080247f0   0x00000024   Code   RO         3933    i.HAL_RCC_GetPCLK2Freq  stm32l4xx_hal_rcc.o
    0x08024814   0x08024814   0x000000bc   Code   RO         3934    i.HAL_RCC_GetSysClockFreq  stm32l4xx_hal_rcc.o
    0x080248d0   0x080248d0   0x0000067c   Code   RO         3937    i.HAL_RCC_OscConfig  stm32l4xx_hal_rcc.o
    0x08024f4c   0x08024f4c   0x0000000c   Code   RO         1974    i.HAL_RTCEx_BKUPRead  stm32l4xx_hal_rtc_ex.o
    0x08024f58   0x08024f58   0x00000018   Code   RO         1975    i.HAL_RTCEx_BKUPWrite  stm32l4xx_hal_rtc_ex.o
    0x08024f70   0x08024f70   0x00000098   Code   RO         1981    i.HAL_RTCEx_DeactivateWakeUpTimer  stm32l4xx_hal_rtc_ex.o
    0x08025008   0x08025008   0x000000f0   Code   RO         2002    i.HAL_RTCEx_SetWakeUpTimer_IT  stm32l4xx_hal_rtc_ex.o
    0x080250f8   0x080250f8   0x00000002   Code   RO         2008    i.HAL_RTCEx_WakeUpTimerEventCallback  stm32l4xx_hal_rtc_ex.o
    0x080250fa   0x080250fa   0x00000002   PAD
    0x080250fc   0x080250fc   0x00000034   Code   RO         2009    i.HAL_RTCEx_WakeUpTimerIRQHandler  stm32l4xx_hal_rtc_ex.o
    0x08025130   0x08025130   0x00000048   Code   RO         1834    i.HAL_RTC_GetDate   stm32l4xx_hal_rtc.o
    0x08025178   0x08025178   0x00000058   Code   RO         1836    i.HAL_RTC_GetTime   stm32l4xx_hal_rtc.o
    0x080251d0   0x080251d0   0x0000009a   Code   RO         1837    i.HAL_RTC_Init      stm32l4xx_hal_rtc.o
    0x0802526a   0x0802526a   0x00000002   PAD
    0x0802526c   0x0802526c   0x0000001c   Code   RO         1000    i.HAL_RTC_MspInit   stm32l4xx_hal_msp.o
    0x08025288   0x08025288   0x000000a8   Code   RO         1843    i.HAL_RTC_SetDate   stm32l4xx_hal_rtc.o
    0x08025330   0x08025330   0x000000d0   Code   RO         1844    i.HAL_RTC_SetTime   stm32l4xx_hal_rtc.o
    0x08025400   0x08025400   0x0000003c   Code   RO         1845    i.HAL_RTC_WaitForSynchro  stm32l4xx_hal_rtc.o
    0x0802543c   0x0802543c   0x00000014   Code   RO         1047    i.HAL_ResumeTick    stm32l4xx_hal_timebase_tim.o
    0x08025450   0x08025450   0x00000002   Code   RO         5288    i.HAL_SPI_ErrorCallback  stm32l4xx_hal_spi.o
    0x08025452   0x08025452   0x00000006   Code   RO         5290    i.HAL_SPI_GetState  stm32l4xx_hal_spi.o
    0x08025458   0x08025458   0x00000118   Code   RO         5291    i.HAL_SPI_IRQHandler  stm32l4xx_hal_spi.o
    0x08025570   0x08025570   0x000000ba   Code   RO         5292    i.HAL_SPI_Init      stm32l4xx_hal_spi.o
    0x0802562a   0x0802562a   0x00000002   PAD
    0x0802562c   0x0802562c   0x000000a8   Code   RO         1252    i.HAL_SPI_MspInit   bsp_spi_ad7682.o
    0x080256d4   0x080256d4   0x00000002   Code   RO         5298    i.HAL_SPI_RxCpltCallback  stm32l4xx_hal_spi.o
    0x080256d6   0x080256d6   0x00000002   PAD
    0x080256d8   0x080256d8   0x000000d4   Code   RO         5303    i.HAL_SPI_TransmitReceive_IT  stm32l4xx_hal_spi.o
    0x080257ac   0x080257ac   0x00000002   Code   RO         5308    i.HAL_SPI_TxRxCpltCallback  stm32l4xx_hal_spi.o
    0x080257ae   0x080257ae   0x00000002   PAD
    0x080257b0   0x080257b0   0x00000014   Code   RO         1048    i.HAL_SuspendTick   stm32l4xx_hal_timebase_tim.o
    0x080257c4   0x080257c4   0x00000002   Code   RO         2911    i.HAL_TIMEx_Break2Callback  stm32l4xx_hal_tim_ex.o
    0x080257c6   0x080257c6   0x00000002   Code   RO         2912    i.HAL_TIMEx_BreakCallback  stm32l4xx_hal_tim_ex.o
    0x080257c8   0x080257c8   0x00000002   Code   RO         2913    i.HAL_TIMEx_CommutCallback  stm32l4xx_hal_tim_ex.o
    0x080257ca   0x080257ca   0x00000068   Code   RO         2932    i.HAL_TIMEx_MasterConfigSynchronization  stm32l4xx_hal_tim_ex.o
    0x08025832   0x08025832   0x00000038   Code   RO         2215    i.HAL_TIM_Base_Init  stm32l4xx_hal_tim.o
    0x0802586a   0x0802586a   0x00000002   PAD
    0x0802586c   0x0802586c   0x00000068   Code   RO         1002    i.HAL_TIM_Base_MspInit  stm32l4xx_hal_msp.o
    0x080258d4   0x080258d4   0x0000002c   Code   RO         2220    i.HAL_TIM_Base_Start_IT  stm32l4xx_hal_tim.o
    0x08025900   0x08025900   0x0000002a   Code   RO         2223    i.HAL_TIM_Base_Stop_IT  stm32l4xx_hal_tim.o
    0x0802592a   0x0802592a   0x000000e8   Code   RO         2224    i.HAL_TIM_ConfigClockSource  stm32l4xx_hal_tim.o
    0x08025a12   0x08025a12   0x00000002   Code   RO         2244    i.HAL_TIM_IC_CaptureCallback  stm32l4xx_hal_tim.o
    0x08025a14   0x08025a14   0x00000192   Code   RO         2258    i.HAL_TIM_IRQHandler  stm32l4xx_hal_tim.o
    0x08025ba6   0x08025ba6   0x00000002   Code   RO         2261    i.HAL_TIM_OC_DelayElapsedCallback  stm32l4xx_hal_tim.o
    0x08025ba8   0x08025ba8   0x00000002   Code   RO         2288    i.HAL_TIM_PWM_PulseFinishedCallback  stm32l4xx_hal_tim.o
    0x08025baa   0x08025baa   0x00000012   Code   RO         1087    i.HAL_TIM_PeriodElapsedCallback  main.o
    0x08025bbc   0x08025bbc   0x00000002   Code   RO         2301    i.HAL_TIM_TriggerCallback  stm32l4xx_hal_tim.o
    0x08025bbe   0x08025bbe   0x0000003e   Code   RO         5991    i.HAL_UARTEx_DisableFifoMode  stm32l4xx_hal_uart_ex.o
    0x08025bfc   0x08025bfc   0x00000002   Code   RO         5995    i.HAL_UARTEx_RxFifoFullCallback  stm32l4xx_hal_uart_ex.o
    0x08025bfe   0x08025bfe   0x0000004c   Code   RO         5996    i.HAL_UARTEx_SetRxFifoThreshold  stm32l4xx_hal_uart_ex.o
    0x08025c4a   0x08025c4a   0x0000004c   Code   RO         5997    i.HAL_UARTEx_SetTxFifoThreshold  stm32l4xx_hal_uart_ex.o
    0x08025c96   0x08025c96   0x00000002   Code   RO         5999    i.HAL_UARTEx_TxFifoEmptyCallback  stm32l4xx_hal_uart_ex.o
    0x08025c98   0x08025c98   0x00000002   Code   RO         6000    i.HAL_UARTEx_WakeupCallback  stm32l4xx_hal_uart_ex.o
    0x08025c9a   0x08025c9a   0x00000002   Code   RO         5630    i.HAL_UART_ErrorCallback  stm32l4xx_hal_uart.o
    0x08025c9c   0x08025c9c   0x000001e0   Code   RO         5633    i.HAL_UART_IRQHandler  stm32l4xx_hal_uart.o
    0x08025e7c   0x08025e7c   0x00000070   Code   RO         5634    i.HAL_UART_Init     stm32l4xx_hal_uart.o
    0x08025eec   0x08025eec   0x000000dc   Code   RO         1452    i.HAL_UART_MspInit  bsp_esp32.o
    0x08025fc8   0x08025fc8   0x00000120   Code   RO         5639    i.HAL_UART_Receive_IT  stm32l4xx_hal_uart.o
    0x080260e8   0x080260e8   0x0000003c   Code   RO         1453    i.HAL_UART_RxCpltCallback  bsp_esp32.o
    0x08026124   0x08026124   0x000000a8   Code   RO         5643    i.HAL_UART_Transmit_DMA  stm32l4xx_hal_uart.o
    0x080261cc   0x080261cc   0x00000044   Code   RO         1454    i.HAL_UART_TxCpltCallback  bsp_esp32.o
    0x08026210   0x08026210   0x00000002   Code   RO         5646    i.HAL_UART_TxHalfCpltCallback  stm32l4xx_hal_uart.o
    0x08026212   0x08026212   0x00000002   Code   RO          936    i.HardFault_Handler  stm32l4xx_it.o
    0x08026214   0x08026214   0x00000010   Code   RO         1668    i.Init_temp_parameter  bsp_lmt01.o
    0x08026224   0x08026224   0x00000044   Code   RO         1341    i.KX220_config_gpio  bsp_kx220.o
    0x08026268   0x08026268   0x00000024   Code   RO         1669    i.LMT01_GET_VALUE   bsp_lmt01.o
    0x0802628c   0x0802628c   0x00000070   Code   RO         1670    i.LMT01_GPIO_Init   bsp_lmt01.o
    0x080262fc   0x080262fc   0x00000090   Code   RO         1671    i.LMT01_TIM15_Init  bsp_lmt01.o
    0x0802638c   0x0802638c   0x0000006c   Code   RO         1253    i.MX_TIM3_Init      bsp_spi_ad7682.o
    0x080263f8   0x080263f8   0x0000006c   Code   RO         1254    i.MX_TIM8_Init      bsp_spi_ad7682.o
    0x08026464   0x08026464   0x00000002   Code   RO          937    i.MemManage_Handler  stm32l4xx_it.o
    0x08026466   0x08026466   0x00000002   Code   RO          938    i.NMI_Handler       stm32l4xx_it.o
    0x08026468   0x08026468   0x0000003c   Code   RO          816    i.NetProcessFunction  nettask.o
    0x080264a4   0x080264a4   0x00000050   Code   RO          817    i.Net_Task_CheckConnect  nettask.o
    0x080264f4   0x080264f4   0x0000000c   Code   RO          818    i.Net_Task_UpdataConnectFlag  nettask.o
    0x08026500   0x08026500   0x00000018   Code   RO         1088    i.PostSleepProcessing  main.o
    0x08026518   0x08026518   0x0000005c   Code   RO         1089    i.PreSleepProcessing  main.o
    0x08026574   0x08026574   0x00000160   Code   RO         4059    i.RCCEx_PLLSAI1_Config  stm32l4xx_hal_rcc_ex.o
    0x080266d4   0x080266d4   0x00000160   Code   RO         4060    i.RCCEx_PLLSAI2_Config  stm32l4xx_hal_rcc_ex.o
    0x08026834   0x08026834   0x00000078   Code   RO         3938    i.RCC_GetSysClockFreqFromPLLSource  stm32l4xx_hal_rcc.o
    0x080268ac   0x080268ac   0x0000007c   Code   RO         3939    i.RCC_SetFlashLatencyFromMSIRange  stm32l4xx_hal_rcc.o
    0x08026928   0x08026928   0x0000001a   Code   RO         1562    i.RDBYTES           bsp_flash.o
    0x08026942   0x08026942   0x00000012   Code   RO         1846    i.RTC_Bcd2ToByte    stm32l4xx_hal_rtc.o
    0x08026954   0x08026954   0x00000018   Code   RO         1847    i.RTC_ByteToBcd2    stm32l4xx_hal_rtc.o
    0x0802696c   0x0802696c   0x000000d0   Code   RO         1370    i.RTC_CalcWeek      bsp_cpu_rtc.o
    0x08026a3c   0x08026a3c   0x0000008c   Code   RO         1371    i.RTC_Config        bsp_cpu_rtc.o
    0x08026ac8   0x08026ac8   0x00000084   Code   RO         1372    i.RTC_ConvertDatetimeToSeconds  bsp_cpu_rtc.o
    0x08026b4c   0x08026b4c   0x00000046   Code   RO         1848    i.RTC_EnterInitMode  stm32l4xx_hal_rtc.o
    0x08026b92   0x08026b92   0x00000002   PAD
    0x08026b94   0x08026b94   0x0000005c   Code   RO         1849    i.RTC_ExitInitMode  stm32l4xx_hal_rtc.o
    0x08026bf0   0x08026bf0   0x0000006c   Code   RO         1374    i.RTC_ReadClock     bsp_cpu_rtc.o
    0x08026c5c   0x08026c5c   0x0000000c   Code   RO         1375    i.RTC_WKUP_IRQHandler  bsp_cpu_rtc.o
    0x08026c68   0x08026c68   0x00000070   Code   RO         1376    i.RTC_WriteClock    bsp_cpu_rtc.o
    0x08026cd8   0x08026cd8   0x0000001c   Code   RO          405    i.ReadRxdBuf        rxdbufprocesstask.o
    0x08026cf4   0x08026cf4   0x00000028   Code   RO          406    i.RxdBufProcessFunction  rxdbufprocesstask.o
    0x08026d1c   0x08026d1c   0x00000098   Code   RO          407    i.RxdByte           rxdbufprocesstask.o
    0x08026db4   0x08026db4   0x00000038   Code   RO         8252    i.SEGGER_RTT_Write  segger_rtt.o
    0x08026dec   0x08026dec   0x0000006c   Code   RO         8253    i.SEGGER_RTT_WriteNoLock  segger_rtt.o
    0x08026e58   0x08026e58   0x00000016   Code   RO         8425    i.SEGGER_RTT_printf  segger_rtt_printf.o
    0x08026e6e   0x08026e6e   0x000001d2   Code   RO         8426    i.SEGGER_RTT_vprintf  segger_rtt_printf.o
    0x08027040   0x08027040   0x0000003c   Code   RO         1182    i.SENSOR_Peripheral_Power_config_gpio  bsp.o
    0x0802707c   0x0802707c   0x00000088   Code   RO         1255    i.SPI1_IRQHandler   bsp_spi_ad7682.o
    0x08027104   0x08027104   0x00000036   Code   RO         5310    i.SPI_2linesRxISR_16BIT  stm32l4xx_hal_spi.o
    0x0802713a   0x0802713a   0x00000066   Code   RO         5311    i.SPI_2linesRxISR_8BIT  stm32l4xx_hal_spi.o
    0x080271a0   0x080271a0   0x00000032   Code   RO         5312    i.SPI_2linesTxISR_16BIT  stm32l4xx_hal_spi.o
    0x080271d2   0x080271d2   0x0000004a   Code   RO         5313    i.SPI_2linesTxISR_8BIT  stm32l4xx_hal_spi.o
    0x0802721c   0x0802721c   0x00000058   Code   RO         5316    i.SPI_CloseRxTx_ISR  stm32l4xx_hal_spi.o
    0x08027274   0x08027274   0x00000012   Code   RO         5319    i.SPI_DMAAbortOnError  stm32l4xx_hal_spi.o
    0x08027286   0x08027286   0x00000064   Code   RO         5330    i.SPI_EndRxTxTransaction  stm32l4xx_hal_spi.o
    0x080272ea   0x080272ea   0x000000a2   Code   RO         5335    i.SPI_WaitFifoStateUntilTimeout  stm32l4xx_hal_spi.o
    0x0802738c   0x0802738c   0x000000a6   Code   RO         5336    i.SPI_WaitFlagStateUntilTimeout  stm32l4xx_hal_spi.o
    0x08027432   0x08027432   0x00000002   PAD
    0x08027434   0x08027434   0x00000080   Code   RO         1565    i.STMFLASH_Write    bsp_flash.o
    0x080274b4   0x080274b4   0x000000e0   Code   RO         1090    i.StartDefaultTask  main.o
    0x08027594   0x08027594   0x0000000c   Code   RO         1256    i.StartSample       bsp_spi_ad7682.o
    0x080275a0   0x080275a0   0x0000000c   Code   RO         1257    i.StopSample        bsp_spi_ad7682.o
    0x080275ac   0x080275ac   0x0000002c   Code   RO         8093    i.SysTick_Handler   port.o
    0x080275d8   0x080275d8   0x0000008c   Code   RO         1091    i.SystemClock_Config  main.o
    0x08027664   0x08027664   0x00000048   Code   RO         6476    i.SystemInit        system_stm32l4xx.o
    0x080276ac   0x080276ac   0x00000038   Code   RO         1258    i.TIM3_IRQHandler   bsp_spi_ad7682.o
    0x080276e4   0x080276e4   0x00000084   Code   RO         1672    i.TIM4_IRQHandler   bsp_lmt01.o
    0x08027768   0x08027768   0x0000000c   Code   RO          939    i.TIM7_IRQHandler   stm32l4xx_it.o
    0x08027774   0x08027774   0x00000068   Code   RO         1259    i.TIM8_UP_IRQHandler  bsp_spi_ad7682.o
    0x080277dc   0x080277dc   0x000000c8   Code   RO         2303    i.TIM_Base_SetConfig  stm32l4xx_hal_tim.o
    0x080278a4   0x080278a4   0x00000016   Code   RO         2314    i.TIM_ETR_SetConfig  stm32l4xx_hal_tim.o
    0x080278ba   0x080278ba   0x00000010   Code   RO         2315    i.TIM_ITRx_SetConfig  stm32l4xx_hal_tim.o
    0x080278ca   0x080278ca   0x00000026   Code   RO         2323    i.TIM_TI1_ConfigInputStage  stm32l4xx_hal_tim.o
    0x080278f0   0x080278f0   0x00000024   Code   RO         2325    i.TIM_TI2_ConfigInputStage  stm32l4xx_hal_tim.o
    0x08027914   0x08027914   0x00000020   Code   RO          408    i.TransmitOverInLowPower  rxdbufprocesstask.o
    0x08027934   0x08027934   0x00000078   Code   RO         6001    i.UARTEx_SetNbDataToProcess  stm32l4xx_hal_uart_ex.o
    0x080279ac   0x080279ac   0x000000d8   Code   RO         5647    i.UART_AdvFeatureConfig  stm32l4xx_hal_uart.o
    0x08027a84   0x08027a84   0x00000066   Code   RO         5648    i.UART_CheckIdleState  stm32l4xx_hal_uart.o
    0x08027aea   0x08027aea   0x00000014   Code   RO         5649    i.UART_DMAAbortOnError  stm32l4xx_hal_uart.o
    0x08027afe   0x08027afe   0x00000054   Code   RO         5650    i.UART_DMAError     stm32l4xx_hal_uart.o
    0x08027b52   0x08027b52   0x00000032   Code   RO         5655    i.UART_DMATransmitCplt  stm32l4xx_hal_uart.o
    0x08027b84   0x08027b84   0x0000000a   Code   RO         5657    i.UART_DMATxHalfCplt  stm32l4xx_hal_uart.o
    0x08027b8e   0x08027b8e   0x00000024   Code   RO         5659    i.UART_EndRxTransfer  stm32l4xx_hal_uart.o
    0x08027bb2   0x08027bb2   0x0000001c   Code   RO         5660    i.UART_EndTransmit_IT  stm32l4xx_hal_uart.o
    0x08027bce   0x08027bce   0x0000001c   Code   RO         5661    i.UART_EndTxTransfer  stm32l4xx_hal_uart.o
    0x08027bea   0x08027bea   0x0000005e   Code   RO         5662    i.UART_RxISR_16BIT  stm32l4xx_hal_uart.o
    0x08027c48   0x08027c48   0x000000a8   Code   RO         5663    i.UART_RxISR_16BIT_FIFOEN  stm32l4xx_hal_uart.o
    0x08027cf0   0x08027cf0   0x0000005e   Code   RO         5664    i.UART_RxISR_8BIT   stm32l4xx_hal_uart.o
    0x08027d4e   0x08027d4e   0x00000002   PAD
    0x08027d50   0x08027d50   0x000000a8   Code   RO         5665    i.UART_RxISR_8BIT_FIFOEN  stm32l4xx_hal_uart.o
    0x08027df8   0x08027df8   0x00000ba0   Code   RO         5666    i.UART_SetConfig    stm32l4xx_hal_uart.o
    0x08028998   0x08028998   0x00000078   Code   RO         5671    i.UART_WaitOnFlagUntilTimeout  stm32l4xx_hal_uart.o
    0x08028a10   0x08028a10   0x0000000c   Code   RO         1455    i.USART1_IRQHandler  bsp_esp32.o
    0x08028a1c   0x08028a1c   0x0000006c   Code   RO            5    i.UpdateAccelerationData  dateprocesstask.o
    0x08028a88   0x08028a88   0x00000002   Code   RO          940    i.UsageFault_Handler  stm32l4xx_it.o
    0x08028a8a   0x08028a8a   0x00000002   PAD
    0x08028a8c   0x08028a8c   0x0000002c   Code   RO         8176    i.Version_Get_Str   version.o
    0x08028ab8   0x08028ab8   0x0000000e   Code   RO         1566    i.WRBYTES           bsp_flash.o
    0x08028ac6   0x08028ac6   0x00000004   Code   RO          409    i.WRBYTES_iap_data  rxdbufprocesstask.o
    0x08028aca   0x08028aca   0x00000002   PAD
    0x08028acc   0x08028acc   0x000000e4   Code   RO         1456    i.WriteDataToTXDBUF  bsp_esp32.o
    0x08028bb0   0x08028bb0   0x00000068   Code   RO         8257    i._DoInit           segger_rtt.o
    0x08028c18   0x08028c18   0x00000018   Code   RO         8258    i._GetAvailWriteSpace  segger_rtt.o
    0x08028c30   0x08028c30   0x000000ea   Code   RO         8427    i._PrintInt         segger_rtt_printf.o
    0x08028d1a   0x08028d1a   0x00000002   PAD
    0x08028d1c   0x08028d1c   0x000000e6   Code   RO         8428    i._PrintUnsigned    segger_rtt_printf.o
    0x08028e02   0x08028e02   0x0000003e   Code   RO         8429    i._StoreChar        segger_rtt_printf.o
    0x08028e40   0x08028e40   0x0000005c   Code   RO         8260    i._WriteBlocking    segger_rtt.o
    0x08028e9c   0x08028e9c   0x00000046   Code   RO         8261    i._WriteNoCheck     segger_rtt.o
    0x08028ee2   0x08028ee2   0x00000002   PAD
    0x08028ee4   0x08028ee4   0x00000030   Code   RO         8808    i.__0snprintf$1     mc_w.l(printf1.o)
    0x08028f14   0x08028f14   0x00000030   Code   RO         9055    i.__ARM_fpclassify  m_wm.l(fpclassify.o)
    0x08028f44   0x08028f44   0x00000004   PAD
    0x08028f48   0x08028f48   0x00000c80   Code   RO         8717    i.__hardfp_pow      m_wm.l(pow.o)
    0x08029bc8   0x08029bc8   0x000000e0   Code   RO         8731    i.__hardfp_round    m_wm.l(round.o)
    0x08029ca8   0x08029ca8   0x0000003a   Code   RO         8735    i.__hardfp_sqrtf    m_wm.l(sqrtf.o)
    0x08029ce2   0x08029ce2   0x000000f8   Code   RO         9057    i.__kernel_poly     m_wm.l(poly.o)
    0x08029dda   0x08029dda   0x00000006   PAD
    0x08029de0   0x08029de0   0x00000030   Code   RO         9035    i.__mathlib_dbl_divzero  m_wm.l(dunder.o)
    0x08029e10   0x08029e10   0x00000014   Code   RO         9037    i.__mathlib_dbl_infnan2  m_wm.l(dunder.o)
    0x08029e24   0x08029e24   0x00000004   PAD
    0x08029e28   0x08029e28   0x00000020   Code   RO         9038    i.__mathlib_dbl_invalid  m_wm.l(dunder.o)
    0x08029e48   0x08029e48   0x00000020   Code   RO         9039    i.__mathlib_dbl_overflow  m_wm.l(dunder.o)
    0x08029e68   0x08029e68   0x00000020   Code   RO         9041    i.__mathlib_dbl_underflow  m_wm.l(dunder.o)
    0x08029e88   0x08029e88   0x0000000e   Code   RO         9133    i.__scatterload_copy  mc_w.l(handlers.o)
    0x08029e96   0x08029e96   0x00000002   Code   RO         9134    i.__scatterload_null  mc_w.l(handlers.o)
    0x08029e98   0x08029e98   0x0000000e   Code   RO         9135    i.__scatterload_zeroinit  mc_w.l(handlers.o)
    0x08029ea6   0x08029ea6   0x00000002   PAD
    0x08029ea8   0x08029ea8   0x0000000c   Code   RO         9097    i.__set_errno       mc_w.l(errno.o)
    0x08029eb4   0x08029eb4   0x0000015a   Code   RO         8814    i._printf_core      mc_w.l(printf1.o)
    0x0802a00e   0x0802a00e   0x00000016   Code   RO         8815    i._snputc           mc_w.l(printf1.o)
    0x0802a024   0x0802a024   0x000000c4   Code   RO         1457    i.bsp_Esp32_Init    bsp_esp32.o
    0x0802a0e8   0x0802a0e8   0x00000034   Code   RO         1183    i.bsp_Init          bsp.o
    0x0802a11c   0x0802a11c   0x0000007c   Code   RO         1260    i.bsp_InitAD7682    bsp_spi_ad7682.o
    0x0802a198   0x0802a198   0x00000022   Code   RO         1342    i.bsp_InitKX220     bsp_kx220.o
    0x0802a1ba   0x0802a1ba   0x0000001a   Code   RO         1673    i.bsp_InitLMT01     bsp_lmt01.o
    0x0802a1d4   0x0802a1d4   0x00000004   Code   RO         1211    i.bsp_InitLed       bsp_led.o
    0x0802a1d8   0x0802a1d8   0x00000058   Code   RO         1377    i.bsp_InitRTC       bsp_cpu_rtc.o
    0x0802a230   0x0802a230   0x00000020   Code   RO         1213    i.bsp_LedToggle     bsp_led.o
    0x0802a250   0x0802a250   0x000000b8   Code   RO          410    i.command_adjust_adc  rxdbufprocesstask.o
    0x0802a308   0x0802a308   0x00000040   Code   RO          411    i.command_adjust_temp  rxdbufprocesstask.o
    0x0802a348   0x0802a348   0x00000054   Code   RO          412    i.command_applynetset  rxdbufprocesstask.o
    0x0802a39c   0x0802a39c   0x0000005c   Code   RO          413    i.command_channelkind  rxdbufprocesstask.o
    0x0802a3f8   0x0802a3f8   0x00000034   Code   RO          414    i.command_counter   rxdbufprocesstask.o
    0x0802a42c   0x0802a42c   0x0000002c   Code   RO          415    i.command_esp32_statue  rxdbufprocesstask.o
    0x0802a458   0x0802a458   0x0000013c   Code   RO          416    i.command_iap_data  rxdbufprocesstask.o
    0x0802a594   0x0802a594   0x00000070   Code   RO          417    i.command_iap_statue  rxdbufprocesstask.o
    0x0802a604   0x0802a604   0x00000070   Code   RO          418    i.command_id        rxdbufprocesstask.o
    0x0802a674   0x0802a674   0x00000018   Code   RO          419    i.command_receive_active_beacon  rxdbufprocesstask.o
    0x0802a68c   0x0802a68c   0x0000004c   Code   RO          420    i.command_receive_beacon  rxdbufprocesstask.o
    0x0802a6d8   0x0802a6d8   0x00000084   Code   RO          421    i.command_reply_SampleParameter  rxdbufprocesstask.o
    0x0802a75c   0x0802a75c   0x00000094   Code   RO          423    i.command_reply_alarm_value  rxdbufprocesstask.o
    0x0802a7f0   0x0802a7f0   0x00000058   Code   RO          424    i.command_reply_channel_condition  rxdbufprocesstask.o
    0x0802a848   0x0802a848   0x00000070   Code   RO          425    i.command_reply_lowpower  rxdbufprocesstask.o
    0x0802a8b8   0x0802a8b8   0x0000006c   Code   RO          426    i.command_reply_lowpower_value  rxdbufprocesstask.o
    0x0802a924   0x0802a924   0x00000054   Code   RO          427    i.command_reply_runmode  rxdbufprocesstask.o
    0x0802a978   0x0802a978   0x00000100   Code   RO          428    i.command_reply_scale  rxdbufprocesstask.o
    0x0802aa78   0x0802aa78   0x0000005c   Code   RO          429    i.command_reply_sw_version  rxdbufprocesstask.o
    0x0802aad4   0x0802aad4   0x000000cc   Code   RO          430    i.command_replyap   rxdbufprocesstask.o
    0x0802aba0   0x0802aba0   0x00000132   Code   RO          431    i.command_replyip   rxdbufprocesstask.o
    0x0802acd2   0x0802acd2   0x00000002   PAD
    0x0802acd4   0x0802acd4   0x000000c4   Code   RO          432    i.command_replytcpserve  rxdbufprocesstask.o
    0x0802ad98   0x0802ad98   0x00000028   Code   RO          433    i.command_require_periodwave  rxdbufprocesstask.o
    0x0802adc0   0x0802adc0   0x0000000a   Code   RO          434    i.command_reset_system  rxdbufprocesstask.o
    0x0802adca   0x0802adca   0x00000002   PAD
    0x0802adcc   0x0802adcc   0x0000006c   Code   RO          435    i.command_server_accept_data  rxdbufprocesstask.o
    0x0802ae38   0x0802ae38   0x00000098   Code   RO          436    i.command_set_SampleParameter  rxdbufprocesstask.o
    0x0802aed0   0x0802aed0   0x000000ea   Code   RO          437    i.command_set_alarm_source  rxdbufprocesstask.o
    0x0802afba   0x0802afba   0x00000002   PAD
    0x0802afbc   0x0802afbc   0x00000084   Code   RO          438    i.command_set_alarm_value  rxdbufprocesstask.o
    0x0802b040   0x0802b040   0x000000b8   Code   RO          439    i.command_set_ap    rxdbufprocesstask.o
    0x0802b0f8   0x0802b0f8   0x0000005c   Code   RO          440    i.command_set_battery  rxdbufprocesstask.o
    0x0802b154   0x0802b154   0x00000048   Code   RO          441    i.command_set_channel_condition  rxdbufprocesstask.o
    0x0802b19c   0x0802b19c   0x00000004   Code   RO          442    i.command_set_factory_parameter  rxdbufprocesstask.o
    0x0802b1a0   0x0802b1a0   0x00000074   Code   RO          443    i.command_set_lowpower  rxdbufprocesstask.o
    0x0802b214   0x0802b214   0x0000005c   Code   RO          444    i.command_set_lowpower_value  rxdbufprocesstask.o
    0x0802b270   0x0802b270   0x00000114   Code   RO          445    i.command_set_scale  rxdbufprocesstask.o
    0x0802b384   0x0802b384   0x00000064   Code   RO          446    i.command_set_snnumber  rxdbufprocesstask.o
    0x0802b3e8   0x0802b3e8   0x000000b8   Code   RO          447    i.command_set_tcpserve  rxdbufprocesstask.o
    0x0802b4a0   0x0802b4a0   0x00000058   Code   RO          448    i.command_set_time  rxdbufprocesstask.o
    0x0802b4f8   0x0802b4f8   0x000000f4   Code   RO          449    i.command_setip     rxdbufprocesstask.o
    0x0802b5ec   0x0802b5ec   0x000000cc   Code   RO          450    i.command_setrunmode  rxdbufprocesstask.o
    0x0802b6b8   0x0802b6b8   0x0000004c   Code   RO          451    i.command_start     rxdbufprocesstask.o
    0x0802b704   0x0802b704   0x000000bc   Code   RO          452    i.command_stop      rxdbufprocesstask.o
    0x0802b7c0   0x0802b7c0   0x00000034   Code   RO         7078    i.eTaskConfirmSleepModeStatus  tasks.o
    0x0802b7f4   0x0802b7f4   0x0000005c   Code   RO            6    i.emu_sprase_index  dateprocesstask.o
    0x0802b850   0x0802b850   0x00000060   Code   RO         1458    i.esp32_gpio_init   bsp_esp32.o
    0x0802b8b0   0x0802b8b0   0x00000018   Code   RO         9051    i.fabs              m_wm.l(fabs.o)
    0x0802b8c8   0x0802b8c8   0x0000021c   Code   RO         1736    i.frq_domain_integral  double_integral.o
    0x0802bae4   0x0802bae4   0x00000014   Code   RO          453    i.getTelLength      rxdbufprocesstask.o
    0x0802baf8   0x0802baf8   0x00000004   Code   RO         1567    i.initEEPROM        bsp_flash.o
    0x0802bafc   0x0802bafc   0x00000004   PAD
    0x0802bb00   0x0802bb00   0x0000033c   Code   RO         1739    i.integ_init        double_integral.o
    0x0802be3c   0x0802be3c   0x00000054   Code   RO          454    i.isTelComplete     rxdbufprocesstask.o
    0x0802be90   0x0802be90   0x00000038   Code   RO          455    i.isVaildTel        rxdbufprocesstask.o
    0x0802bec8   0x0802bec8   0x00000044   Code   RO         1214    i.led_config_gpio   bsp_led.o
    0x0802bf0c   0x0802bf0c   0x0000003c   Code   RO          456    i.leftRxdTel        rxdbufprocesstask.o
    0x0802bf48   0x0802bf48   0x0000003c   Code   RO         1568    i.loadConfig        bsp_flash.o
    0x0802bf84   0x0802bf84   0x0000021c   Code   RO         1093    i.main              main.o
    0x0802c1a0   0x0802c1a0   0x00000038   Code   RO         7622    i.osDelay           cmsis_os2.o
    0x0802c1d8   0x0802c1d8   0x00000038   Code   RO         7636    i.osKernelInitialize  cmsis_os2.o
    0x0802c210   0x0802c210   0x00000040   Code   RO         7639    i.osKernelStart     cmsis_os2.o
    0x0802c250   0x0802c250   0x00000080   Code   RO         7655    i.osSemaphoreAcquire  cmsis_os2.o
    0x0802c2d0   0x0802c2d0   0x000000d4   Code   RO         7658    i.osSemaphoreNew    cmsis_os2.o
    0x0802c3a4   0x0802c3a4   0x00000074   Code   RO         7659    i.osSemaphoreRelease  cmsis_os2.o
    0x0802c418   0x0802c418   0x000000e0   Code   RO         7673    i.osThreadNew       cmsis_os2.o
    0x0802c4f8   0x0802c4f8   0x0000003c   Code   RO         7676    i.osThreadSuspend   cmsis_os2.o
    0x0802c534   0x0802c534   0x00000060   Code   RO         7081    i.prvAddCurrentTaskToDelayedList  tasks.o
    0x0802c594   0x0802c594   0x00000088   Code   RO         7082    i.prvAddNewTaskToReadyList  tasks.o
    0x0802c61c   0x0802c61c   0x0000005c   Code   RO         7458    i.prvCheckForValidListAndQueue  timers.o
    0x0802c678   0x0802c678   0x00000040   Code   RO         7083    i.prvCheckTasksWaitingTermination  tasks.o
    0x0802c6b8   0x0802c6b8   0x00000024   Code   RO         6676    i.prvCopyDataFromQueue  queue.o
    0x0802c6dc   0x0802c6dc   0x0000006e   Code   RO         6677    i.prvCopyDataToQueue  queue.o
    0x0802c74a   0x0802c74a   0x00000040   Code   RO         7084    i.prvDeleteTCB      tasks.o
    0x0802c78a   0x0802c78a   0x00000014   Code   RO         6678    i.prvGetDisinheritPriorityAfterTimeout  queue.o
    0x0802c79e   0x0802c79e   0x00000002   PAD
    0x0802c7a0   0x0802c7a0   0x00000038   Code   RO         7085    i.prvGetExpectedIdleTime  tasks.o
    0x0802c7d8   0x0802c7d8   0x00000024   Code   RO         7459    i.prvGetNextExpireTime  timers.o
    0x0802c7fc   0x0802c7fc   0x00000050   Code   RO         8043    i.prvHeapInit       heap_4.o
    0x0802c84c   0x0802c84c   0x00000060   Code   RO         7086    i.prvIdleTask       tasks.o
    0x0802c8ac   0x0802c8ac   0x00000022   Code   RO         6680    i.prvInitialiseNewQueue  queue.o
    0x0802c8ce   0x0802c8ce   0x00000092   Code   RO         7087    i.prvInitialiseNewTask  tasks.o
    0x0802c960   0x0802c960   0x00000060   Code   RO         7088    i.prvInitialiseTaskLists  tasks.o
    0x0802c9c0   0x0802c9c0   0x0000005c   Code   RO         8044    i.prvInsertBlockIntoFreeList  heap_4.o
    0x0802ca1c   0x0802ca1c   0x00000048   Code   RO         7461    i.prvInsertTimerInActiveList  timers.o
    0x0802ca64   0x0802ca64   0x0000001a   Code   RO         6681    i.prvIsQueueEmpty   queue.o
    0x0802ca7e   0x0802ca7e   0x0000001e   Code   RO         6682    i.prvIsQueueFull    queue.o
    0x0802ca9c   0x0802ca9c   0x0000005c   Code   RO         7462    i.prvProcessExpiredTimer  timers.o
    0x0802caf8   0x0802caf8   0x000000d8   Code   RO         7463    i.prvProcessReceivedCommands  timers.o
    0x0802cbd0   0x0802cbd0   0x0000006c   Code   RO         7464    i.prvProcessTimerOrBlockTask  timers.o
    0x0802cc3c   0x0802cc3c   0x00000024   Code   RO         7090    i.prvResetNextTaskUnblockTime  tasks.o
    0x0802cc60   0x0802cc60   0x0000002c   Code   RO         7465    i.prvSampleTimeNow  timers.o
    0x0802cc8c   0x0802cc8c   0x00000074   Code   RO         7466    i.prvSwitchTimerLists  timers.o
    0x0802cd00   0x0802cd00   0x00000030   Code   RO         8094    i.prvTaskExitError  port.o
    0x0802cd30   0x0802cd30   0x00000014   Code   RO         7467    i.prvTimerTask      timers.o
    0x0802cd44   0x0802cd44   0x00000068   Code   RO         6683    i.prvUnlockQueue    queue.o
    0x0802cdac   0x0802cdac   0x000000e4   Code   RO         8045    i.pvPortMalloc      heap_4.o
    0x0802ce90   0x0802ce90   0x00000018   Code   RO         7093    i.pvTaskIncrementMutexHeldCount  tasks.o
    0x0802cea8   0x0802cea8   0x0000002c   Code   RO         8095    i.pxPortInitialiseStack  port.o
    0x0802ced4   0x0802ced4   0x00000040   Code   RO          457    i.reply_complete_iap  rxdbufprocesstask.o
    0x0802cf14   0x0802cf14   0x00000040   Code   RO          458    i.reply_requie_contioue_iap  rxdbufprocesstask.o
    0x0802cf54   0x0802cf54   0x00000034   Code   RO          459    i.reply_requie_contioue_iap_data  rxdbufprocesstask.o
    0x0802cf88   0x0802cf88   0x00000040   Code   RO          462    i.reply_shut_iap    rxdbufprocesstask.o
    0x0802cfc8   0x0802cfc8   0x00000034   Code   RO          463    i.reply_stop_iap_data  rxdbufprocesstask.o
    0x0802cffc   0x0802cffc   0x000001bc   Code   RO          256    i.rule_check        dataemutask.o
    0x0802d1b8   0x0802d1b8   0x00000030   Code   RO         1570    i.saveConfig        bsp_flash.o
    0x0802d1e8   0x0802d1e8   0x00000024   Code   RO         1094    i.software_reset    main.o
    0x0802d20c   0x0802d20c   0x0000006e   Code   RO         9062    i.sqrt              m_wm.l(sqrt.o)
    0x0802d27a   0x0802d27a   0x00000002   PAD
    0x0802d27c   0x0802d27c   0x0000002c   Code   RO          464    i.sumofRxdBuf       rxdbufprocesstask.o
    0x0802d2a8   0x0802d2a8   0x00000074   Code   RO          465    i.test_rtc          rxdbufprocesstask.o
    0x0802d31c   0x0802d31c   0x00000026   Code   RO         6639    i.uxListRemove      list.o
    0x0802d342   0x0802d342   0x00000002   PAD
    0x0802d344   0x0802d344   0x00000014   Code   RO         7685    i.vApplicationGetIdleTaskMemory  cmsis_os2.o
    0x0802d358   0x0802d358   0x00000018   Code   RO         7686    i.vApplicationGetTimerTaskMemory  cmsis_os2.o
    0x0802d370   0x0802d370   0x00000016   Code   RO         6640    i.vListInitialise   list.o
    0x0802d386   0x0802d386   0x00000006   Code   RO         6641    i.vListInitialiseItem  list.o
    0x0802d38c   0x0802d38c   0x00000036   Code   RO         6642    i.vListInsert       list.o
    0x0802d3c2   0x0802d3c2   0x00000018   Code   RO         6643    i.vListInsertEnd    list.o
    0x0802d3da   0x0802d3da   0x00000002   PAD
    0x0802d3dc   0x0802d3dc   0x00000040   Code   RO         8097    i.vPortEnterCritical  port.o
    0x0802d41c   0x0802d41c   0x0000002c   Code   RO         8098    i.vPortExitCritical  port.o
    0x0802d448   0x0802d448   0x0000005c   Code   RO         8046    i.vPortFree         heap_4.o
    0x0802d4a4   0x0802d4a4   0x00000048   Code   RO         8099    i.vPortSetupTimerInterrupt  port.o
    0x0802d4ec   0x0802d4ec   0x000000f8   Code   RO         8100    i.vPortSuppressTicksAndSleep  port.o
    0x0802d5e4   0x0802d5e4   0x00000054   Code   RO         8101    i.vPortValidateInterruptPriority  port.o
    0x0802d638   0x0802d638   0x00000028   Code   RO         6689    i.vQueueAddToRegistry  queue.o
    0x0802d660   0x0802d660   0x00000032   Code   RO         6690    i.vQueueDelete      queue.o
    0x0802d692   0x0802d692   0x00000002   PAD
    0x0802d694   0x0802d694   0x00000028   Code   RO         6692    i.vQueueUnregisterQueue  queue.o
    0x0802d6bc   0x0802d6bc   0x0000004a   Code   RO         6693    i.vQueueWaitForMessageRestricted  queue.o
    0x0802d706   0x0802d706   0x00000002   PAD
    0x0802d708   0x0802d708   0x00000050   Code   RO         7102    i.vTaskDelay        tasks.o
    0x0802d758   0x0802d758   0x00000010   Code   RO         7107    i.vTaskInternalSetTimeOutState  tasks.o
    0x0802d768   0x0802d768   0x0000000c   Code   RO         7108    i.vTaskMissedYield  tasks.o
    0x0802d774   0x0802d774   0x00000034   Code   RO         7110    i.vTaskPlaceOnEventList  tasks.o
    0x0802d7a8   0x0802d7a8   0x0000003c   Code   RO         7111    i.vTaskPlaceOnEventListRestricted  tasks.o
    0x0802d7e4   0x0802d7e4   0x00000094   Code   RO         7113    i.vTaskPriorityDisinheritAfterTimeout  tasks.o
    0x0802d878   0x0802d878   0x00000090   Code   RO         7119    i.vTaskStartScheduler  tasks.o
    0x0802d908   0x0802d908   0x00000028   Code   RO         7120    i.vTaskStepTick     tasks.o
    0x0802d930   0x0802d930   0x0000009c   Code   RO         7121    i.vTaskSuspend      tasks.o
    0x0802d9cc   0x0802d9cc   0x00000010   Code   RO         7122    i.vTaskSuspendAll   tasks.o
    0x0802d9dc   0x0802d9dc   0x0000006c   Code   RO         7123    i.vTaskSwitchContext  tasks.o
    0x0802da48   0x0802da48   0x00000104   Code   RO         8102    i.xPortStartScheduler  port.o
    0x0802db4c   0x0802db4c   0x0000003c   Code   RO         6694    i.xQueueCreateCountingSemaphore  queue.o
    0x0802db88   0x0802db88   0x00000042   Code   RO         6695    i.xQueueCreateCountingSemaphoreStatic  queue.o
    0x0802dbca   0x0802dbca   0x0000004a   Code   RO         6698    i.xQueueGenericCreate  queue.o
    0x0802dc14   0x0802dc14   0x00000070   Code   RO         6699    i.xQueueGenericCreateStatic  queue.o
    0x0802dc84   0x0802dc84   0x00000090   Code   RO         6700    i.xQueueGenericReset  queue.o
    0x0802dd14   0x0802dd14   0x00000170   Code   RO         6701    i.xQueueGenericSend  queue.o
    0x0802de84   0x0802de84   0x000000bc   Code   RO         6702    i.xQueueGenericSendFromISR  queue.o
    0x0802df40   0x0802df40   0x000000a0   Code   RO         6705    i.xQueueGiveFromISR  queue.o
    0x0802dfe0   0x0802dfe0   0x00000148   Code   RO         6711    i.xQueueReceive     queue.o
    0x0802e128   0x0802e128   0x0000009a   Code   RO         6712    i.xQueueReceiveFromISR  queue.o
    0x0802e1c2   0x0802e1c2   0x00000002   PAD
    0x0802e1c4   0x0802e1c4   0x00000184   Code   RO         6713    i.xQueueSemaphoreTake  queue.o
    0x0802e348   0x0802e348   0x00000080   Code   RO         7124    i.xTaskCheckForTimeOut  tasks.o
    0x0802e3c8   0x0802e3c8   0x00000072   Code   RO         7125    i.xTaskCreate       tasks.o
    0x0802e43a   0x0802e43a   0x00000060   Code   RO         7126    i.xTaskCreateStatic  tasks.o
    0x0802e49a   0x0802e49a   0x00000002   PAD
    0x0802e49c   0x0802e49c   0x0000001c   Code   RO         7130    i.xTaskGetSchedulerState  tasks.o
    0x0802e4b8   0x0802e4b8   0x0000000c   Code   RO         7131    i.xTaskGetTickCount  tasks.o
    0x0802e4c4   0x0802e4c4   0x000000cc   Code   RO         7133    i.xTaskIncrementTick  tasks.o
    0x0802e590   0x0802e590   0x00000080   Code   RO         7136    i.xTaskPriorityDisinherit  tasks.o
    0x0802e610   0x0802e610   0x00000080   Code   RO         7137    i.xTaskPriorityInherit  tasks.o
    0x0802e690   0x0802e690   0x0000007c   Code   RO         7138    i.xTaskRemoveFromEventList  tasks.o
    0x0802e70c   0x0802e70c   0x000000cc   Code   RO         7139    i.xTaskResumeAll    tasks.o
    0x0802e7d8   0x0802e7d8   0x00000068   Code   RO         7474    i.xTimerCreateTimerTask  timers.o
    0x0802e840   0x0802e840   0x00000074   Code   RO         7475    i.xTimerGenericCommand  timers.o
    0x0802e8b4   0x0802e8b4   0x00000020   Data   RO            8    .constdata          dateprocesstask.o
    0x0802e8d4   0x0802e8d4   0x000000c8   Data   RO          265    .constdata          dataemutask.o
    0x0802e99c   0x0802e99c   0x00000108   Data   RO         1098    .constdata          main.o
    0x0802eaa4   0x0802eaa4   0x00000018   Data   RO         1264    .constdata          bsp_spi_ad7682.o
    0x0802eabc   0x0802eabc   0x00000018   Data   RO         1265    .constdata          bsp_spi_ad7682.o
    0x0802ead4   0x0802ead4   0x0000001a   Data   RO         1380    .constdata          bsp_cpu_rtc.o
    0x0802eaee   0x0802eaee   0x00000002   PAD
    0x0802eaf0   0x0802eaf0   0x00000040   Data   RO         6477    .constdata          system_stm32l4xx.o
    0x0802eb30   0x0802eb30   0x00000008   Data   RO         6478    .constdata          system_stm32l4xx.o
    0x0802eb38   0x0802eb38   0x00000010   Data   RO         8430    .constdata          segger_rtt_printf.o
    0x0802eb48   0x0802eb48   0x00000088   Data   RO         8720    .constdata          m_wm.l(pow.o)
    0x0802ebd0   0x0802ebd0   0x00000008   Data   RO         9059    .constdata          m_wm.l(qnan.o)
    0x0802ebd8   0x0802ebd8   0x0000005d   Data   RO         1099    .conststring        main.o
    0x0802ec35   0x0802ec35   0x00000001   PAD
    0x0802ec36   0x0802ec36   0x00000e10   Data   RO         8657    .rodata.armBitRevIndexTable1024  arm_cortexM4lf_math.lib(arm_common_tables.o)
    0x0802fa46   0x0802fa46   0x000001a0   Data   RO         8654    .rodata.armBitRevIndexTable128  arm_cortexM4lf_math.lib(arm_common_tables.o)
    0x0802fbe6   0x0802fbe6   0x00000028   Data   RO         8651    .rodata.armBitRevIndexTable16  arm_cortexM4lf_math.lib(arm_common_tables.o)
    0x0802fc0e   0x0802fc0e   0x00001dc0   Data   RO         8658    .rodata.armBitRevIndexTable2048  arm_cortexM4lf_math.lib(arm_common_tables.o)
    0x080319ce   0x080319ce   0x00000370   Data   RO         8655    .rodata.armBitRevIndexTable256  arm_cortexM4lf_math.lib(arm_common_tables.o)
    0x08031d3e   0x08031d3e   0x00000060   Data   RO         8652    .rodata.armBitRevIndexTable32  arm_cortexM4lf_math.lib(arm_common_tables.o)
    0x08031d9e   0x08031d9e   0x00001f80   Data   RO         8659    .rodata.armBitRevIndexTable4096  arm_cortexM4lf_math.lib(arm_common_tables.o)
    0x08033d1e   0x08033d1e   0x00000380   Data   RO         8656    .rodata.armBitRevIndexTable512  arm_cortexM4lf_math.lib(arm_common_tables.o)
    0x0803409e   0x0803409e   0x00000070   Data   RO         8653    .rodata.armBitRevIndexTable64  arm_cortexM4lf_math.lib(arm_common_tables.o)
    0x0803410e   0x0803410e   0x00000002   PAD
    0x08034110   0x08034110   0x00000010   Data   RO         8547    .rodata.arm_cfft_sR_f32_len1024  arm_cortexM4lf_math.lib(arm_const_structs.o)
    0x08034120   0x08034120   0x00000010   Data   RO         8544    .rodata.arm_cfft_sR_f32_len128  arm_cortexM4lf_math.lib(arm_const_structs.o)
    0x08034130   0x08034130   0x00000010   Data   RO         8541    .rodata.arm_cfft_sR_f32_len16  arm_cortexM4lf_math.lib(arm_const_structs.o)
    0x08034140   0x08034140   0x00000010   Data   RO         8548    .rodata.arm_cfft_sR_f32_len2048  arm_cortexM4lf_math.lib(arm_const_structs.o)
    0x08034150   0x08034150   0x00000010   Data   RO         8545    .rodata.arm_cfft_sR_f32_len256  arm_cortexM4lf_math.lib(arm_const_structs.o)
    0x08034160   0x08034160   0x00000010   Data   RO         8542    .rodata.arm_cfft_sR_f32_len32  arm_cortexM4lf_math.lib(arm_const_structs.o)
    0x08034170   0x08034170   0x00000010   Data   RO         8549    .rodata.arm_cfft_sR_f32_len4096  arm_cortexM4lf_math.lib(arm_const_structs.o)
    0x08034180   0x08034180   0x00000010   Data   RO         8546    .rodata.arm_cfft_sR_f32_len512  arm_cortexM4lf_math.lib(arm_const_structs.o)
    0x08034190   0x08034190   0x00000010   Data   RO         8543    .rodata.arm_cfft_sR_f32_len64  arm_cortexM4lf_math.lib(arm_const_structs.o)
    0x080341a0   0x080341a0   0x00002000   Data   RO         8630    .rodata.twiddleCoef_1024  arm_cortexM4lf_math.lib(arm_common_tables.o)
    0x080361a0   0x080361a0   0x00000400   Data   RO         8627    .rodata.twiddleCoef_128  arm_cortexM4lf_math.lib(arm_common_tables.o)
    0x080365a0   0x080365a0   0x00000080   Data   RO         8624    .rodata.twiddleCoef_16  arm_cortexM4lf_math.lib(arm_common_tables.o)
    0x08036620   0x08036620   0x00004000   Data   RO         8631    .rodata.twiddleCoef_2048  arm_cortexM4lf_math.lib(arm_common_tables.o)
    0x0803a620   0x0803a620   0x00000800   Data   RO         8628    .rodata.twiddleCoef_256  arm_cortexM4lf_math.lib(arm_common_tables.o)
    0x0803ae20   0x0803ae20   0x00000100   Data   RO         8625    .rodata.twiddleCoef_32  arm_cortexM4lf_math.lib(arm_common_tables.o)
    0x0803af20   0x0803af20   0x00008000   Data   RO         8632    .rodata.twiddleCoef_4096  arm_cortexM4lf_math.lib(arm_common_tables.o)
    0x08042f20   0x08042f20   0x00001000   Data   RO         8629    .rodata.twiddleCoef_512  arm_cortexM4lf_math.lib(arm_common_tables.o)
    0x08043f20   0x08043f20   0x00000200   Data   RO         8626    .rodata.twiddleCoef_64  arm_cortexM4lf_math.lib(arm_common_tables.o)
    0x08044120   0x08044120   0x00000020   Data   RO         9131    Region$$Table       anon$$obj.o


    Execution Region RW_IRAM1 (Exec base: 0x20000000, Load base: 0x08044140, Size: 0x00085ac0, Max: 0x000a0000, ABSOLUTE, COMPRESSED[0x00000114])

    Exec Addr    Load Addr    Size         Type   Attr      Idx    E Section Name        Object

    0x20000000   COMPRESSED   0x00000014   Data   RW           10    .data               dateprocesstask.o
    0x20000014   COMPRESSED   0x0000002c   Data   RW          272    .data               dataemutask.o
    0x20000040   COMPRESSED   0x0000002c   Data   RW          468    .data               rxdbufprocesstask.o
    0x2000006c   COMPRESSED   0x00000004   Data   RW          819    .data               nettask.o
    0x20000070   COMPRESSED   0x00000001   Data   RW          861    .data               esp32processtask.o
    0x20000071   COMPRESSED   0x00000007   PAD
    0x20000078   COMPRESSED   0x00000c30   Data   RW         1100    .data               main.o
    0x20000ca8   COMPRESSED   0x00000010   Data   RW         1269    .data               bsp_spi_ad7682.o
    0x20000cb8   COMPRESSED   0x00000008   Data   RW         1381    .data               bsp_cpu_rtc.o
    0x20000cc0   COMPRESSED   0x00000006   Data   RW         1461    .data               bsp_esp32.o
    0x20000cc6   COMPRESSED   0x00000002   PAD
    0x20000cc8   COMPRESSED   0x00000018   Data   RW         1572    .data               bsp_flash.o
    0x20000ce0   COMPRESSED   0x00000010   Data   RW         1675    .data               bsp_lmt01.o
    0x20000cf0   COMPRESSED   0x0000000c   Data   RW         3215    .data               stm32l4xx_hal.o
    0x20000cfc   COMPRESSED   0x00000020   Data   RW         4240    .data               stm32l4xx_hal_flash.o
    0x20000d1c   COMPRESSED   0x00000004   Data   RW         6479    .data               system_stm32l4xx.o
    0x20000d20   COMPRESSED   0x0000003c   Data   RW         7142    .data               tasks.o
    0x20000d5c   COMPRESSED   0x00000014   Data   RW         7483    .data               timers.o
    0x20000d70   COMPRESSED   0x00000004   Data   RW         7688    .data               cmsis_os2.o
    0x20000d74   COMPRESSED   0x00000018   Data   RW         8051    .data               heap_4.o
    0x20000d8c   COMPRESSED   0x00000018   Data   RW         8103    .data               port.o
    0x20000da4   COMPRESSED   0x00000004   Data   RW         9098    .data               mc_w.l(errno.o)
    0x20000da8        -       0x00038110   Zero   RW            7    .bss                dateprocesstask.o
    0x20038eb8        -       0x000289ac   Zero   RW          264    .bss                dataemutask.o
    0x20061864        -       0x000022c0   Zero   RW          466    .bss                rxdbufprocesstask.o
    0x20063b24        -       0x00000040   Zero   RW         1049    .bss                stm32l4xx_hal_timebase_tim.o
    0x20063b64   COMPRESSED   0x00000004   PAD
    0x20063b68        -       0x00000da8   Zero   RW         1095    .bss                main.o
    0x20064910        -       0x00000050   Zero   RW         1097    .bss                main.o
    0x20064960        -       0x000010f4   Zero   RW         1263    .bss                bsp_spi_ad7682.o
    0x20065a54        -       0x00000024   Zero   RW         1378    .bss                bsp_cpu_rtc.o
    0x20065a78        -       0x00010ae0   Zero   RW         1459    .bss                bsp_esp32.o
    0x20076558        -       0x00000010   Zero   RW         1571    .bss                bsp_flash.o
    0x20076568        -       0x00000040   Zero   RW         1674    .bss                bsp_lmt01.o
    0x200765a8        -       0x0000c02c   Zero   RW         1741    .bss                double_integral.o
    0x200825d4        -       0x00000040   Zero   RW         6715    .bss                queue.o
    0x20082614        -       0x000004c4   Zero   RW         7141    .bss                tasks.o
    0x20082ad8        -       0x00000118   Zero   RW         7482    .bss                timers.o
    0x20082bf0        -       0x000006b8   Zero   RW         7687    .bss                cmsis_os2.o
    0x200832a8        -       0x00001f40   Zero   RW         8050    .bss                heap_4.o
    0x200851e8        -       0x0000001e   Zero   RW         8177    .bss                version.o
    0x20085206   COMPRESSED   0x00000002   PAD
    0x20085208        -       0x000004b8   Zero   RW         8262    .bss                segger_rtt.o
    0x200856c0        -       0x00000400   Zero   RW         6510    STACK               startup_stm32l4r9xx.o


==============================================================================

Image component sizes


      Code (inc. data)   RO Data    RW Data    ZI Data      Debug   Object Name

       112         12          0          0          0       1263   bsp.o
       800         62         26          8         36       6010   bsp_cpu_rtc.o
      1608        156          0          6      68320      10285   bsp_esp32.o
       542         62          0         24         16       6695   bsp_flash.o
       102          4          0          0          0       1288   bsp_kx220.o
       104         12          0          0          0       1850   bsp_led.o
       490         82          0         16         64       4656   bsp_lmt01.o
       828        104         48         16       4340       6941   bsp_spi_ad7682.o
       960         64          0          4       1720      23047   cmsis_os2.o
      2908        292        200         44     166316      25021   dataemutask.o
      1200        106         32         20     229648    1127453   dateprocesstask.o
      1368         74          0          0      49196      16975   double_integral.o
       648        186          0          1          0       3391   esp32processtask.o
         0          0          0          0          0      18464   event_groups.o
         0          0          0          0          0       2616   freertos.o
       492         32          0         24       8000       4855   heap_4.o
       144          0          0          0          0       3510   list.o
      1428        136        357       3120       3576      48073   main.o
       152         76          0          4          0       1586   nettask.o
      1130        100          0         24          0      12790   port.o
      2606         34          0          0         64      27280   queue.o
      6958        822          0         44       8896      40846   rxdbufprocesstask.o
       454         36          0          0       1208       8302   segger_rtt.o
      1014          6         16          0          0       6213   segger_rtt_printf.o
        36          8        444          0       1024        792   startup_stm32l4r9xx.o
        98         16          0         12          0       3526   stm32l4xx_hal.o
       204         12          0          0          0      33476   stm32l4xx_hal_cortex.o
       900         52          0          0          0       5714   stm32l4xx_hal_dma.o
       466         48          0         32          0      23482   stm32l4xx_hal_flash.o
       484         26          0          0          0       3266   stm32l4xx_hal_flash_ex.o
       602         22          0          0          0       4301   stm32l4xx_hal_gpio.o
       184         14          0          0          0       2035   stm32l4xx_hal_msp.o
        52         12          0          0          0       1074   stm32l4xx_hal_pwr.o
       264         18          0          0          0       1546   stm32l4xx_hal_pwr_ex.o
      2724        124          0          0          0      10141   stm32l4xx_hal_rcc.o
      2008         44          0          0          0       4440   stm32l4xx_hal_rcc_ex.o
       954         14          0          0          0       8121   stm32l4xx_hal_rtc.o
       482         14          0          0          0       5370   stm32l4xx_hal_rtc_ex.o
      1504         20          0          0          0      12008   stm32l4xx_hal_spi.o
      1096         36          0          0          0      10186   stm32l4xx_hal_tim.o
       110          0          0          0          0       3072   stm32l4xx_hal_tim_ex.o
       156         28          0          0         64       2366   stm32l4xx_hal_timebase_tim.o
      5246         84          0          0          0      19656   stm32l4xx_hal_uart.o
       340         16          0          0          0       5430   stm32l4xx_hal_uart_ex.o
        24          6          0          0          0       3099   stm32l4xx_it.o
         0          0          0          0          0       8768   stream_buffer.o
        72         14         72          4          0       1177   system_stm32l4xx.o
      2864        256          0         60       1220      30528   tasks.o
      1016         96          0         20        280      26887   timers.o
        44         16          0          0         30       1050   version.o

    ----------------------------------------------------------------------
     48052       3454       1230       3492     544024    1640921   Object Totals
         0          0         32          0          0          0   (incl. Generated)
        74          0          3          9          6          0   (incl. Padding)

    ----------------------------------------------------------------------

      Code (inc. data)   RO Data    RW Data    ZI Data      Debug   Library Member Name

       110          0          0          0          0        948   arm_abs_f32.o
       392          0          0          0          0       2351   arm_biquad_cascade_df1_f32.o
        22          0          0          0          0       1071   arm_biquad_cascade_df1_init_f32.o
        64          0          0          0          0       1216   arm_bitreversal2.o
      1708          0          0          0          0       6287   arm_cfft_f32.o
      1466          8          0          0          0       5155   arm_cfft_radix8_f32.o
         0          0      87128          0          0       4961   arm_common_tables.o
         0          0        144          0          0       3830   arm_const_structs.o
       206          0          0          0          0       1173   arm_max_f32.o
       132          4          0          0          0       1006   arm_mean_f32.o
       192          4          0          0          0       1627   arm_rms_f32.o
       164         44          0          0          0        620   dunder.o
        24          0          0          0          0        124   fabs.o
        48          0          0          0          0        124   fpclassify.o
       248          0          0          0          0        152   poly.o
      3200        296        136          0          0        352   pow.o
         0          0          8          0          0          0   qnan.o
       224         30          0          0          0        172   round.o
       110          0          0          0          0        148   sqrt.o
        58          0          0          0          0        136   sqrtf.o
        86          0          0          0          0          0   __dczerorl2.o
         0          0          0          0          0          0   entry.o
         0          0          0          0          0          0   entry10a.o
         0          0          0          0          0          0   entry11a.o
         8          4          0          0          0          0   entry2.o
         4          0          0          0          0          0   entry5.o
         0          0          0          0          0          0   entry7b.o
         0          0          0          0          0          0   entry8b.o
         8          4          0          0          0          0   entry9a.o
        12          6          0          4          0         68   errno.o
        30          0          0          0          0          0   handlers.o
        36          8          0          0          0         68   init.o
         0          0          0          0          0          0   iusefp.o
        30          0          0          0          0         68   llshl.o
        36          0          0          0          0         68   llsshr.o
        32          0          0          0          0         68   llushr.o
        36          0          0          0          0         68   memcpya.o
        36          0          0          0          0        108   memseta.o
       416          8          0          0          0        252   printf1.o
        14          0          0          0          0         68   strlen.o
        44          0          0          0          0         80   uidiv.o
       104          0          0          0          0         92   uldiv.o
        48          0          0          0          0         68   cdcmple.o
        48          0          0          0          0         68   cdrcmple.o
        56          0          0          0          0         88   d2f.o
       350          0          0          0          0        148   dadd.o
       222          0          0          0          0        100   ddiv.o
       186          0          0          0          0        176   depilogue.o
        50          0          0          0          0         76   dfixui.o
        34          0          0          0          0         76   dflti.o
        26          0          0          0          0         76   dfltui.o
       234          0          0          0          0         96   dmul.o
       136          4          0          0          0         92   drnd.o
        46          0          0          0          0         80   dscalb.o
       162          0          0          0          0        100   dsqrt.o
        38          0          0          0          0         68   f2d.o
       110          0          0          0          0        168   fepilogue.o

    ----------------------------------------------------------------------
     11076        420      87418          4          0      33941   Library Totals
        30          0          2          0          0          0   (incl. Padding)

    ----------------------------------------------------------------------

      Code (inc. data)   RO Data    RW Data    ZI Data      Debug   Library Name

      4292         16      87272          0          0      29625   arm_cortexM4lf_math.lib
      4076        370        144          0          0       1828   m_wm.l
       932         30          0          4          0       1008   mc_w.l
      1746          4          0          0          0       1480   mf_w.l

    ----------------------------------------------------------------------
     11076        420      87418          4          0      33941   Library Totals

    ----------------------------------------------------------------------

==============================================================================


      Code (inc. data)   RO Data    RW Data    ZI Data      Debug   

     59128       3874      88648       3496     544024    1635018   Grand Totals
     59128       3874      88648        276     544024    1635018   ELF Image Totals (compressed)
     59128       3874      88648        276          0          0   ROM Totals

==============================================================================

    Total RO  Size (Code + RO Data)               147776 ( 144.31kB)
    Total RW  Size (RW Data + ZI Data)            547520 ( 534.69kB)
    Total ROM Size (Code + RO Data + RW Data)     148052 ( 144.58kB)

==============================================================================

